Archive member included because of file (symbol)

c:/programdata/matlab/supportpackages/r2020b/3p.instrset/arduinoide.instrset/tools/arm-none-eabi-gcc/4.8.3-2014q1/bin/../lib/gcc/arm-none-eabi/4.8.3/../../../../arm-none-eabi/lib/armv6-m\libm.a(lib_a-s_ceil.o)
                              untitled.o (ceil)
c:/programdata/matlab/supportpackages/r2020b/3p.instrset/arduinoide.instrset/tools/arm-none-eabi-gcc/4.8.3-2014q1/bin/../lib/gcc/arm-none-eabi/4.8.3/../../../../arm-none-eabi/lib/armv6-m\libm.a(lib_a-s_floor.o)
                              untitled.o (floor)
c:/programdata/matlab/supportpackages/r2020b/3p.instrset/arduinoide.instrset/tools/arm-none-eabi-gcc/4.8.3-2014q1/bin/../lib/gcc/arm-none-eabi/4.8.3/../../../../arm-none-eabi/lib/armv6-m\libm.a(lib_a-w_fmod.o)
                              xcp_ext_common.o (fmod)
c:/programdata/matlab/supportpackages/r2020b/3p.instrset/arduinoide.instrset/tools/arm-none-eabi-gcc/4.8.3-2014q1/bin/../lib/gcc/arm-none-eabi/4.8.3/../../../../arm-none-eabi/lib/armv6-m\libm.a(lib_a-e_fmod.o)
                              c:/programdata/matlab/supportpackages/r2020b/3p.instrset/arduinoide.instrset/tools/arm-none-eabi-gcc/4.8.3-2014q1/bin/../lib/gcc/arm-none-eabi/4.8.3/../../../../arm-none-eabi/lib/armv6-m\libm.a(lib_a-w_fmod.o) (__ieee754_fmod)
c:/programdata/matlab/supportpackages/r2020b/3p.instrset/arduinoide.instrset/tools/arm-none-eabi-gcc/4.8.3-2014q1/bin/../lib/gcc/arm-none-eabi/4.8.3/../../../../arm-none-eabi/lib/armv6-m\libm.a(lib_a-s_fpclassify.o)
                              c:/programdata/matlab/supportpackages/r2020b/3p.instrset/arduinoide.instrset/tools/arm-none-eabi-gcc/4.8.3-2014q1/bin/../lib/gcc/arm-none-eabi/4.8.3/../../../../arm-none-eabi/lib/armv6-m\libm.a(lib_a-w_fmod.o) (__fpclassifyd)
c:/programdata/matlab/supportpackages/r2020b/3p.instrset/arduinoide.instrset/tools/arm-none-eabi-gcc/4.8.3-2014q1/bin/../lib/gcc/arm-none-eabi/4.8.3/../../../../arm-none-eabi/lib/armv6-m\libm.a(lib_a-s_lib_ver.o)
                              c:/programdata/matlab/supportpackages/r2020b/3p.instrset/arduinoide.instrset/tools/arm-none-eabi-gcc/4.8.3-2014q1/bin/../lib/gcc/arm-none-eabi/4.8.3/../../../../arm-none-eabi/lib/armv6-m\libm.a(lib_a-w_fmod.o) (__fdlib_version)
c:/programdata/matlab/supportpackages/r2020b/3p.instrset/arduinoide.instrset/tools/arm-none-eabi-gcc/4.8.3-2014q1/bin/../lib/gcc/arm-none-eabi/4.8.3/../../../../arm-none-eabi/lib/armv6-m\libm.a(lib_a-s_matherr.o)
                              c:/programdata/matlab/supportpackages/r2020b/3p.instrset/arduinoide.instrset/tools/arm-none-eabi-gcc/4.8.3-2014q1/bin/../lib/gcc/arm-none-eabi/4.8.3/../../../../arm-none-eabi/lib/armv6-m\libm.a(lib_a-w_fmod.o) (matherr)
C:/Users/Ege/DOCUME~1/MATLAB/R2020b/ARDUIN~1/ARDUIN~1/FASTER~2\libcore.a(cortex_handlers.o)
                              (Reset_Handler)
C:/Users/Ege/DOCUME~1/MATLAB/R2020b/ARDUIN~1/ARDUIN~1/FASTER~2\libcore.a(hooks.o)
                              C:/Users/Ege/DOCUME~1/MATLAB/R2020b/ARDUIN~1/ARDUIN~1/FASTER~2\libcore.a(cortex_handlers.o) (sysTickHook)
C:/Users/Ege/DOCUME~1/MATLAB/R2020b/ARDUIN~1/ARDUIN~1/FASTER~2\libcore.a(delay.o)
                              io_wrappers.o (millis)
C:/Users/Ege/DOCUME~1/MATLAB/R2020b/ARDUIN~1/ARDUIN~1/FASTER~2\libcore.a(startup.o)
                              C:/Users/Ege/DOCUME~1/MATLAB/R2020b/ARDUIN~1/ARDUIN~1/FASTER~2\libcore.a(cortex_handlers.o) (SystemInit)
C:/Users/Ege/DOCUME~1/MATLAB/R2020b/ARDUIN~1/ARDUIN~1/FASTER~2\libcore.a(wiring.o)
                              ert_main.o (init)
C:/Users/Ege/DOCUME~1/MATLAB/R2020b/ARDUIN~1/ARDUIN~1/FASTER~2\libcore.a(wiring_analog.o)
                              C:/Users/Ege/DOCUME~1/MATLAB/R2020b/ARDUIN~1/ARDUIN~1/FASTER~2\libcore.a(wiring.o) (analogReference)
C:/Users/Ege/DOCUME~1/MATLAB/R2020b/ARDUIN~1/ARDUIN~1/FASTER~2\libcore.a(wiring_digital.o)
                              MW_arduino_digitalio.o (pinMode)
C:/Users/Ege/DOCUME~1/MATLAB/R2020b/ARDUIN~1/ARDUIN~1/FASTER~2\libcore.a(wiring_private.o)
                              C:/Users/Ege/DOCUME~1/MATLAB/R2020b/ARDUIN~1/ARDUIN~1/FASTER~2\libcore.a(wiring_analog.o) (pinPeripheral)
C:/Users/Ege/DOCUME~1/MATLAB/R2020b/ARDUIN~1/ARDUIN~1/FASTER~2\libcore.a(Reset.o)
                              C:/Users/Ege/DOCUME~1/MATLAB/R2020b/ARDUIN~1/ARDUIN~1/FASTER~2\libcore.a(delay.o) (tickReset)
C:/Users/Ege/DOCUME~1/MATLAB/R2020b/ARDUIN~1/ARDUIN~1/FASTER~2\libcore.a(Uart.o)
                              io_wrappers.o (Uart::begin(unsigned long))
C:/Users/Ege/DOCUME~1/MATLAB/R2020b/ARDUIN~1/ARDUIN~1/FASTER~2\libcore.a(CDC.o)
                              rtiostream_serial_daemon.o (Serial_::available())
C:/Users/Ege/DOCUME~1/MATLAB/R2020b/ARDUIN~1/ARDUIN~1/FASTER~2\libcore.a(PluggableUSB.o)
                              C:/Users/Ege/DOCUME~1/MATLAB/R2020b/ARDUIN~1/ARDUIN~1/FASTER~2\libcore.a(CDC.o) (PluggableUSB_::plug(PluggableUSBModule*))
C:/Users/Ege/DOCUME~1/MATLAB/R2020b/ARDUIN~1/ARDUIN~1/FASTER~2\libcore.a(USBCore.o)
[...]
Memory Configuration

Name             Origin             Length             Attributes
FLASH            0x00002000         0x0003e000         xr
RAM              0x20000000         0x00008000         xrw
*default*        0x00000000         0xffffffff

Linker script and memory map

LOAD c:/programdata/matlab/supportpackages/r2020b/3p.instrset/arduinoide.instrset/tools/arm-none-eabi-gcc/4.8.3-2014q1/bin/../lib/gcc/arm-none-eabi/4.8.3/armv6-m/crti.o
LOAD c:/programdata/matlab/supportpackages/r2020b/3p.instrset/arduinoide.instrset/tools/arm-none-eabi-gcc/4.8.3-2014q1/bin/../lib/gcc/arm-none-eabi/4.8.3/armv6-m/crtbegin.o
LOAD c:/programdata/matlab/supportpackages/r2020b/3p.instrset/arduinoide.instrset/tools/arm-none-eabi-gcc/4.8.3-2014q1/bin/../lib/gcc/arm-none-eabi/4.8.3/../../../../arm-none-eabi/lib/armv6-m/crt0.o
START GROUP
LOAD C:/ProgramData/MATLAB/SupportPackages/R2020b/3P.instrset/arduinoide.instrset/portable/packages/arduino/tools/CMSIS/4.5.0/CMSIS/Lib/GCC\libarm_cortexM0l_math.a
LOAD MW_arduino_digitalio.o
LOAD xcp_ext_work.o
LOAD untitled.o
LOAD untitled_data.o
LOAD xcp_ext_common.o
LOAD xcp_ext_classic_trigger.o
LOAD xcp.o
LOAD xcp_standard.o
LOAD xcp_daq.o
LOAD xcp_calibration.o
LOAD xcp_fifo.o
LOAD xcp_transport.o
LOAD xcp_mem_default.o
LOAD xcp_drv_rtiostream.o
LOAD xcp_frame_serial.o
LOAD xcp_ext_param_default_serial.o
LOAD MW_ArduinoHWInit.o
LOAD io_wrappers.o
LOAD arduinoARM_M0plusScheduler.o
LOAD m0m1m0plus_multitasking.o
LOAD rtiostream_serial_daemon.o
LOAD sys_arch.o
LOAD ert_main.o
LOAD C:/Users/Ege/DOCUME~1/MATLAB/R2020b/ARDUIN~1/ARDUIN~1/FASTER~2/MW_RebuildSrc_Core.o
END GROUP
LOAD c:/programdata/matlab/supportpackages/r2020b/3p.instrset/arduinoide.instrset/tools/arm-none-eabi-gcc/4.8.3-2014q1/bin/../lib/gcc/arm-none-eabi/4.8.3/../../../../arm-none-eabi/lib/armv6-m\libm.a
LOAD C:/Users/Ege/DOCUME~1/MATLAB/R2020b/ARDUIN~1/ARDUIN~1/FASTER~2\libcore.a
START GROUP
LOAD c:/programdata/matlab/supportpackages/r2020b/3p.instrset/arduinoide.instrset/tools/arm-none-eabi-gcc/4.8.3-2014q1/bin/../lib/gcc/arm-none-eabi/4.8.3/armv6-m\libgcc.a
LOAD c:/programdata/matlab/supportpackages/r2020b/3p.instrset/arduinoide.instrset/tools/arm-none-eabi-gcc/4.8.3-2014q1/bin/../lib/gcc/arm-none-eabi/4.8.3/../../../../arm-none-eabi/lib/armv6-m\libg_s.a
LOAD c:/programdata/matlab/supportpackages/r2020b/3p.instrset/arduinoide.instrset/tools/arm-none-eabi-gcc/4.8.3-2014q1/bin/../lib/gcc/arm-none-eabi/4.8.3/../../../../arm-none-eabi/lib/armv6-m\libc_s.a
END GROUP
START GROUP
LOAD c:/programdata/matlab/supportpackages/r2020b/3p.instrset/arduinoide.instrset/tools/arm-none-eabi-gcc/4.8.3-2014q1/bin/../lib/gcc/arm-none-eabi/4.8.3/armv6-m\libgcc.a
LOAD c:/programdata/matlab/supportpackages/r2020b/3p.instrset/arduinoide.instrset/tools/arm-none-eabi-gcc/4.8.3-2014q1/bin/../lib/gcc/arm-none-eabi/4.8.3/../../../../arm-none-eabi/lib/armv6-m\libc_s.a
LOAD c:/programdata/matlab/supportpackages/r2020b/3p.instrset/arduinoide.instrset/tools/arm-none-eabi-gcc/4.8.3-2014q1/bin/../lib/gcc/arm-none-eabi/4.8.3/../../../../arm-none-eabi/lib/armv6-m\libnosys.a
END GROUP
START GROUP
LOAD c:/programdata/matlab/supportpackages/r2020b/3p.instrset/arduinoide.instrset/tools/arm-none-eabi-gcc/4.8.3-2014q1/bin/../lib/gcc/arm-none-eabi/4.8.3/armv6-m\libgcc.a
LOAD c:/programdata/matlab/supportpackages/r2020b/3p.instrset/arduinoide.instrset/tools/arm-none-eabi-gcc/4.8.3-2014q1/bin/../lib/gcc/arm-none-eabi/4.8.3/../../../../arm-none-eabi/lib/armv6-m\libc_s.a
LOAD c:/programdata/matlab/supportpackages/r2020b/3p.instrset/arduinoide.instrset/tools/arm-none-eabi-gcc/4.8.3-2014q1/bin/../lib/gcc/arm-none-eabi/4.8.3/../../../../arm-none-eabi/lib/armv6-m\libnosys.a
END GROUP
LOAD c:/programdata/matlab/supportpackages/r2020b/3p.instrset/arduinoide.instrset/tools/arm-none-eabi-gcc/4.8.3-2014q1/bin/../lib/gcc/arm-none-eabi/4.8.3/armv6-m/crtend.o
LOAD c:/programdata/matlab/supportpackages/r2020b/3p.instrset/arduinoide.instrset/tools/arm-none-eabi-gcc/4.8.3-2014q1/bin/../lib/gcc/arm-none-eabi/4.8.3/armv6-m/crtn.o

.text           0x00002000     0x7a7c
                0x00002000                __text_start__ = .
 *(.isr_vector)
 .isr_vector    0x00002000       0xb4 C:/Users/Ege/DOCUME~1/MATLAB/R2020b/ARDUIN~1/ARDUIN~1/FASTER~2\libcore.a(cortex_handlers.o)
                0x00002000                exception_table
 *(.text*)
 .text          0x000020b4       0x60 c:/programdata/matlab/supportpackages/r2020b/3p.instrset/arduinoide.instrset/tools/arm-none-eabi-gcc/4.8.3-2014q1/bin/../lib/gcc/arm-none-eabi/4.8.3/armv6-m/crtbegin.o
 .text.digitalIOSetup
                0x00002114       0x12 MW_arduino_digitalio.o
                0x00002114                digitalIOSetup
 .text.writeDigitalPin
                0x00002126        0xe MW_arduino_digitalio.o
                0x00002126                writeDigitalPin
 .text.rtExtModeWaitForStartPkt
                0x00002134       0x78 xcp_ext_work.o
                0x00002134                rtExtModeWaitForStartPkt
 .text.rtExtModeOneStep
                0x000021ac       0x24 xcp_ext_work.o
                0x000021ac                rtExtModeOneStep
 .text.rtExtModeUpload
                0x000021d0       0x36 xcp_ext_work.o
                0x000021d0                rtExtModeUpload
 .text.rtExtModeCheckEndTrigger
                0x00002206        0x2 xcp_ext_work.o
                0x00002206                rtExtModeCheckEndTrigger
 .text.rtExtModeUploadCheckTrigger
                0x00002208        0x2 xcp_ext_work.o
                0x00002208                rtExtModeUploadCheckTrigger
 .text.rtExtModeCheckInit
                0x0000220a       0x16 xcp_ext_work.o
                0x0000220a                rtExtModeCheckInit
 .text.rtExtModeShutdown
                0x00002220        0xc xcp_ext_work.o
                0x00002220                rtExtModeShutdown
 *fill*         0x0000222c        0x4 
 .text.rtERTExtModeSetTFinal
                0x00002230       0x30 xcp_ext_work.o
                0x00002230                rtERTExtModeSetTFinal
 .text.rtSetTFinalForExtMode
                0x00002260        0x8 xcp_ext_work.o
                0x00002260                rtSetTFinalForExtMode
 .text.rtParseArgsForExtMode
                0x00002268        0x2 xcp_ext_work.o
                0x00002268                rtParseArgsForExtMode
 .text.rtERTExtModeStartMsg
                0x0000226a        0x2 xcp_ext_work.o
                0x0000226a                rtERTExtModeStartMsg
 *fill*         0x0000226c        0x4 
 .text.rt_roundd_snf
                0x00002270       0x90 untitled.o
                0x00002270                rt_roundd_snf
 .text.untitled_step
                0x00002300      0x150 untitled.o
                0x00002300                untitled_step
 .text.untitled_initialize
                0x00002450       0x90 untitled.o
                0x00002450                untitled_initialize
 .text.untitled_terminate
                0x000024e0       0x14 untitled.o
                0x000024e0                untitled_terminate
 *fill*         0x000024f4        0x4 
 .text.xcpExtModeUpdateTime
                0x000024f8       0xf0 xcp_ext_common.o
                0x000024f8                xcpExtModeUpdateTime
 .text.xcpExtModeGetUpdatedTimestamp
                0x000025e8       0x48 xcp_ext_common.o
                0x000025e8                xcpExtModeGetUpdatedTimestamp
 .text.xcpExtModeInit
                0x00002630       0x30 xcp_ext_common.o
                0x00002630                xcpExtModeInit
 .text.xcpExtModeRunBackground
                0x00002660       0x74 xcp_ext_common.o
                0x00002660                xcpExtModeRunBackground
 *fill*         0x000026d4        0x4 
 .text.xcpExtModeReset
                0x000026d8       0xb8 xcp_ext_common.o
                0x000026d8                xcpExtModeReset
 .text.xcpExtModeClassicTriggerInit
                0x00002790       0x58 xcp_ext_classic_trigger.o
                0x00002790                xcpExtModeClassicTriggerInit
 .text.xcpExtModeClassicTriggerEnabled
                0x000027e8      0x334 xcp_ext_classic_trigger.o
                0x000027e8                xcpExtModeClassicTriggerEnabled
 *fill*         0x00002b1c        0x4 
 .text.xcpExtModeClassicTriggerReset
                0x00002b20       0xb8 xcp_ext_classic_trigger.o
                0x00002b20                xcpExtModeClassicTriggerReset
 .text.unknownInputPacketHandler
                0x00002bd8        0xa xcp.o
 .text.discardInputPacketHandler
                0x00002be2       0x12 xcp.o
 .text.genericOutputPacketHandler
                0x00002bf4       0x58 xcp.o
                0x00002bf4                genericOutputPacketHandler
 .text.xcpStatusSet
                0x00002c4c        0xc xcp.o
                0x00002c4c                xcpStatusSet
 .text.xcpSessionStatusGet
                0x00002c58        0xc xcp.o
                0x00002c58                xcpSessionStatusGet
 .text.xcpSessionStatusSetMask
                0x00002c64       0x10 xcp.o
                0x00002c64                xcpSessionStatusSetMask
 .text.xcpSessionStatusClearMask
                0x00002c74       0x10 xcp.o
                0x00002c74                xcpSessionStatusClearMask
 .text.xcpResourceProtectionStatusGet
                0x00002c84        0xc xcp.o
                0x00002c84                xcpResourceProtectionStatusGet
 .text.xcpSessionConfigurationIdGet
                0x00002c90        0xc xcp.o
                0x00002c90                xcpSessionConfigurationIdGet
 .text.xcpFindPacket
                0x00002c9c       0x2a xcp.o
                0x00002c9c                xcpFindPacket
 *fill*         0x00002cc6        0x2 
 .text.xcpInit  0x00002cc8       0x40 xcp.o
                0x00002cc8                xcpInit
 .text.xcpRun   0x00002d08      0x178 xcp.o
                0x00002d08                xcpRun
 .text.xcpEventExternalTimestamp
                0x00002e80       0x1c xcp.o
                0x00002e80                xcpEventExternalTimestamp
 .text.xcpGetStatus
                0x00002e9c        0xc xcp.o
                0x00002e9c                xcpGetStatus
 .text.xcpReset
                0x00002ea8       0x28 xcp.o
                0x00002ea8                xcpReset
 .text.getStatusInputPacketHandler
                0x00002ed0        0x8 xcp_standard.o
 .text.getPacket
                0x00002ed8       0x10 xcp_standard.o
 .text.uploadInputPacketHandler
                0x00002ee8       0x2c xcp_standard.o
 .text.synchInputPacketHandler
                0x00002f14       0x12 xcp_standard.o
 .text.getStatusOutputPacketHandler
                0x00002f26       0x2a xcp_standard.o
 .text.disconnectInputPacketHandler
                0x00002f50       0x24 xcp_standard.o
 .text.connectInputPacketHandler
                0x00002f74       0x34 xcp_standard.o
 .text.connectOutputPacketHandler
                0x00002fa8       0x3e xcp_standard.o
 *fill*         0x00002fe6        0x2 
 .text.xcpStandardInit
                0x00002fe8       0x10 xcp_standard.o
                0x00002fe8                xcpStandardInit
 .text.xcpStandardGetPacketLookup
                0x00002ff8        0xc xcp_standard.o
                0x00002ff8                xcpStandardGetPacketLookup
 .text.xcpStandardReset
                0x00003004        0xc xcp_standard.o
                0x00003004                xcpStandardReset
 .text.xcpStandardGetAddressFromMta
                0x00003010        0xc xcp_standard.o
                0x00003010                xcpStandardGetAddressFromMta
 .text.xcpStandardSetMta
                0x0000301c       0x1c xcp_standard.o
                0x0000301c                xcpStandardSetMta
 .text.shortUploadInputPacketHandler
                0x00003038       0x54 xcp_standard.o
 .text.setMTAInputPacketHandler
                0x0000308c       0x36 xcp_standard.o
 *fill*         0x000030c2        0x2 
 .text.xcpStandardIncrementMta
                0x000030c4       0x10 xcp_standard.o
                0x000030c4                xcpStandardIncrementMta
 .text.shortUploadOutputPacketHandler
                0x000030d4       0x40 xcp_standard.o
 .text.uploadOutputPacketHandler
                0x00003114       0x40 xcp_standard.o
 .text.isActiveDaqList
                0x00003154       0x20 xcp_daq.o
 .text.noActiveDaqLists
                0x00003174       0x2c xcp_daq.o
 .text.isValidDaqPtr
                0x000031a0       0x44 xcp_daq.o
 .text.setDaqPtrInputPacketHandler
                0x000031e4       0x50 xcp_daq.o
 .text.writeDaqInputPacketHandler
                0x00003234       0x94 xcp_daq.o
 .text.setDaqListModeInputPacketHandler
                0x000032c8       0x84 xcp_daq.o
 .text.getDaqProcessorInfoInputPacketHandler
                0x0000334c        0x8 xcp_daq.o
 .text.getDaqResolutionInfoInputPacketHandler
                0x00003354        0x8 xcp_daq.o
 .text.getDaqResolutionInfoOutputPacketHandler
                0x0000335c       0x28 xcp_daq.o
 .text.getDaqProcessorInfoOutputPacketHandler
                0x00003384       0x2a xcp_daq.o
 *fill*         0x000033ae        0x2 
 .text.getPacket
                0x000033b0       0x10 xcp_daq.o
 .text.allocOdtEntryInputPacketHandler
                0x000033c0       0x9c xcp_daq.o
 .text.allocOdtInputPacketHandler
                0x0000345c       0x80 xcp_daq.o
 .text.allocDaqInputPacketHandler
                0x000034dc       0x68 xcp_daq.o
 .text.createDaqReservedPool
                0x00003544       0x48 xcp_daq.o
 .text.startStopSynchInputPacketHandler
                0x0000358c      0x124 xcp_daq.o
 .text.startStopDaqListInputPacketHandler
                0x000036b0      0x194 xcp_daq.o
 .text.startStopDaqListOutputPacketHandler
                0x00003844       0x2c xcp_daq.o
 .text.xcpDaqInit
                0x00003870       0x2c xcp_daq.o
                0x00003870                xcpDaqInit
 .text.xcpDaqGetPacketLookup
                0x0000389c        0xc xcp_daq.o
                0x0000389c                xcpDaqGetPacketLookup
 .text.xcpDaqEvent
                0x000038a8      0x184 xcp_daq.o
                0x000038a8                xcpDaqEvent
 .text.xcpResetDaqListStatus
                0x00003a2c       0xac xcp_daq.o
                0x00003a2c                xcpResetDaqListStatus
 .text.freeDaqInputPacketHandler
                0x00003ad8       0x24 xcp_daq.o
 .text.xcpDaqReset
                0x00003afc       0x1c xcp_daq.o
                0x00003afc                xcpDaqReset
 .text.getPacket
                0x00003b18       0x10 xcp_calibration.o
 .text.shortDownloadInputPacketHandler
                0x00003b28       0x5e xcp_calibration.o
 .text.downloadInputPacketHandler
                0x00003b86       0x3a xcp_calibration.o
 .text.xcpCalibrationInit
                0x00003bc0       0x10 xcp_calibration.o
                0x00003bc0                xcpCalibrationInit
 .text.xcpCalibrationGetPacketLookup
                0x00003bd0        0xc xcp_calibration.o
                0x00003bd0                xcpCalibrationGetPacketLookup
 .text.xcpCalibrationReset
                0x00003bdc        0x2 xcp_calibration.o
                0x00003bdc                xcpCalibrationReset
 .text.xcpFifoInit
                0x00003bde        0x8 xcp_fifo.o
                0x00003bde                xcpFifoInit
 .text.xcpFifoEnqueue
                0x00003be6        0xc xcp_fifo.o
                0x00003be6                xcpFifoEnqueue
 .text.xcpFifoDequeue
                0x00003bf2       0x16 xcp_fifo.o
                0x00003bf2                xcpFifoDequeue
 .text.xcpFifoEnqueueHead
                0x00003c08        0xe xcp_fifo.o
                0x00003c08                xcpFifoEnqueueHead
 .text.xcpFifoReset
                0x00003c16        0x8 xcp_fifo.o
                0x00003c16                xcpFifoReset
 *fill*         0x00003c1e        0x2 
 .text.xcpTransportEmptyTxFifo
                0x00003c20       0x44 xcp_transport.o
 .text.xcpTransportEmptyRxFifo
                0x00003c64       0x38 xcp_transport.o
 .text.xcpTransportTx
                0x00003c9c       0x80 xcp_transport.o
                0x00003c9c                xcpTransportTx
 .text.xcpTransportRx
                0x00003d1c       0x50 xcp_transport.o
                0x00003d1c                xcpTransportRx
 .text.xcpTransportPacketOffset
                0x00003d6c        0xa xcp_transport.o
                0x00003d6c                xcpTransportPacketOffset
 *fill*         0x00003d76        0x2 
 .text.xcpTransportTxPacketSet
                0x00003d78       0x80 xcp_transport.o
                0x00003d78                xcpTransportTxPacketSet
 .text.xcpTransportRxPacketGet
                0x00003df8       0x84 xcp_transport.o
                0x00003df8                xcpTransportRxPacketGet
 .text.xcpTransportMsgBufferSize
                0x00003e7c       0x2a xcp_transport.o
                0x00003e7c                xcpTransportMsgBufferSize
 *fill*         0x00003ea6        0x2 
 .text.xcpTransportInit
                0x00003ea8       0x84 xcp_transport.o
                0x00003ea8                xcpTransportInit
 .text.xcpTransportMaxDtoSize
                0x00003f2c        0x8 xcp_transport.o
                0x00003f2c                xcpTransportMaxDtoSize
 .text.xcpTransportMaxCtoSize
                0x00003f34        0x8 xcp_transport.o
                0x00003f34                xcpTransportMaxCtoSize
 .text.xcpTransportRestart
                0x00003f3c       0x16 xcp_transport.o
                0x00003f3c                xcpTransportRestart
 .text.xcpTransportResynch
                0x00003f52       0x12 xcp_transport.o
                0x00003f52                xcpTransportResynch
 .text.xcpTransportCtoReservedMemPoolId
                0x00003f64        0xc xcp_transport.o
                0x00003f64                xcpTransportCtoReservedMemPoolId
 .text.xcpTransportReset
                0x00003f70       0x58 xcp_transport.o
                0x00003f70                xcpTransportReset
 .text.xcpInitializePoolMemoryArea
                0x00003fc8       0x28 xcp_mem_default.o
 .text.xcpMemInit
                0x00003ff0       0x8c xcp_mem_default.o
                0x00003ff0                xcpMemInit
 .text.xcpMemAlloc
                0x0000407c       0x74 xcp_mem_default.o
                0x0000407c                xcpMemAlloc
 .text.xcpMemFree
                0x000040f0       0x3c xcp_mem_default.o
                0x000040f0                xcpMemFree
 .text.xcpMemReservedPoolCreate
                0x0000412c       0xf0 xcp_mem_default.o
                0x0000412c                xcpMemReservedPoolCreate
 .text.xcpMemReservedPoolDestroy
                0x0000421c       0xa8 xcp_mem_default.o
                0x0000421c                xcpMemReservedPoolDestroy
 .text.xcpMemAllocFromPool
                0x000042c4       0x5c xcp_mem_default.o
                0x000042c4                xcpMemAllocFromPool
 .text.xcpMemReset
                0x00004320       0x44 xcp_mem_default.o
                0x00004320                xcpMemReset
 .text.xcpDrvOpen
                0x00004364       0x24 xcp_drv_rtiostream.o
                0x00004364                xcpDrvOpen
 .text.xcpDrvIoctl
                0x00004388       0x18 xcp_drv_rtiostream.o
                0x00004388                xcpDrvIoctl
 .text.xcpDrvSend
                0x000043a0       0x94 xcp_drv_rtiostream.o
                0x000043a0                xcpDrvSend
 .text.xcpDrvRecv
                0x00004434       0x94 xcp_drv_rtiostream.o
                0x00004434                xcpDrvRecv
 .text.xcpDrvClose
                0x000044c8       0x28 xcp_drv_rtiostream.o
                0x000044c8                xcpDrvClose
 .text.xcpSxiChecksum
                0x000044f0       0x20 xcp_frame_serial.o
                0x000044f0                xcpSxiChecksum
 .text.xcpFrameInit
                0x00004510       0x3c xcp_frame_serial.o
                0x00004510                xcpFrameInit
 .text.xcpFrameMsgSend
                0x0000454c       0xa4 xcp_frame_serial.o
                0x0000454c                xcpFrameMsgSend
 .text.xcpFrameMsgRecv
                0x000045f0       0xbc xcp_frame_serial.o
                0x000045f0                xcpFrameMsgRecv
 .text.xcpFrameCreateMsg
                0x000046ac       0x28 xcp_frame_serial.o
                0x000046ac                xcpFrameCreateMsg
 .text.xcpFrameExtractPacket
                0x000046d4       0xa8 xcp_frame_serial.o
                0x000046d4                xcpFrameExtractPacket
 .text.xcpFrameHeaderSize
                0x0000477c        0x4 xcp_frame_serial.o
                0x0000477c                xcpFrameHeaderSize
 .text.xcpFrameTailSize
                0x00004780        0x4 xcp_frame_serial.o
                0x00004780                xcpFrameTailSize
 .text.xcpFrameMaxDtoSize
                0x00004784        0x8 xcp_frame_serial.o
                0x00004784                xcpFrameMaxDtoSize
 .text.xcpFrameMaxCtoSize
                0x0000478c        0x4 xcp_frame_serial.o
                0x0000478c                xcpFrameMaxCtoSize
 .text.xcpFrameRestart
                0x00004790       0x1c xcp_frame_serial.o
                0x00004790                xcpFrameRestart
 .text.xcpFrameSetCtoReservedMemPoolId
                0x000047ac        0xc xcp_frame_serial.o
                0x000047ac                xcpFrameSetCtoReservedMemPoolId
 .text.xcpFrameReset
                0x000047b8       0x38 xcp_frame_serial.o
                0x000047b8                xcpFrameReset
 .text.xcpTransportGetInitParameters
                0x000047f0       0x10 xcp_ext_param_default_serial.o
                0x000047f0                xcpTransportGetInitParameters
 .text.xcpGetInitParameters
                0x00004800       0x10 xcp_ext_param_default_serial.o
                0x00004800                xcpGetInitParameters
 .text.MW_Arduino_Init
                0x00004810        0xe MW_ArduinoHWInit.o
                0x00004810                MW_Arduino_Init
 .text.MW_Arduino_Terminate
                0x0000481e        0x8 MW_ArduinoHWInit.o
                0x0000481e                MW_Arduino_Terminate
 *fill*         0x00004826        0x2 
 .text.MW_usbattach
                0x00004828       0x1c io_wrappers.o
                0x00004828                MW_usbattach
 .text.Serial_begin
                0x00004844       0x24 io_wrappers.o
                0x00004844                Serial_begin
 .text._ZL13Scheduler_Isrv
                0x00004868        0xc arduinoARM_M0plusScheduler.o
 .text.resetExternalChip
                0x00004874        0x2 arduinoARM_M0plusScheduler.o
                0x00004874                resetExternalChip
 *fill*         0x00004876        0x2 
 .text.RTC_Handler
                0x00004878       0x20 arduinoARM_M0plusScheduler.o
                0x00004878                RTC_Handler
 .text.Setup_SchedulerRTC
                0x00004898       0xac arduinoARM_M0plusScheduler.o
                0x00004898                Setup_SchedulerRTC
 .text.configureArduinoARM_M0plusTimer
                0x00004944       0x14 arduinoARM_M0plusScheduler.o
                0x00004944                configureArduinoARM_M0plusTimer
 .text.disable_rt_OneStep
                0x00004958       0x14 arduinoARM_M0plusScheduler.o
                0x00004958                disable_rt_OneStep
 .text.MW_Arduino_Loop
                0x0000496c        0x4 arduinoARM_M0plusScheduler.o
                0x0000496c                MW_Arduino_Loop
 .text.arm_cortex_m_call_thread_with_context_switch
                0x00004970       0x24 m0m1m0plus_multitasking.o
                0x00004970                arm_cortex_m_call_thread_with_context_switch
 .text.SVC_Handler
                0x00004994       0x2c m0m1m0plus_multitasking.o
                0x00004994                SVC_Handler
 .text.rtIOStreamOpen
                0x000049c0       0x28 rtiostream_serial_daemon.o
                0x000049c0                rtIOStreamOpen
 .text.rtIOStreamRecv
                0x000049e8       0x64 rtiostream_serial_daemon.o
                0x000049e8                rtIOStreamRecv
 .text.rtIOStreamClose
                0x00004a4c       0x24 rtiostream_serial_daemon.o
                0x00004a4c                rtIOStreamClose
 .text.rtIOStreamSend
                0x00004a70       0x18 rtiostream_serial_daemon.o
                0x00004a70                rtIOStreamSend
 .text.sys_arch_protect
                0x00004a88        0x8 sys_arch.o
                0x00004a88                sys_arch_protect
 .text.sys_arch_unprotect
                0x00004a90        0x6 sys_arch.o
                0x00004a90                sys_arch_unprotect
 *fill*         0x00004a96        0x2 
 .text.rt_OneStep
                0x00004a98       0x38 ert_main.o
                0x00004a98                rt_OneStep
 .text.startup.main
                0x00004ad0       0xfc ert_main.o
                0x00004ad0                main
 *fill*         0x00004bcc        0x4 
 .text.ceil     0x00004bd0      0x168 c:/programdata/matlab/supportpackages/r2020b/3p.instrset/arduinoide.instrset/tools/arm-none-eabi-gcc/4.8.3-2014q1/bin/../lib/gcc/arm-none-eabi/4.8.3/../../../../arm-none-eabi/lib/armv6-m\libm.a(lib_a-s_ceil.o)
                0x00004bd0                ceil
 .text.floor    0x00004d38      0x170 c:/programdata/matlab/supportpackages/r2020b/3p.instrset/arduinoide.instrset/tools/arm-none-eabi-gcc/4.8.3-2014q1/bin/../lib/gcc/arm-none-eabi/4.8.3/../../../../arm-none-eabi/lib/armv6-m\libm.a(lib_a-s_floor.o)
                0x00004d38                floor
 .text.fmod     0x00004ea8       0xd0 c:/programdata/matlab/supportpackages/r2020b/3p.instrset/arduinoide.instrset/tools/arm-none-eabi-gcc/4.8.3-2014q1/bin/../lib/gcc/arm-none-eabi/4.8.3/../../../../arm-none-eabi/lib/armv6-m\libm.a(lib_a-w_fmod.o)
                0x00004ea8                fmod
 .text.__ieee754_fmod
                0x00004f78      0x29c c:/programdata/matlab/supportpackages/r2020b/3p.instrset/arduinoide.instrset/tools/arm-none-eabi-gcc/4.8.3-2014q1/bin/../lib/gcc/arm-none-eabi/4.8.3/../../../../arm-none-eabi/lib/armv6-m\libm.a(lib_a-e_fmod.o)
                0x00004f78                __ieee754_fmod
 .text.__fpclassifyd
                0x00005214       0x60 c:/programdata/matlab/supportpackages/r2020b/3p.instrset/arduinoide.instrset/tools/arm-none-eabi-gcc/4.8.3-2014q1/bin/../lib/gcc/arm-none-eabi/4.8.3/../../../../arm-none-eabi/lib/armv6-m\libm.a(lib_a-s_fpclassify.o)
                0x00005214                __fpclassifyd
 .text.matherr  0x00005274        0x4 c:/programdata/matlab/supportpackages/r2020b/3p.instrset/arduinoide.instrset/tools/arm-none-eabi-gcc/4.8.3-2014q1/bin/../lib/gcc/arm-none-eabi/4.8.3/../../../../arm-none-eabi/lib/armv6-m\libm.a(lib_a-s_matherr.o)
                0x00005274                matherr
 .text.Dummy_Handler
                0x00005278        0x2 C:/Users/Ege/DOCUME~1/MATLAB/R2020b/ARDUIN~1/ARDUIN~1/FASTER~2\libcore.a(cortex_handlers.o)
                0x00005278                DMAC_Handler
                0x00005278                HardFault_Handler
                0x00005278                AC_Handler
                0x00005278                PendSV_Handler
                0x00005278                NMI_Handler
                0x00005278                TC7_Handler
                0x00005278                SERCOM1_Handler
                0x00005278                ADC_Handler
                0x00005278                TCC1_Handler
                0x00005278                TCC0_Handler
                0x00005278                EIC_Handler
                0x00005278                TC6_Handler
                0x00005278                WDT_Handler
                0x00005278                TC4_Handler
                0x00005278                TC3_Handler
                0x00005278                Dummy_Handler
                0x00005278                PM_Handler
                0x00005278                TCC2_Handler
                0x00005278                EVSYS_Handler
                0x00005278                SERCOM4_Handler
                0x00005278                I2S_Handler
                0x00005278                NVMCTRL_Handler
                0x00005278                SERCOM0_Handler
                0x00005278                DAC_Handler
                0x00005278                PTC_Handler
                0x00005278                SYSCTRL_Handler
 *fill*         0x0000527a        0x2 
 .text.USB_Handler
                0x0000527c       0x14 C:/Users/Ege/DOCUME~1/MATLAB/R2020b/ARDUIN~1/ARDUIN~1/FASTER~2\libcore.a(cortex_handlers.o)
                0x0000527c                USB_Handler
 .text.Reset_Handler
                0x00005290       0x54 C:/Users/Ege/DOCUME~1/MATLAB/R2020b/ARDUIN~1/ARDUIN~1/FASTER~2\libcore.a(cortex_handlers.o)
                0x00005290                Reset_Handler
 .text.SysTick_Handler
                0x000052e4       0x10 C:/Users/Ege/DOCUME~1/MATLAB/R2020b/ARDUIN~1/ARDUIN~1/FASTER~2\libcore.a(cortex_handlers.o)
                0x000052e4                SysTick_Handler
 .text.USB_SetHandler
                0x000052f4        0xc C:/Users/Ege/DOCUME~1/MATLAB/R2020b/ARDUIN~1/ARDUIN~1/FASTER~2\libcore.a(cortex_handlers.o)
                0x000052f4                USB_SetHandler
 .text.__empty  0x00005300        0x2 C:/Users/Ege/DOCUME~1/MATLAB/R2020b/ARDUIN~1/ARDUIN~1/FASTER~2\libcore.a(hooks.o)
                0x00005300                yield
 .text.__false  0x00005302        0x4 C:/Users/Ege/DOCUME~1/MATLAB/R2020b/ARDUIN~1/ARDUIN~1/FASTER~2\libcore.a(hooks.o)
                0x00005302                sysTickHook
 *fill*         0x00005306        0x2 
 .text.micros   0x00005308       0x64 C:/Users/Ege/DOCUME~1/MATLAB/R2020b/ARDUIN~1/ARDUIN~1/FASTER~2\libcore.a(delay.o)
                0x00005308                micros
 .text.delay    0x0000536c       0x34 C:/Users/Ege/DOCUME~1/MATLAB/R2020b/ARDUIN~1/ARDUIN~1/FASTER~2\libcore.a(delay.o)
                0x0000536c                delay
 .text.SysTick_DefaultHandler
                0x000053a0       0x14 C:/Users/Ege/DOCUME~1/MATLAB/R2020b/ARDUIN~1/ARDUIN~1/FASTER~2\libcore.a(delay.o)
                0x000053a0                SysTick_DefaultHandler
 .text.SystemInit
                0x000053b4      0x198 C:/Users/Ege/DOCUME~1/MATLAB/R2020b/ARDUIN~1/ARDUIN~1/FASTER~2\libcore.a(startup.o)
                0x000053b4                SystemInit
 .text.init     0x0000554c       0xf0 C:/Users/Ege/DOCUME~1/MATLAB/R2020b/ARDUIN~1/ARDUIN~1/FASTER~2\libcore.a(wiring.o)
                0x0000554c                init
 .text.analogReference
                0x0000563c       0x5c C:/Users/Ege/DOCUME~1/MATLAB/R2020b/ARDUIN~1/ARDUIN~1/FASTER~2\libcore.a(wiring_analog.o)
                0x0000563c                analogReference
 .text.pinMode  0x00005698       0xb4 C:/Users/Ege/DOCUME~1/MATLAB/R2020b/ARDUIN~1/ARDUIN~1/FASTER~2\libcore.a(wiring_digital.o)
                0x00005698                pinMode
 .text.digitalWrite
                0x0000574c       0x60 C:/Users/Ege/DOCUME~1/MATLAB/R2020b/ARDUIN~1/ARDUIN~1/FASTER~2\libcore.a(wiring_digital.o)
                0x0000574c                digitalWrite
 .text.pinPeripheral
                0x000057ac       0xc4 C:/Users/Ege/DOCUME~1/MATLAB/R2020b/ARDUIN~1/ARDUIN~1/FASTER~2\libcore.a(wiring_private.o)
                0x000057ac                pinPeripheral
 .text.initiateReset
                0x00005870       0x14 C:/Users/Ege/DOCUME~1/MATLAB/R2020b/ARDUIN~1/ARDUIN~1/FASTER~2\libcore.a(Reset.o)
                0x00005870                initiateReset
 .text.cancelReset
                0x00005884       0x10 C:/Users/Ege/DOCUME~1/MATLAB/R2020b/ARDUIN~1/ARDUIN~1/FASTER~2\libcore.a(Reset.o)
                0x00005884                cancelReset
 .text.tickReset
                0x00005894       0x74 C:/Users/Ege/DOCUME~1/MATLAB/R2020b/ARDUIN~1/ARDUIN~1/FASTER~2\libcore.a(Reset.o)
                0x00005894                tickReset
 .text._ZN4UartcvbEv
                0x00005908        0x4 C:/Users/Ege/DOCUME~1/MATLAB/R2020b/ARDUIN~1/ARDUIN~1/FASTER~2\libcore.a(Uart.o)
                0x00005908                Uart::operator bool()
 .text._ZN4Uart5beginEm
                0x0000590c       0x10 C:/Users/Ege/DOCUME~1/MATLAB/R2020b/ARDUIN~1/ARDUIN~1/FASTER~2\libcore.a(Uart.o)
                0x0000590c                Uart::begin(unsigned long)
 .text._ZN4Uart4peekEv
                0x0000591c       0x1a C:/Users/Ege/DOCUME~1/MATLAB/R2020b/ARDUIN~1/ARDUIN~1/FASTER~2\libcore.a(Uart.o)
                0x0000591c                Uart::peek()
 .text._ZN4Uart3endEv
                0x00005936       0x20 C:/Users/Ege/DOCUME~1/MATLAB/R2020b/ARDUIN~1/ARDUIN~1/FASTER~2\libcore.a(Uart.o)
                0x00005936                Uart::end()
 *fill*         0x00005956        0x2 
 .text._ZN4UartC2EP6SERCOMhh11SercomRXPad15SercomUartTXPadhh
                0x00005958       0xa4 C:/Users/Ege/DOCUME~1/MATLAB/R2020b/ARDUIN~1/ARDUIN~1/FASTER~2\libcore.a(Uart.o)
                0x00005958                Uart::Uart(SERCOM*, unsigned char, unsigned char, SercomRXPad, SercomUartTXPad, unsigned char, unsigned char)
                0x00005958                Uart::Uart(SERCOM*, unsigned char, unsigned char, SercomRXPad, SercomUartTXPad, unsigned char, unsigned char)
 .text._ZN4UartC2EP6SERCOMhh11SercomRXPad15SercomUartTXPad
                0x000059fc       0x24 C:/Users/Ege/DOCUME~1/MATLAB/R2020b/ARDUIN~1/ARDUIN~1/FASTER~2\libcore.a(Uart.o)
                0x000059fc                Uart::Uart(SERCOM*, unsigned char, unsigned char, SercomRXPad, SercomUartTXPad)
                0x000059fc                Uart::Uart(SERCOM*, unsigned char, unsigned char, SercomRXPad, SercomUartTXPad)
 .text._ZN4Uart16extractNbStopBitEt
                0x00005a20        0xe C:/Users/Ege/DOCUME~1/MATLAB/R2020b/ARDUIN~1/ARDUIN~1/FASTER~2\libcore.a(Uart.o)
                0x00005a20                Uart::extractNbStopBit(unsigned short)
 .text._ZN4Uart15extractCharSizeEt
                0x00005a2e       0x2c C:/Users/Ege/DOCUME~1/MATLAB/R2020b/ARDUIN~1/ARDUIN~1/FASTER~2\libcore.a(Uart.o)
                0x00005a2e                Uart::extractCharSize(unsigned short)
 .text._ZN4Uart13extractParityEt
                0x00005a5a       0x18 C:/Users/Ege/DOCUME~1/MATLAB/R2020b/ARDUIN~1/ARDUIN~1/FASTER~2\libcore.a(Uart.o)
                0x00005a5a                Uart::extractParity(unsigned short)
 *fill*         0x00005a72        0x2 
 .text._ZN4Uart5beginEmt
                0x00005a74       0xf8 C:/Users/Ege/DOCUME~1/MATLAB/R2020b/ARDUIN~1/ARDUIN~1/FASTER~2\libcore.a(Uart.o)
                0x00005a74                Uart::begin(unsigned long, unsigned short)
 .text._ZN11RingBufferNILi256EE9availableEv
                0x00005b6c       0x12 C:/Users/Ege/DOCUME~1/MATLAB/R2020b/ARDUIN~1/ARDUIN~1/FASTER~2\libcore.a(Uart.o)
                0x00005b6c                RingBufferN<256>::available()
 .text._ZN4Uart5flushEv
                0x00005b7e       0x1a C:/Users/Ege/DOCUME~1/MATLAB/R2020b/ARDUIN~1/ARDUIN~1/FASTER~2\libcore.a(Uart.o)
                0x00005b7e                Uart::flush()
 .text._ZN4Uart9availableEv
                0x00005b98        0xa C:/Users/Ege/DOCUME~1/MATLAB/R2020b/ARDUIN~1/ARDUIN~1/FASTER~2\libcore.a(Uart.o)
                0x00005b98                Uart::available()
 .text._ZN11RingBufferNILi256EE17availableForStoreEv
                0x00005ba2       0x1e C:/Users/Ege/DOCUME~1/MATLAB/R2020b/ARDUIN~1/ARDUIN~1/FASTER~2\libcore.a(Uart.o)
                0x00005ba2                RingBufferN<256>::availableForStore()
 .text._ZN4Uart17availableForWriteEv
                0x00005bc0        0xc C:/Users/Ege/DOCUME~1/MATLAB/R2020b/ARDUIN~1/ARDUIN~1/FASTER~2\libcore.a(Uart.o)
                0x00005bc0                Uart::availableForWrite()
 .text._ZN4Uart10IrqHandlerEv
                0x00005bcc       0xc8 C:/Users/Ege/DOCUME~1/MATLAB/R2020b/ARDUIN~1/ARDUIN~1/FASTER~2\libcore.a(Uart.o)
                0x00005bcc                Uart::IrqHandler()
 .text._ZN4Uart5writeEh
                0x00005c94       0xb4 C:/Users/Ege/DOCUME~1/MATLAB/R2020b/ARDUIN~1/ARDUIN~1/FASTER~2\libcore.a(Uart.o)
                0x00005c94                Uart::write(unsigned char)
 .text._ZN4Uart4readEv
                0x00005d48       0x4c C:/Users/Ege/DOCUME~1/MATLAB/R2020b/ARDUIN~1/ARDUIN~1/FASTER~2\libcore.a(Uart.o)
                0x00005d48                Uart::read()
 .text._ZN7Serial_13getDescriptorER8USBSetup
                0x00005d94        0x4 C:/Users/Ege/DOCUME~1/MATLAB/R2020b/ARDUIN~1/ARDUIN~1/FASTER~2\libcore.a(CDC.o)
                0x00005d94                Serial_::getDescriptor(USBSetup&)
 .text._ZThn16_N7Serial_13getDescriptorER8USBSetup
                0x00005d98       0x10 C:/Users/Ege/DOCUME~1/MATLAB/R2020b/ARDUIN~1/ARDUIN~1/FASTER~2\libcore.a(CDC.o)
                0x00005d98                non-virtual thunk to Serial_::getDescriptor(USBSetup&)
 .text._ZL5utox8mPc
                0x00005da8       0x1c C:/Users/Ege/DOCUME~1/MATLAB/R2020b/ARDUIN~1/ARDUIN~1/FASTER~2\libcore.a(CDC.o)
 .text._ZN7Serial_12getShortNameEPc
                0x00005dc4       0x44 C:/Users/Ege/DOCUME~1/MATLAB/R2020b/ARDUIN~1/ARDUIN~1/FASTER~2\libcore.a(CDC.o)
                0x00005dc4                Serial_::getShortName(char*)
 .text._ZThn16_N7Serial_12getShortNameEPc
                0x00005e08       0x10 C:/Users/Ege/DOCUME~1/MATLAB/R2020b/ARDUIN~1/ARDUIN~1/FASTER~2\libcore.a(CDC.o)
                0x00005e08                non-virtual thunk to Serial_::getShortName(char*)
 .text._ZN7Serial_14handleEndpointEi
                0x00005e18        0x2 C:/Users/Ege/DOCUME~1/MATLAB/R2020b/ARDUIN~1/ARDUIN~1/FASTER~2\libcore.a(CDC.o)
                0x00005e18                Serial_::handleEndpoint(int)
 *fill*         0x00005e1a        0x2 
 .text._ZThn16_N7Serial_14handleEndpointEi
                0x00005e1c       0x10 C:/Users/Ege/DOCUME~1/MATLAB/R2020b/ARDUIN~1/ARDUIN~1/FASTER~2\libcore.a(CDC.o)
                0x00005e1c                non-virtual thunk to Serial_::handleEndpoint(int)
 .text._ZN7Serial_17availableForWriteEv
                0x00005e2c        0x4 C:/Users/Ege/DOCUME~1/MATLAB/R2020b/ARDUIN~1/ARDUIN~1/FASTER~2\libcore.a(CDC.o)
                0x00005e2c                Serial_::availableForWrite()
 .text._ZN7Serial_5writeEh
                0x00005e30       0x14 C:/Users/Ege/DOCUME~1/MATLAB/R2020b/ARDUIN~1/ARDUIN~1/FASTER~2\libcore.a(CDC.o)
                0x00005e30                Serial_::write(unsigned char)
 .text._ZN7Serial_12getInterfaceEPh
                0x00005e44      0x104 C:/Users/Ege/DOCUME~1/MATLAB/R2020b/ARDUIN~1/ARDUIN~1/FASTER~2\libcore.a(CDC.o)
                0x00005e44                Serial_::getInterface(unsigned char*)
 .text._ZThn16_N7Serial_12getInterfaceEPh
                0x00005f48       0x10 C:/Users/Ege/DOCUME~1/MATLAB/R2020b/ARDUIN~1/ARDUIN~1/FASTER~2\libcore.a(CDC.o)
                0x00005f48                non-virtual thunk to Serial_::getInterface(unsigned char*)
 .text._ZN7Serial_5setupER8USBSetup
                0x00005f58       0x98 C:/Users/Ege/DOCUME~1/MATLAB/R2020b/ARDUIN~1/ARDUIN~1/FASTER~2\libcore.a(CDC.o)
                0x00005f58                Serial_::setup(USBSetup&)
 .text._ZThn16_N7Serial_5setupER8USBSetup
                0x00005ff0       0x10 C:/Users/Ege/DOCUME~1/MATLAB/R2020b/ARDUIN~1/ARDUIN~1/FASTER~2\libcore.a(CDC.o)
                0x00005ff0                non-virtual thunk to Serial_::setup(USBSetup&)
 .text._ZN7Serial_9availableEv
                0x00006000       0x20 C:/Users/Ege/DOCUME~1/MATLAB/R2020b/ARDUIN~1/ARDUIN~1/FASTER~2\libcore.a(CDC.o)
                0x00006000                Serial_::available()
 .text._ZN7Serial_5flushEv
                0x00006020       0x10 C:/Users/Ege/DOCUME~1/MATLAB/R2020b/ARDUIN~1/ARDUIN~1/FASTER~2\libcore.a(CDC.o)
                0x00006020                Serial_::flush()
 .text._ZN7Serial_5clearEv
                0x00006030       0x10 C:/Users/Ege/DOCUME~1/MATLAB/R2020b/ARDUIN~1/ARDUIN~1/FASTER~2\libcore.a(CDC.o)
                0x00006030                Serial_::clear()
 .text._ZN7Serial_5writeEPKhj
                0x00006040       0x1e C:/Users/Ege/DOCUME~1/MATLAB/R2020b/ARDUIN~1/ARDUIN~1/FASTER~2\libcore.a(CDC.o)
                0x00006040                Serial_::write(unsigned char const*, unsigned int)
 *fill*         0x0000605e        0x2 
 .text._ZN7Serial_4peekEv
                0x00006060       0x1c C:/Users/Ege/DOCUME~1/MATLAB/R2020b/ARDUIN~1/ARDUIN~1/FASTER~2\libcore.a(CDC.o)
                0x00006060                Serial_::peek()
 .text._ZN7Serial_4readEv
                0x0000607c       0x24 C:/Users/Ege/DOCUME~1/MATLAB/R2020b/ARDUIN~1/ARDUIN~1/FASTER~2\libcore.a(CDC.o)
                0x0000607c                Serial_::read()
 .text._ZN7Serial_C2ER14USBDeviceClass
                0x000060a0       0x4c C:/Users/Ege/DOCUME~1/MATLAB/R2020b/ARDUIN~1/ARDUIN~1/FASTER~2\libcore.a(CDC.o)
                0x000060a0                Serial_::Serial_(USBDeviceClass&)
                0x000060a0                Serial_::Serial_(USBDeviceClass&)
 .text._ZN7Serial_15enableInterruptEv
                0x000060ec       0x30 C:/Users/Ege/DOCUME~1/MATLAB/R2020b/ARDUIN~1/ARDUIN~1/FASTER~2\libcore.a(CDC.o)
                0x000060ec                Serial_::enableInterrupt()
 .text._ZN7Serial_5beginEm
                0x0000611c        0x2 C:/Users/Ege/DOCUME~1/MATLAB/R2020b/ARDUIN~1/ARDUIN~1/FASTER~2\libcore.a(CDC.o)
                0x0000611c                Serial_::begin(unsigned long)
 *fill*         0x0000611e        0x2 
 .text.startup._GLOBAL__sub_I__ZN7Serial_12getInterfaceEPh
                0x00006120       0x14 C:/Users/Ege/DOCUME~1/MATLAB/R2020b/ARDUIN~1/ARDUIN~1/FASTER~2\libcore.a(CDC.o)
 .text._ZN13PluggableUSB_12getInterfaceEPh
                0x00006134       0x2a C:/Users/Ege/DOCUME~1/MATLAB/R2020b/ARDUIN~1/ARDUIN~1/FASTER~2\libcore.a(PluggableUSB.o)
                0x00006134                PluggableUSB_::getInterface(unsigned char*)
 .text._ZN13PluggableUSB_13getDescriptorER8USBSetup
                0x0000615e       0x20 C:/Users/Ege/DOCUME~1/MATLAB/R2020b/ARDUIN~1/ARDUIN~1/FASTER~2\libcore.a(PluggableUSB.o)
                0x0000615e                PluggableUSB_::getDescriptor(USBSetup&)
 .text._ZN13PluggableUSB_12getShortNameEPc
                0x0000617e       0x26 C:/Users/Ege/DOCUME~1/MATLAB/R2020b/ARDUIN~1/ARDUIN~1/FASTER~2\libcore.a(PluggableUSB.o)
                0x0000617e                PluggableUSB_::getShortName(char*)
 .text._ZN13PluggableUSB_5setupER8USBSetup
                0x000061a4       0x24 C:/Users/Ege/DOCUME~1/MATLAB/R2020b/ARDUIN~1/ARDUIN~1/FASTER~2\libcore.a(PluggableUSB.o)
                0x000061a4                PluggableUSB_::setup(USBSetup&)
 .text._ZN13PluggableUSB_14handleEndpointEi
                0x000061c8       0x1a C:/Users/Ege/DOCUME~1/MATLAB/R2020b/ARDUIN~1/ARDUIN~1/FASTER~2\libcore.a(PluggableUSB.o)
                0x000061c8                PluggableUSB_::handleEndpoint(int)
 *fill*         0x000061e2        0x2 
 .text._ZN13PluggableUSB_4plugEP18PluggableUSBModule
                0x000061e4       0x60 C:/Users/Ege/DOCUME~1/MATLAB/R2020b/ARDUIN~1/ARDUIN~1/FASTER~2\libcore.a(PluggableUSB.o)
                0x000061e4                PluggableUSB_::plug(PluggableUSBModule*)
 .text._Z12PluggableUSBv
                0x00006244       0x20 C:/Users/Ege/DOCUME~1/MATLAB/R2020b/ARDUIN~1/ARDUIN~1/FASTER~2\libcore.a(PluggableUSB.o)
                0x00006244                PluggableUSB()
 .text._ZN26DoubleBufferedEPOutHandlerD2Ev
                0x00006264        0xc C:/Users/Ege/DOCUME~1/MATLAB/R2020b/ARDUIN~1/ARDUIN~1/FASTER~2\libcore.a(USBCore.o)
                0x00006264                DoubleBufferedEPOutHandler::~DoubleBufferedEPOutHandler()
                0x00006264                DoubleBufferedEPOutHandler::~DoubleBufferedEPOutHandler()
 .text._ZN26DoubleBufferedEPOutHandlerD0Ev
                0x00006270       0x14 C:/Users/Ege/DOCUME~1/MATLAB/R2020b/ARDUIN~1/ARDUIN~1/FASTER~2\libcore.a(USBCore.o)
                0x00006270                DoubleBufferedEPOutHandler::~DoubleBufferedEPOutHandler()
 .text._ZN14USBDeviceClass6initEPEmm.part.7
                0x00006284       0xbc C:/Users/Ege/DOCUME~1/MATLAB/R2020b/ARDUIN~1/ARDUIN~1/FASTER~2\libcore.a(USBCore.o)
 .text._ZN7__GuardC2Ev
                0x00006340        0xe C:/Users/Ege/DOCUME~1/MATLAB/R2020b/ARDUIN~1/ARDUIN~1/FASTER~2\libcore.a(USBCore.o)
                0x00006340                __Guard::__Guard()
                0x00006340                __Guard::__Guard()
 .text._ZN7__GuardD2Ev
                0x0000634e        0xe C:/Users/Ege/DOCUME~1/MATLAB/R2020b/ARDUIN~1/ARDUIN~1/FASTER~2\libcore.a(USBCore.o)
                0x0000634e                __Guard::~__Guard()
                0x0000634e                __Guard::~__Guard()
 .text._ZNK26DoubleBufferedEPOutHandler10_availableEv
                0x0000635c       0x72 C:/Users/Ege/DOCUME~1/MATLAB/R2020b/ARDUIN~1/ARDUIN~1/FASTER~2\libcore.a(USBCore.o)
                0x0000635c                DoubleBufferedEPOutHandler::_available() const
 *fill*         0x000063ce        0x2 
 .text._ZN26DoubleBufferedEPOutHandler7releaseEv
                0x000063d0       0x38 C:/Users/Ege/DOCUME~1/MATLAB/R2020b/ARDUIN~1/ARDUIN~1/FASTER~2\libcore.a(USBCore.o)
                0x000063d0                DoubleBufferedEPOutHandler::release()
 .text._ZN26DoubleBufferedEPOutHandler14handleEndpointEv
                0x00006408       0xe4 C:/Users/Ege/DOCUME~1/MATLAB/R2020b/ARDUIN~1/ARDUIN~1/FASTER~2\libcore.a(USBCore.o)
                0x00006408                DoubleBufferedEPOutHandler::handleEndpoint()
 .text._ZN26DoubleBufferedEPOutHandler5_recvEv
                0x000064ec      0x18e C:/Users/Ege/DOCUME~1/MATLAB/R2020b/ARDUIN~1/ARDUIN~1/FASTER~2\libcore.a(USBCore.o)
                0x000064ec                DoubleBufferedEPOutHandler::_recv()
 .text._ZN26DoubleBufferedEPOutHandler9availableEv
                0x0000667a       0x18 C:/Users/Ege/DOCUME~1/MATLAB/R2020b/ARDUIN~1/ARDUIN~1/FASTER~2\libcore.a(USBCore.o)
                0x0000667a                DoubleBufferedEPOutHandler::available()
 .text._ZN26DoubleBufferedEPOutHandler4peekEv
                0x00006692       0x22 C:/Users/Ege/DOCUME~1/MATLAB/R2020b/ARDUIN~1/ARDUIN~1/FASTER~2\libcore.a(USBCore.o)
                0x00006692                DoubleBufferedEPOutHandler::peek()
 .text._ZN26DoubleBufferedEPOutHandler4recvEPvm
                0x000066b4       0x66 C:/Users/Ege/DOCUME~1/MATLAB/R2020b/ARDUIN~1/ARDUIN~1/FASTER~2\libcore.a(USBCore.o)
                0x000066b4                DoubleBufferedEPOutHandler::recv(void*, unsigned long)
 .text._ZN14USBDeviceClass14SendInterfacesEPm
                0x0000671a       0x20 C:/Users/Ege/DOCUME~1/MATLAB/R2020b/ARDUIN~1/ARDUIN~1/FASTER~2\libcore.a(USBCore.o)
                0x0000671a                USBDeviceClass::SendInterfaces(unsigned long*)
 *fill*         0x0000673a        0x2 
 .text._ZN14USBDeviceClass4initEv
                0x0000673c      0x130 C:/Users/Ege/DOCUME~1/MATLAB/R2020b/ARDUIN~1/ARDUIN~1/FASTER~2\libcore.a(USBCore.o)
                0x0000673c                USBDeviceClass::init()
 .text._ZN14USBDeviceClass6attachEv
                0x0000686c       0x34 C:/Users/Ege/DOCUME~1/MATLAB/R2020b/ARDUIN~1/ARDUIN~1/FASTER~2\libcore.a(USBCore.o)
                0x0000686c                USBDeviceClass::attach()
 .text._ZN14USBDeviceClass10setAddressEm
                0x000068a0       0x48 C:/Users/Ege/DOCUME~1/MATLAB/R2020b/ARDUIN~1/ARDUIN~1/FASTER~2\libcore.a(USBCore.o)
                0x000068a0                USBDeviceClass::setAddress(unsigned long)
 .text._ZN14USBDeviceClass25handleClassInterfaceSetupER8USBSetup
                0x000068e8       0x24 C:/Users/Ege/DOCUME~1/MATLAB/R2020b/ARDUIN~1/ARDUIN~1/FASTER~2\libcore.a(USBCore.o)
                0x000068e8                USBDeviceClass::handleClassInterfaceSetup(USBSetup&)
 .text._ZN14USBDeviceClass6initEPEmm
                0x0000690c      0x124 C:/Users/Ege/DOCUME~1/MATLAB/R2020b/ARDUIN~1/ARDUIN~1/FASTER~2\libcore.a(USBCore.o)
                0x0000690c                USBDeviceClass::initEP(unsigned long, unsigned long)
 .text._ZN14USBDeviceClass13initEndpointsEv
                0x00006a30       0x24 C:/Users/Ege/DOCUME~1/MATLAB/R2020b/ARDUIN~1/ARDUIN~1/FASTER~2\libcore.a(USBCore.o)
                0x00006a30                USBDeviceClass::initEndpoints()
 .text._ZN14USBDeviceClass5clearEm
                0x00006a54       0x38 C:/Users/Ege/DOCUME~1/MATLAB/R2020b/ARDUIN~1/ARDUIN~1/FASTER~2\libcore.a(USBCore.o)
                0x00006a54                USBDeviceClass::clear(unsigned long)
 .text._ZN14USBDeviceClass9availableEm
                0x00006a8c       0x2c C:/Users/Ege/DOCUME~1/MATLAB/R2020b/ARDUIN~1/ARDUIN~1/FASTER~2\libcore.a(USBCore.o)
                0x00006a8c                USBDeviceClass::available(unsigned long)
 .text._ZN14USBDeviceClass5flushEm
                0x00006ab8       0x2c C:/Users/Ege/DOCUME~1/MATLAB/R2020b/ARDUIN~1/ARDUIN~1/FASTER~2\libcore.a(USBCore.o)
                0x00006ab8                USBDeviceClass::flush(unsigned long)
 .text._ZN14USBDeviceClass4recvEmPvm
                0x00006ae4       0xc4 C:/Users/Ege/DOCUME~1/MATLAB/R2020b/ARDUIN~1/ARDUIN~1/FASTER~2\libcore.a(USBCore.o)
                0x00006ae4                USBDeviceClass::recv(unsigned long, void*, unsigned long)
 .text._ZN14USBDeviceClass4recvEm
                0x00006ba8       0x1c C:/Users/Ege/DOCUME~1/MATLAB/R2020b/ARDUIN~1/ARDUIN~1/FASTER~2\libcore.a(USBCore.o)
                0x00006ba8                USBDeviceClass::recv(unsigned long)
 .text._ZN14USBDeviceClass14armRecvCtrlOUTEm
                0x00006bc4       0x60 C:/Users/Ege/DOCUME~1/MATLAB/R2020b/ARDUIN~1/ARDUIN~1/FASTER~2\libcore.a(USBCore.o)
                0x00006bc4                USBDeviceClass::armRecvCtrlOUT(unsigned long)
 .text._ZN14USBDeviceClass11recvControlEPvm
                0x00006c24       0x28 C:/Users/Ege/DOCUME~1/MATLAB/R2020b/ARDUIN~1/ARDUIN~1/FASTER~2\libcore.a(USBCore.o)
                0x00006c24                USBDeviceClass::recvControl(void*, unsigned long)
 .text._ZN14USBDeviceClass4sendEmPKvm
                0x00006c4c      0x11c C:/Users/Ege/DOCUME~1/MATLAB/R2020b/ARDUIN~1/ARDUIN~1/FASTER~2\libcore.a(USBCore.o)
                0x00006c4c                USBDeviceClass::send(unsigned long, void const*, unsigned long)
 .text._ZN14USBDeviceClass7armSendEmPKvm
                0x00006d68       0x48 C:/Users/Ege/DOCUME~1/MATLAB/R2020b/ARDUIN~1/ARDUIN~1/FASTER~2\libcore.a(USBCore.o)
                0x00006d68                USBDeviceClass::armSend(unsigned long, void const*, unsigned long)
 .text._ZN14USBDeviceClass11sendControlEPKvm
                0x00006db0       0x58 C:/Users/Ege/DOCUME~1/MATLAB/R2020b/ARDUIN~1/ARDUIN~1/FASTER~2\libcore.a(USBCore.o)
                0x00006db0                USBDeviceClass::sendControl(void const*, unsigned long)
 .text._ZN14USBDeviceClass20sendStringDescriptorEPKhm
                0x00006e08       0x68 C:/Users/Ege/DOCUME~1/MATLAB/R2020b/ARDUIN~1/ARDUIN~1/FASTER~2\libcore.a(USBCore.o)
                0x00006e08                USBDeviceClass::sendStringDescriptor(unsigned char const*, unsigned long)
 .text._ZN14USBDeviceClass12packMessagesEb.part.6
                0x00006e70       0x20 C:/Users/Ege/DOCUME~1/MATLAB/R2020b/ARDUIN~1/ARDUIN~1/FASTER~2\libcore.a(USBCore.o)
 .text._ZN14USBDeviceClass17sendConfigurationEm
                0x00006e90       0x90 C:/Users/Ege/DOCUME~1/MATLAB/R2020b/ARDUIN~1/ARDUIN~1/FASTER~2\libcore.a(USBCore.o)
                0x00006e90                USBDeviceClass::sendConfiguration(unsigned long)
 .text._ZN14USBDeviceClass14sendDescriptorER8USBSetup
                0x00006f20       0xec C:/Users/Ege/DOCUME~1/MATLAB/R2020b/ARDUIN~1/ARDUIN~1/FASTER~2\libcore.a(USBCore.o)
                0x00006f20                USBDeviceClass::sendDescriptor(USBSetup&)
 .text._ZN14USBDeviceClass7sendZlpEm
                0x0000700c       0x18 C:/Users/Ege/DOCUME~1/MATLAB/R2020b/ARDUIN~1/ARDUIN~1/FASTER~2\libcore.a(USBCore.o)
                0x0000700c                USBDeviceClass::sendZlp(unsigned long)
 .text._ZN14USBDeviceClass19handleStandardSetupER8USBSetup
                0x00007024       0xfc C:/Users/Ege/DOCUME~1/MATLAB/R2020b/ARDUIN~1/ARDUIN~1/FASTER~2\libcore.a(USBCore.o)
                0x00007024                USBDeviceClass::handleStandardSetup(USBSetup&)
 .text._ZN14USBDeviceClass10ISRHandlerEv
                0x00007120      0x10c C:/Users/Ege/DOCUME~1/MATLAB/R2020b/ARDUIN~1/ARDUIN~1/FASTER~2\libcore.a(USBCore.o)
                0x00007120                USBDeviceClass::ISRHandler()
 .text.UDD_Handler
                0x0000722c       0x10 C:/Users/Ege/DOCUME~1/MATLAB/R2020b/ARDUIN~1/ARDUIN~1/FASTER~2\libcore.a(USBCore.o)
                0x0000722c                UDD_Handler
 .text.startup._GLOBAL__sub_I_usbd
                0x0000723c       0x10 C:/Users/Ege/DOCUME~1/MATLAB/R2020b/ARDUIN~1/ARDUIN~1/FASTER~2\libcore.a(USBCore.o)
 .text.SERCOM5_Handler
                0x0000724c       0x10 C:/Users/Ege/DOCUME~1/MATLAB/R2020b/ARDUIN~1/ARDUIN~1/FASTER~2\libcore.a(variant.o)
                0x0000724c                SERCOM5_Handler
 .text.SERCOM3_Handler
                0x0000725c       0x10 C:/Users/Ege/DOCUME~1/MATLAB/R2020b/ARDUIN~1/ARDUIN~1/FASTER~2\libcore.a(variant.o)
                0x0000725c                SERCOM3_Handler
 .text.SERCOM2_Handler
                0x0000726c       0x10 C:/Users/Ege/DOCUME~1/MATLAB/R2020b/ARDUIN~1/ARDUIN~1/FASTER~2\libcore.a(variant.o)
                0x0000726c                SERCOM2_Handler
 .text.startup._GLOBAL__sub_I_g_APinDescription
                0x0000727c       0xbc C:/Users/Ege/DOCUME~1/MATLAB/R2020b/ARDUIN~1/ARDUIN~1/FASTER~2\libcore.a(variant.o)
 .text._Znwj    0x00007338        0x8 C:/Users/Ege/DOCUME~1/MATLAB/R2020b/ARDUIN~1/ARDUIN~1/FASTER~2\libcore.a(new.o)
                0x00007338                operator new(unsigned int)
 .text._ZdlPv   0x00007340        0x8 C:/Users/Ege/DOCUME~1/MATLAB/R2020b/ARDUIN~1/ARDUIN~1/FASTER~2\libcore.a(new.o)
                0x00007340                operator delete(void*)
 .text._ZN5Print5writeEPKhj
                0x00007348       0x28 C:/Users/Ege/DOCUME~1/MATLAB/R2020b/ARDUIN~1/ARDUIN~1/FASTER~2\libcore.a(Print.o)
                0x00007348                Print::write(unsigned char const*, unsigned int)
 .text._ZN6SERCOMC2EP6Sercom
                0x00007370        0x4 C:/Users/Ege/DOCUME~1/MATLAB/R2020b/ARDUIN~1/ARDUIN~1/FASTER~2\libcore.a(SERCOM.o)
                0x00007370                SERCOM::SERCOM(Sercom*)
                0x00007370                SERCOM::SERCOM(Sercom*)
 .text._ZN6SERCOM9initFrameE18SercomUartCharSize15SercomDataOrder16SercomParityMode19SercomNumberStopBit
                0x00007374       0x38 C:/Users/Ege/DOCUME~1/MATLAB/R2020b/ARDUIN~1/ARDUIN~1/FASTER~2\libcore.a(SERCOM.o)
                0x00007374                SERCOM::initFrame(SercomUartCharSize, SercomDataOrder, SercomParityMode, SercomNumberStopBit)
 .text._ZN6SERCOM8initPadsE15SercomUartTXPad11SercomRXPad
                0x000073ac       0x26 C:/Users/Ege/DOCUME~1/MATLAB/R2020b/ARDUIN~1/ARDUIN~1/FASTER~2\libcore.a(SERCOM.o)
                0x000073ac                SERCOM::initPads(SercomUartTXPad, SercomRXPad)
 .text._ZN6SERCOM9resetUARTEv
                0x000073d2       0x1c C:/Users/Ege/DOCUME~1/MATLAB/R2020b/ARDUIN~1/ARDUIN~1/FASTER~2\libcore.a(SERCOM.o)
                0x000073d2                SERCOM::resetUART()
 .text._ZN6SERCOM10enableUARTEv
                0x000073ee       0x14 C:/Users/Ege/DOCUME~1/MATLAB/R2020b/ARDUIN~1/ARDUIN~1/FASTER~2\libcore.a(SERCOM.o)
                0x000073ee                SERCOM::enableUART()
 .text._ZN6SERCOM9flushUARTEv
                0x00007402       0x10 C:/Users/Ege/DOCUME~1/MATLAB/R2020b/ARDUIN~1/ARDUIN~1/FASTER~2\libcore.a(SERCOM.o)
                0x00007402                SERCOM::flushUART()
 .text._ZN6SERCOM15clearStatusUARTEv
                0x00007412        0x8 C:/Users/Ege/DOCUME~1/MATLAB/R2020b/ARDUIN~1/ARDUIN~1/FASTER~2\libcore.a(SERCOM.o)
                0x00007412                SERCOM::clearStatusUART()
 .text._ZN6SERCOM17availableDataUARTEv
                0x0000741a        0xa C:/Users/Ege/DOCUME~1/MATLAB/R2020b/ARDUIN~1/ARDUIN~1/FASTER~2\libcore.a(SERCOM.o)
                0x0000741a                SERCOM::availableDataUART()
 .text._ZN6SERCOM11isUARTErrorEv
                0x00007424        0x8 C:/Users/Ege/DOCUME~1/MATLAB/R2020b/ARDUIN~1/ARDUIN~1/FASTER~2\libcore.a(SERCOM.o)
                0x00007424                SERCOM::isUARTError()
 .text._ZN6SERCOM20acknowledgeUARTErrorEv
                0x0000742c        0xe C:/Users/Ege/DOCUME~1/MATLAB/R2020b/ARDUIN~1/ARDUIN~1/FASTER~2\libcore.a(SERCOM.o)
                0x0000742c                SERCOM::acknowledgeUARTError()
 .text._ZN6SERCOM16isFrameErrorUARTEv
                0x0000743a        0xa C:/Users/Ege/DOCUME~1/MATLAB/R2020b/ARDUIN~1/ARDUIN~1/FASTER~2\libcore.a(SERCOM.o)
                0x0000743a                SERCOM::isFrameErrorUART()
 .text._ZN6SERCOM19clearFrameErrorUARTEv
                0x00007444        0xc C:/Users/Ege/DOCUME~1/MATLAB/R2020b/ARDUIN~1/ARDUIN~1/FASTER~2\libcore.a(SERCOM.o)
                0x00007444                SERCOM::clearFrameErrorUART()
 .text._ZN6SERCOM23isDataRegisterEmptyUARTEv
                0x00007450        0xa C:/Users/Ege/DOCUME~1/MATLAB/R2020b/ARDUIN~1/ARDUIN~1/FASTER~2\libcore.a(SERCOM.o)
                0x00007450                SERCOM::isDataRegisterEmptyUART()
 .text._ZN6SERCOM12readDataUARTEv
                0x0000745a        0x8 C:/Users/Ege/DOCUME~1/MATLAB/R2020b/ARDUIN~1/ARDUIN~1/FASTER~2\libcore.a(SERCOM.o)
                0x0000745a                SERCOM::readDataUART()
 .text._ZN6SERCOM13writeDataUARTEh
                0x00007462        0xe C:/Users/Ege/DOCUME~1/MATLAB/R2020b/ARDUIN~1/ARDUIN~1/FASTER~2\libcore.a(SERCOM.o)
                0x00007462                SERCOM::writeDataUART(unsigned char)
 .text._ZN6SERCOM36enableDataRegisterEmptyInterruptUARTEv
                0x00007470        0x8 C:/Users/Ege/DOCUME~1/MATLAB/R2020b/ARDUIN~1/ARDUIN~1/FASTER~2\libcore.a(SERCOM.o)
                0x00007470                SERCOM::enableDataRegisterEmptyInterruptUART()
 .text._ZN6SERCOM37disableDataRegisterEmptyInterruptUARTEv
                0x00007478        0x8 C:/Users/Ege/DOCUME~1/MATLAB/R2020b/ARDUIN~1/ARDUIN~1/FASTER~2\libcore.a(SERCOM.o)
                0x00007478                SERCOM::disableDataRegisterEmptyInterruptUART()
 .text._ZN6SERCOM13initClockNVICEv
                0x00007480       0xac C:/Users/Ege/DOCUME~1/MATLAB/R2020b/ARDUIN~1/ARDUIN~1/FASTER~2\libcore.a(SERCOM.o)
                0x00007480                SERCOM::initClockNVIC()
 .text._ZN6SERCOM8initUARTE14SercomUartMode20SercomUartSampleRatem
                0x0000752c       0x6c C:/Users/Ege/DOCUME~1/MATLAB/R2020b/ARDUIN~1/ARDUIN~1/FASTER~2\libcore.a(SERCOM.o)
                0x0000752c                SERCOM::initUART(SercomUartMode, SercomUartSampleRate, unsigned long)
 .text          0x00007598       0x14 c:/programdata/matlab/supportpackages/r2020b/3p.instrset/arduinoide.instrset/tools/arm-none-eabi-gcc/4.8.3-2014q1/bin/../lib/gcc/arm-none-eabi/4.8.3/armv6-m\libgcc.a(_thumb1_case_uqi.o)
                0x00007598                __gnu_thumb1_case_uqi
 .text          0x000075ac       0x9c c:/programdata/matlab/supportpackages/r2020b/3p.instrset/arduinoide.instrset/tools/arm-none-eabi-gcc/4.8.3-2014q1/bin/../lib/gcc/arm-none-eabi/4.8.3/armv6-m\libgcc.a(_udivsi3.o)
                0x000075ac                __aeabi_uidiv
                0x000075ac                __udivsi3
                0x00007634                __aeabi_uidivmod
 .text          0x00007648        0x4 c:/programdata/matlab/supportpackages/r2020b/3p.instrset/arduinoide.instrset/tools/arm-none-eabi-gcc/4.8.3-2014q1/bin/../lib/gcc/arm-none-eabi/4.8.3/armv6-m\libgcc.a(_dvmd_tls.o)
                0x00007648                __aeabi_idiv0
                0x00007648                __aeabi_ldiv0
 .text          0x0000764c       0x7c c:/programdata/matlab/supportpackages/r2020b/3p.instrset/arduinoide.instrset/tools/arm-none-eabi-gcc/4.8.3-2014q1/bin/../lib/gcc/arm-none-eabi/4.8.3/armv6-m\libgcc.a(_arm_cmpdf2.o)
                0x0000764c                __aeabi_cdrcmple
                0x0000765c                __aeabi_cdcmple
                0x0000765c                __aeabi_cdcmpeq
                0x0000766c                __aeabi_dcmpeq
                0x00007678                __aeabi_dcmplt
                0x0000768c                __aeabi_dcmple
                0x000076a0                __aeabi_dcmpgt
                0x000076b4                __aeabi_dcmpge
 .text          0x000076c8       0x40 c:/programdata/matlab/supportpackages/r2020b/3p.instrset/arduinoide.instrset/tools/arm-none-eabi-gcc/4.8.3-2014q1/bin/../lib/gcc/arm-none-eabi/4.8.3/armv6-m\libgcc.a(_fixunsdfsi.o)
                0x000076c8                __aeabi_d2uiz
                0x000076c8                __fixunsdfsi
 .text          0x00007708      0x638 c:/programdata/matlab/supportpackages/r2020b/3p.instrset/arduinoide.instrset/tools/arm-none-eabi-gcc/4.8.3-2014q1/bin/../lib/gcc/arm-none-eabi/4.8.3/armv6-m\libgcc.a(adddf3.o)
                0x00007708                __aeabi_dadd
 .text          0x00007d40      0x648 c:/programdata/matlab/supportpackages/r2020b/3p.instrset/arduinoide.instrset/tools/arm-none-eabi-gcc/4.8.3-2014q1/bin/../lib/gcc/arm-none-eabi/4.8.3/armv6-m\libgcc.a(divdf3.o)
                0x00007d40                __aeabi_ddiv
 .text          0x00008388       0x94 c:/programdata/matlab/supportpackages/r2020b/3p.instrset/arduinoide.instrset/tools/arm-none-eabi-gcc/4.8.3-2014q1/bin/../lib/gcc/arm-none-eabi/4.8.3/armv6-m\libgcc.a(eqdf2.o)
                0x00008388                __nedf2
                0x00008388                __eqdf2
 .text          0x0000841c       0xfc c:/programdata/matlab/supportpackages/r2020b/3p.instrset/arduinoide.instrset/tools/arm-none-eabi-gcc/4.8.3-2014q1/bin/../lib/gcc/arm-none-eabi/4.8.3/armv6-m\libgcc.a(gedf2.o)
                0x0000841c                __gedf2
                0x0000841c                __gtdf2
 .text          0x00008518       0xfc c:/programdata/matlab/supportpackages/r2020b/3p.instrset/arduinoide.instrset/tools/arm-none-eabi-gcc/4.8.3-2014q1/bin/../lib/gcc/arm-none-eabi/4.8.3/armv6-m\libgcc.a(ledf2.o)
                0x00008518                __ledf2
                0x00008518                __ltdf2
 .text          0x00008614      0x520 c:/programdata/matlab/supportpackages/r2020b/3p.instrset/arduinoide.instrset/tools/arm-none-eabi-gcc/4.8.3-2014q1/bin/../lib/gcc/arm-none-eabi/4.8.3/armv6-m\libgcc.a(muldf3.o)
                0x00008614                __aeabi_dmul
 .text          0x00008b34      0x654 c:/programdata/matlab/supportpackages/r2020b/3p.instrset/arduinoide.instrset/tools/arm-none-eabi-gcc/4.8.3-2014q1/bin/../lib/gcc/arm-none-eabi/4.8.3/armv6-m\libgcc.a(subdf3.o)
                0x00008b34                __aeabi_dsub
 .text          0x00009188       0x68 c:/programdata/matlab/supportpackages/r2020b/3p.instrset/arduinoide.instrset/tools/arm-none-eabi-gcc/4.8.3-2014q1/bin/../lib/gcc/arm-none-eabi/4.8.3/armv6-m\libgcc.a(fixdfsi.o)
                0x00009188                __aeabi_d2iz
 .text          0x000091f0       0x7c c:/programdata/matlab/supportpackages/r2020b/3p.instrset/arduinoide.instrset/tools/arm-none-eabi-gcc/4.8.3-2014q1/bin/../lib/gcc/arm-none-eabi/4.8.3/armv6-m\libgcc.a(floatsidf.o)
                0x000091f0                __aeabi_i2d
 .text          0x0000926c       0x68 c:/programdata/matlab/supportpackages/r2020b/3p.instrset/arduinoide.instrset/tools/arm-none-eabi-gcc/4.8.3-2014q1/bin/../lib/gcc/arm-none-eabi/4.8.3/armv6-m\libgcc.a(floatunsidf.o)
                0x0000926c                __aeabi_ui2d
 .text          0x000092d4       0x3c c:/programdata/matlab/supportpackages/r2020b/3p.instrset/arduinoide.instrset/tools/arm-none-eabi-gcc/4.8.3-2014q1/bin/../lib/gcc/arm-none-eabi/4.8.3/armv6-m\libgcc.a(_clzsi2.o)
                0x000092d4                __clzsi2
 .text.__errno  0x00009310        0xc c:/programdata/matlab/supportpackages/r2020b/3p.instrset/arduinoide.instrset/tools/arm-none-eabi-gcc/4.8.3-2014q1/bin/../lib/gcc/arm-none-eabi/4.8.3/../../../../arm-none-eabi/lib/armv6-m\libg_s.a(lib_a-errno.o)
                0x00009310                __errno
 .text.exit     0x0000931c       0x2c c:/programdata/matlab/supportpackages/r2020b/3p.instrset/arduinoide.instrset/tools/arm-none-eabi-gcc/4.8.3-2014q1/bin/../lib/gcc/arm-none-eabi/4.8.3/../../../../arm-none-eabi/lib/armv6-m\libg_s.a(lib_a-exit.o)
                0x0000931c                exit
 .text.__libc_init_array
                0x00009348       0x4c c:/programdata/matlab/supportpackages/r2020b/3p.instrset/arduinoide.instrset/tools/arm-none-eabi-gcc/4.8.3-2014q1/bin/../lib/gcc/arm-none-eabi/4.8.3/../../../../arm-none-eabi/lib/armv6-m\libg_s.a(lib_a-init.o)
                0x00009348                __libc_init_array
 .text.malloc   0x00009394       0x14 c:/programdata/matlab/supportpackages/r2020b/3p.instrset/arduinoide.instrset/tools/arm-none-eabi-gcc/4.8.3-2014q1/bin/../lib/gcc/arm-none-eabi/4.8.3/../../../../arm-none-eabi/lib/armv6-m\libg_s.a(lib_a-malloc.o)
                0x00009394                malloc
 .text.free     0x000093a8       0x14 c:/programdata/matlab/supportpackages/r2020b/3p.instrset/arduinoide.instrset/tools/arm-none-eabi-gcc/4.8.3-2014q1/bin/../lib/gcc/arm-none-eabi/4.8.3/../../../../arm-none-eabi/lib/armv6-m\libg_s.a(lib_a-malloc.o)
                0x000093a8                free
 .text.memcpy   0x000093bc       0x12 c:/programdata/matlab/supportpackages/r2020b/3p.instrset/arduinoide.instrset/tools/arm-none-eabi-gcc/4.8.3-2014q1/bin/../lib/gcc/arm-none-eabi/4.8.3/../../../../arm-none-eabi/lib/armv6-m\libg_s.a(lib_a-memcpy-stub.o)
                0x000093bc                memcpy
 .text.memset   0x000093ce       0x10 c:/programdata/matlab/supportpackages/r2020b/3p.instrset/arduinoide.instrset/tools/arm-none-eabi-gcc/4.8.3-2014q1/bin/../lib/gcc/arm-none-eabi/4.8.3/../../../../arm-none-eabi/lib/armv6-m\libg_s.a(lib_a-memset.o)
                0x000093ce                memset
 *fill*         0x000093de        0x2 
 .text._free_r  0x000093e0       0x90 c:/programdata/matlab/supportpackages/r2020b/3p.instrset/arduinoide.instrset/tools/arm-none-eabi-gcc/4.8.3-2014q1/bin/../lib/gcc/arm-none-eabi/4.8.3/../../../../arm-none-eabi/lib/armv6-m\libg_s.a(lib_a-nano-freer.o)
                0x000093e0                _free_r
 .text._malloc_r
                0x00009470       0xa8 c:/programdata/matlab/supportpackages/r2020b/3p.instrset/arduinoide.instrset/tools/arm-none-eabi-gcc/4.8.3-2014q1/bin/../lib/gcc/arm-none-eabi/4.8.3/../../../../arm-none-eabi/lib/armv6-m\libg_s.a(lib_a-nano-mallocr.o)
                0x00009470                _malloc_r
 .text._sbrk_r  0x00009518       0x24 c:/programdata/matlab/supportpackages/r2020b/3p.instrset/arduinoide.instrset/tools/arm-none-eabi-gcc/4.8.3-2014q1/bin/../lib/gcc/arm-none-eabi/4.8.3/../../../../arm-none-eabi/lib/armv6-m\libg_s.a(lib_a-sbrkr.o)
                0x00009518                _sbrk_r
 .text.strlen   0x0000953c        0xe c:/programdata/matlab/supportpackages/r2020b/3p.instrset/arduinoide.instrset/tools/arm-none-eabi-gcc/4.8.3-2014q1/bin/../lib/gcc/arm-none-eabi/4.8.3/../../../../arm-none-eabi/lib/armv6-m\libg_s.a(lib_a-strlen.o)
                0x0000953c                strlen
 *fill*         0x0000954a        0x2 
 .text._sbrk    0x0000954c       0x34 c:/programdata/matlab/supportpackages/r2020b/3p.instrset/arduinoide.instrset/tools/arm-none-eabi-gcc/4.8.3-2014q1/bin/../lib/gcc/arm-none-eabi/4.8.3/../../../../arm-none-eabi/lib/armv6-m\libnosys.a(sbrk.o)
                0x0000954c                _sbrk
 .text._exit    0x00009580        0x4 c:/programdata/matlab/supportpackages/r2020b/3p.instrset/arduinoide.instrset/tools/arm-none-eabi-gcc/4.8.3-2014q1/bin/../lib/gcc/arm-none-eabi/4.8.3/../../../../arm-none-eabi/lib/armv6-m\libnosys.a(_exit.o)
                0x00009580                _exit
 *(.init)
 .init          0x00009584        0x4 c:/programdata/matlab/supportpackages/r2020b/3p.instrset/arduinoide.instrset/tools/arm-none-eabi-gcc/4.8.3-2014q1/bin/../lib/gcc/arm-none-eabi/4.8.3/armv6-m/crti.o
                0x00009584                _init
 .init          0x00009588        0x8 c:/programdata/matlab/supportpackages/r2020b/3p.instrset/arduinoide.instrset/tools/arm-none-eabi-gcc/4.8.3-2014q1/bin/../lib/gcc/arm-none-eabi/4.8.3/armv6-m/crtn.o
 *(.fini)
 .fini          0x00009590        0x4 c:/programdata/matlab/supportpackages/r2020b/3p.instrset/arduinoide.instrset/tools/arm-none-eabi-gcc/4.8.3-2014q1/bin/../lib/gcc/arm-none-eabi/4.8.3/armv6-m/crti.o
                0x00009590                _fini
 .fini          0x00009594        0x8 c:/programdata/matlab/supportpackages/r2020b/3p.instrset/arduinoide.instrset/tools/arm-none-eabi-gcc/4.8.3-2014q1/bin/../lib/gcc/arm-none-eabi/4.8.3/armv6-m/crtn.o
 *crtbegin.o(.ctors)
 *crtbegin?.o(.ctors)
 *(EXCLUDE_FILE(*crtend.o *crtend?.o) .ctors)
 *(SORT(.ctors.*))
 *(.ctors)
 *crtbegin.o(.dtors)
 *crtbegin?.o(.dtors)
 *(EXCLUDE_FILE(*crtend.o *crtend?.o) .dtors)
 *(SORT(.dtors.*))
 *(.dtors)
 *(.rodata*)
 .rodata.str1.1
                0x0000959c       0x14 untitled.o
 .rodata.untitled_M
                0x000095b0        0x4 untitled.o
                0x000095b0                untitled_M
 .rodata.rtAlwaysEnabled.11887
                0x000095b4        0x1 untitled.o
 *fill*         0x000095b5        0x3 
 .rodata.xcpMemMainBlocksNumber
                0x000095b8        0xc xcp_mem_default.o
 .rodata.xcpMemMainBlockSizes
                0x000095c4        0xc xcp_mem_default.o
 .rodata.str1.4
                0x000095d0        0x8 c:/programdata/matlab/supportpackages/r2020b/3p.instrset/arduinoide.instrset/tools/arm-none-eabi-gcc/4.8.3-2014q1/bin/../lib/gcc/arm-none-eabi/4.8.3/../../../../arm-none-eabi/lib/armv6-m\libm.a(lib_a-w_fmod.o)
 .rodata.Zero   0x000095d8       0x10 c:/programdata/matlab/supportpackages/r2020b/3p.instrset/arduinoide.instrset/tools/arm-none-eabi-gcc/4.8.3-2014q1/bin/../lib/gcc/arm-none-eabi/4.8.3/../../../../arm-none-eabi/lib/armv6-m\libm.a(lib_a-e_fmod.o)
 .rodata._ZTV4Uart
                0x000095e8       0x38 C:/Users/Ege/DOCUME~1/MATLAB/R2020b/ARDUIN~1/ARDUIN~1/FASTER~2\libcore.a(Uart.o)
                0x000095e8                vtable for Uart
 .rodata._ZTV7Serial_
                0x00009620       0x58 C:/Users/Ege/DOCUME~1/MATLAB/R2020b/ARDUIN~1/ARDUIN~1/FASTER~2\libcore.a(CDC.o)
                0x00009620                vtable for Serial_
 .rodata._ZTV26DoubleBufferedEPOutHandler
                0x00009678       0x28 C:/Users/Ege/DOCUME~1/MATLAB/R2020b/ARDUIN~1/ARDUIN~1/FASTER~2\libcore.a(USBCore.o)
                0x00009678                vtable for DoubleBufferedEPOutHandler
 .rodata._ZL15STRING_LANGUAGE
                0x000096a0        0x4 C:/Users/Ege/DOCUME~1/MATLAB/R2020b/ARDUIN~1/ARDUIN~1/FASTER~2\libcore.a(USBCore.o)
 .rodata._ZL21USB_DeviceDescriptorB
                0x000096a4       0x12 C:/Users/Ege/DOCUME~1/MATLAB/R2020b/ARDUIN~1/ARDUIN~1/FASTER~2\libcore.a(USBCore.o)
 .rodata._ZL19STRING_MANUFACTURER
                0x000096b6        0xc C:/Users/Ege/DOCUME~1/MATLAB/R2020b/ARDUIN~1/ARDUIN~1/FASTER~2\libcore.a(USBCore.o)
 .rodata._ZL14STRING_PRODUCT
                0x000096c2       0x14 C:/Users/Ege/DOCUME~1/MATLAB/R2020b/ARDUIN~1/ARDUIN~1/FASTER~2\libcore.a(USBCore.o)
 *fill*         0x000096d6        0x2 
 .rodata.g_APinDescription
                0x000096d8      0x318 C:/Users/Ege/DOCUME~1/MATLAB/R2020b/ARDUIN~1/ARDUIN~1/FASTER~2\libcore.a(variant.o)
                0x000096d8                g_APinDescription
 .rodata        0x000099f0       0x40 c:/programdata/matlab/supportpackages/r2020b/3p.instrset/arduinoide.instrset/tools/arm-none-eabi-gcc/4.8.3-2014q1/bin/../lib/gcc/arm-none-eabi/4.8.3/armv6-m\libgcc.a(divdf3.o)
 .rodata        0x00009a30       0x40 c:/programdata/matlab/supportpackages/r2020b/3p.instrset/arduinoide.instrset/tools/arm-none-eabi-gcc/4.8.3-2014q1/bin/../lib/gcc/arm-none-eabi/4.8.3/armv6-m\libgcc.a(muldf3.o)
 .rodata.str1.1
                0x00009a70        0x2 c:/programdata/matlab/supportpackages/r2020b/3p.instrset/arduinoide.instrset/tools/arm-none-eabi-gcc/4.8.3-2014q1/bin/../lib/gcc/arm-none-eabi/4.8.3/../../../../arm-none-eabi/lib/armv6-m\libg_s.a(lib_a-impure.o)
 *fill*         0x00009a72        0x2 
 .rodata._global_impure_ptr
                0x00009a74        0x4 c:/programdata/matlab/supportpackages/r2020b/3p.instrset/arduinoide.instrset/tools/arm-none-eabi-gcc/4.8.3-2014q1/bin/../lib/gcc/arm-none-eabi/4.8.3/../../../../arm-none-eabi/lib/armv6-m\libg_s.a(lib_a-impure.o)
                0x00009a74                _global_impure_ptr
 *(.eh_frame*)
 .eh_frame      0x00009a78        0x0 c:/programdata/matlab/supportpackages/r2020b/3p.instrset/arduinoide.instrset/tools/arm-none-eabi-gcc/4.8.3-2014q1/bin/../lib/gcc/arm-none-eabi/4.8.3/armv6-m/crtbegin.o
 .eh_frame      0x00009a78        0x4 c:/programdata/matlab/supportpackages/r2020b/3p.instrset/arduinoide.instrset/tools/arm-none-eabi-gcc/4.8.3-2014q1/bin/../lib/gcc/arm-none-eabi/4.8.3/armv6-m/crtend.o

.glue_7         0x00009a7c        0x0
 .glue_7        0x00000000        0x0 linker stubs

.glue_7t        0x00009a7c        0x0
 .glue_7t       0x00000000        0x0 linker stubs

.vfp11_veneer   0x00009a7c        0x0
 .vfp11_veneer  0x00000000        0x0 linker stubs

.v4_bx          0x00009a7c        0x0
 .v4_bx         0x00000000        0x0 linker stubs

.iplt           0x00009a7c        0x0
 .iplt          0x00000000        0x0 c:/programdata/matlab/supportpackages/r2020b/3p.instrset/arduinoide.instrset/tools/arm-none-eabi-gcc/4.8.3-2014q1/bin/../lib/gcc/arm-none-eabi/4.8.3/armv6-m/crtbegin.o

.rel.dyn        0x00009a7c        0x0
 .rel.iplt      0x00000000        0x0 c:/programdata/matlab/supportpackages/r2020b/3p.instrset/arduinoide.instrset/tools/arm-none-eabi-gcc/4.8.3-2014q1/bin/../lib/gcc/arm-none-eabi/4.8.3/armv6-m/crtbegin.o

.ARM.extab
 *(.ARM.extab* .gnu.linkonce.armextab.*)
                0x00009a7c                __exidx_start = .

.ARM.exidx
 *(.ARM.exidx* .gnu.linkonce.armexidx.*)
                0x00009a7c                __exidx_end = .
                0x00009a7c                __etext = .

.data           0x20000000      0x1cc load address 0x00009a7c
                0x20000000                __data_start__ = .
 *(vtable)
 *(.data*)
 .data.untitled_P
                0x20000000       0x20 untitled_data.o
                0x20000000                untitled_P
 .data.xcpExtmodeFinalSimulationTime
                0x20000020        0x8 xcp_ext_common.o
                0x20000020                xcpExtmodeFinalSimulationTime
 .data.xcpModelStatus
                0x20000028        0x1 xcp_ext_common.o
                0x20000028                xcpModelStatus
 *fill*         0x20000029        0x3 
 .data.xcpClassicTriggerDuration
                0x2000002c        0x4 xcp_ext_classic_trigger.o
                0x2000002c                xcpClassicTriggerDuration
 .data.xcpClassicTriggerArmRequest
                0x20000030        0x1 xcp_ext_classic_trigger.o
                0x20000030                xcpClassicTriggerArmRequest
 *fill*         0x20000031        0x3 
 .data.standardSupportedRxPacket
                0x20000034       0x54 xcp_standard.o
 .data.daqSupportedRxPacket
                0x20000088       0x84 xcp_daq.o
 .data.xcpCurrentDaq
                0x2000010c        0x4 xcp_daq.o
 .data.calibrationSupportedRxPacket
                0x20000110       0x18 xcp_calibration.o
 .data.xcpCtoReservedMemPoolId
                0x20000128        0x4 xcp_transport.o
 .data.drvID    0x2000012c        0x4 xcp_drv_rtiostream.o
 .data.xcpCtoReservedMemPoolId
                0x20000130        0x4 xcp_frame_serial.o
 .data.__fdlib_version
                0x20000134        0x1 c:/programdata/matlab/supportpackages/r2020b/3p.instrset/arduinoide.instrset/tools/arm-none-eabi-gcc/4.8.3-2014q1/bin/../lib/gcc/arm-none-eabi/4.8.3/../../../../arm-none-eabi/lib/armv6-m\libm.a(lib_a-s_lib_ver.o)
                0x20000134                __fdlib_version
 *fill*         0x20000135        0x3 
 .data.SystemCoreClock
                0x20000138        0x4 C:/Users/Ege/DOCUME~1/MATLAB/R2020b/ARDUIN~1/ARDUIN~1/FASTER~2\libcore.a(wiring.o)
                0x20000138                SystemCoreClock
 .data._ZL5ticks
                0x2000013c        0x4 C:/Users/Ege/DOCUME~1/MATLAB/R2020b/ARDUIN~1/ARDUIN~1/FASTER~2\libcore.a(Reset.o)
 .data._serialPeek
                0x20000140        0x4 C:/Users/Ege/DOCUME~1/MATLAB/R2020b/ARDUIN~1/ARDUIN~1/FASTER~2\libcore.a(CDC.o)
                0x20000140                _serialPeek
 .data._ZL10breakValue
                0x20000144        0x4 C:/Users/Ege/DOCUME~1/MATLAB/R2020b/ARDUIN~1/ARDUIN~1/FASTER~2\libcore.a(CDC.o)
 .data._ZL12_usbLineInfo
                0x20000148        0x8 C:/Users/Ege/DOCUME~1/MATLAB/R2020b/ARDUIN~1/ARDUIN~1/FASTER~2\libcore.a(CDC.o)
 .data.impure_data
                0x20000150       0x60 c:/programdata/matlab/supportpackages/r2020b/3p.instrset/arduinoide.instrset/tools/arm-none-eabi-gcc/4.8.3-2014q1/bin/../lib/gcc/arm-none-eabi/4.8.3/../../../../arm-none-eabi/lib/armv6-m\libg_s.a(lib_a-impure.o)
 .data._impure_ptr
                0x200001b0        0x4 c:/programdata/matlab/supportpackages/r2020b/3p.instrset/arduinoide.instrset/tools/arm-none-eabi-gcc/4.8.3-2014q1/bin/../lib/gcc/arm-none-eabi/4.8.3/../../../../arm-none-eabi/lib/armv6-m\libg_s.a(lib_a-impure.o)
                0x200001b0                _impure_ptr
                0x200001b4                . = ALIGN (0x4)
                0x200001b4                PROVIDE (__preinit_array_start, .)
 *(.preinit_array)
                0x200001b4                PROVIDE (__preinit_array_end, .)
                0x200001b4                . = ALIGN (0x4)
                0x200001b4                PROVIDE (__init_array_start, .)
 *(SORT(.init_array.*))
 *(.init_array)
 .init_array    0x200001b4        0x4 c:/programdata/matlab/supportpackages/r2020b/3p.instrset/arduinoide.instrset/tools/arm-none-eabi-gcc/4.8.3-2014q1/bin/../lib/gcc/arm-none-eabi/4.8.3/armv6-m/crtbegin.o
 .init_array    0x200001b8        0x4 C:/Users/Ege/DOCUME~1/MATLAB/R2020b/ARDUIN~1/ARDUIN~1/FASTER~2\libcore.a(CDC.o)
 .init_array    0x200001bc        0x4 C:/Users/Ege/DOCUME~1/MATLAB/R2020b/ARDUIN~1/ARDUIN~1/FASTER~2\libcore.a(USBCore.o)
 .init_array    0x200001c0        0x4 C:/Users/Ege/DOCUME~1/MATLAB/R2020b/ARDUIN~1/ARDUIN~1/FASTER~2\libcore.a(variant.o)
                0x200001c4                PROVIDE (__init_array_end, .)
                0x200001c4                . = ALIGN (0x4)
                0x200001c4                PROVIDE (__fini_array_start, .)
 *(SORT(.fini_array.*))
 *(.fini_array)
 .fini_array    0x200001c4        0x4 c:/programdata/matlab/supportpackages/r2020b/3p.instrset/arduinoide.instrset/tools/arm-none-eabi-gcc/4.8.3-2014q1/bin/../lib/gcc/arm-none-eabi/4.8.3/armv6-m/crtbegin.o
                0x200001c8                PROVIDE (__fini_array_end, .)
 *(.jcr*)
 .jcr           0x200001c8        0x0 c:/programdata/matlab/supportpackages/r2020b/3p.instrset/arduinoide.instrset/tools/arm-none-eabi-gcc/4.8.3-2014q1/bin/../lib/gcc/arm-none-eabi/4.8.3/armv6-m/crtbegin.o
 .jcr           0x200001c8        0x4 c:/programdata/matlab/supportpackages/r2020b/3p.instrset/arduinoide.instrset/tools/arm-none-eabi-gcc/4.8.3-2014q1/bin/../lib/gcc/arm-none-eabi/4.8.3/armv6-m/crtend.o
                0x200001cc                . = ALIGN (0x4)
                0x200001cc                __data_end__ = .

.igot.plt       0x200001cc        0x0 load address 0x00009c48
 .igot.plt      0x00000000        0x0 c:/programdata/matlab/supportpackages/r2020b/3p.instrset/arduinoide.instrset/tools/arm-none-eabi-gcc/4.8.3-2014q1/bin/../lib/gcc/arm-none-eabi/4.8.3/armv6-m/crtbegin.o

.bss            0x200001d0     0x5230 load address 0x00009c50
                0x200001d0                . = ALIGN (0x4)
                0x200001d0                __bss_start__ = .
 *(.bss*)
 .bss           0x200001d0       0x1c c:/programdata/matlab/supportpackages/r2020b/3p.instrset/arduinoide.instrset/tools/arm-none-eabi-gcc/4.8.3-2014q1/bin/../lib/gcc/arm-none-eabi/4.8.3/armv6-m/crtbegin.o
 .bss.rt_ExtModeInfo.11888
                0x200001ec       0x14 untitled.o
 .bss.systemRan.11889
                0x20000200        0x8 untitled.o
 .bss.untitled_M_
                0x20000208       0x48 untitled.o
 .bss.xcpModelChecksum0
                0x20000250        0x4 xcp_ext_common.o
                0x20000250                xcpModelChecksum0
 .bss.xcpModelStartRequest
                0x20000254        0x1 xcp_ext_common.o
                0x20000254                xcpModelStartRequest
 *fill*         0x20000255        0x3 
 .bss.xcpModelChecksum1
                0x20000258        0x4 xcp_ext_common.o
                0x20000258                xcpModelChecksum1
 .bss.xcpModelChecksum3
                0x2000025c        0x4 xcp_ext_common.o
                0x2000025c                xcpModelChecksum3
 .bss.xcpModelChecksum2
                0x20000260        0x4 xcp_ext_common.o
                0x20000260                xcpModelChecksum2
 .bss.xcpModelIntegerCode
                0x20000264        0x4 xcp_ext_common.o
                0x20000264                xcpModelIntegerCode
 .bss.xcpModelStopRequest
                0x20000268        0x1 xcp_ext_common.o
                0x20000268                xcpModelStopRequest
 *fill*         0x20000269        0x7 
 .bss.xcpBaseRateSimulationTime
                0x20000270        0x8 xcp_ext_common.o
 .bss.xcpCurrentSimulationTimeInMs
                0x20000278        0x8 xcp_ext_common.o
                0x20000278                xcpCurrentSimulationTimeInMs
 .bss.xcpExtmodeSimulationComplete
                0x20000280        0x1 xcp_ext_common.o
                0x20000280                xcpExtmodeSimulationComplete
 .bss.xcpClassicTriggerDirection
                0x20000281        0x1 xcp_ext_classic_trigger.o
                0x20000281                xcpClassicTriggerDirection
 *fill*         0x20000282        0x6 
 .bss.xcpOldSignalValue
                0x20000288        0x8 xcp_ext_classic_trigger.o
 .bss.xcpClassicTriggerSignalAddressExtension
                0x20000290        0x1 xcp_ext_classic_trigger.o
                0x20000290                xcpClassicTriggerSignalAddressExtension
 *fill*         0x20000291        0x3 
 .bss.xcpTriggerCount
                0x20000294        0x4 xcp_ext_classic_trigger.o
 .bss.xcpOldSignalValueAvailable
                0x20000298        0x1 xcp_ext_classic_trigger.o
 *fill*         0x20000299        0x3 
 .bss.xcpClassicTriggerDelay
                0x2000029c        0x4 xcp_ext_classic_trigger.o
                0x2000029c                xcpClassicTriggerDelay
 .bss.xcpClassicTriggerSignalAddress
                0x200002a0        0x4 xcp_ext_classic_trigger.o
                0x200002a0                xcpClassicTriggerSignalAddress
 .bss.xcpClassicTriggerEventId
                0x200002a4        0x2 xcp_ext_classic_trigger.o
                0x200002a4                xcpClassicTriggerEventId
 .bss.xcpClassicTriggerCancelRequest
                0x200002a6        0x1 xcp_ext_classic_trigger.o
                0x200002a6                xcpClassicTriggerCancelRequest
 .bss.xcpOldClassicTriggerSource
                0x200002a7        0x1 xcp_ext_classic_trigger.o
 .bss.xcpClassicTriggerSource
                0x200002a8        0x1 xcp_ext_classic_trigger.o
                0x200002a8                xcpClassicTriggerSource
 .bss.xcpSignalTriggerFired
                0x200002a9        0x1 xcp_ext_classic_trigger.o
 .bss.xcpClassicTriggerStatus
                0x200002aa        0x1 xcp_ext_classic_trigger.o
                0x200002aa                xcpClassicTriggerStatus
 .bss.xcpClassicTriggerMode
                0x200002ab        0x1 xcp_ext_classic_trigger.o
                0x200002ab                xcpClassicTriggerMode
 .bss.xcpClassicTriggerHoldOff
                0x200002ac        0x4 xcp_ext_classic_trigger.o
                0x200002ac                xcpClassicTriggerHoldOff
 .bss.xcpClassicTriggerLevel
                0x200002b0        0x8 xcp_ext_classic_trigger.o
                0x200002b0                xcpClassicTriggerLevel
 .bss.xcpTriggerEnabled
                0x200002b8        0x1 xcp_ext_classic_trigger.o
 .bss.xcpResourceProtectionStatus
                0x200002b9        0x1 xcp.o
 .bss.initialized
                0x200002ba        0x1 xcp.o
 .bss.xcpSessionStatus
                0x200002bb        0x1 xcp.o
 .bss.xcpStatus
                0x200002bc        0x1 xcp.o
 *fill*         0x200002bd        0x1 
 .bss.xcpSessionConfigurationId
                0x200002be        0x2 xcp.o
 .bss.groupPacketLookup
                0x200002c0       0x10 xcp.o
 .bss.xcpUploadSize
                0x200002d0        0x1 xcp_standard.o
 *fill*         0x200002d1        0x3 
 .bss.xcpMta    0x200002d4        0x8 xcp_standard.o
 .bss.packetLookup
                0x200002dc        0x4 xcp_standard.o
 .bss.packetLookup
                0x200002e0        0x4 xcp_daq.o
 .bss.xcpDynamicDaqLists
                0x200002e4        0x8 xcp_daq.o
 .bss.xcpRunningEventCounter
                0x200002ec        0x4 xcp_daq.o
 .bss.xcpDaqLock
                0x200002f0        0x4 xcp_daq.o
 .bss.packetLookup
                0x200002f4        0x4 xcp_calibration.o
 .bss.rxLock    0x200002f8        0x4 xcp_transport.o
 .bss.txFifo    0x200002fc       0x10 xcp_transport.o
 .bss.initialized
                0x2000030c        0x1 xcp_transport.o
 *fill*         0x2000030d        0x3 
 .bss.txLock    0x20000310        0x4 xcp_transport.o
 .bss.rxFifo    0x20000314        0x8 xcp_transport.o
 .bss.xcpMemMainChunk
                0x2000031c     0x2107 xcp_mem_default.o
 .bss.xcpMemReservedPoolsChunk
                0x20002423     0x223b xcp_mem_default.o
 *fill*         0x2000465e        0x2 
 .bss.xcpMemLock
                0x20004660        0x4 xcp_mem_default.o
 .bss.xcpMemPoolDescriptors
                0x20004664       0x64 xcp_mem_default.o
 .bss.xcpMemReservedPoolsChunkUsedBytes
                0x200046c8        0x4 xcp_mem_default.o
 .bss.forceBlocking
                0x200046cc        0x1 xcp_drv_rtiostream.o
 *fill*         0x200046cd        0x1 
 .bss.rxCounter
                0x200046ce        0x2 xcp_frame_serial.o
 .bss.initialized
                0x200046d0        0x1 xcp_frame_serial.o
 *fill*         0x200046d1        0x3 
 .bss.firstRxCounterReceived
                0x200046d4        0x4 xcp_frame_serial.o
 .bss.txCounter
                0x200046d8        0x2 xcp_frame_serial.o
 .bss.receivedSyncByteE
                0x200046da        0x1 rtiostream_serial_daemon.o
                0x200046da                receivedSyncByteE
 .bss.OverrunFlag
                0x200046db        0x1 ert_main.o
 .bss.IsrOverrun
                0x200046dc        0x4 ert_main.o
                0x200046dc                IsrOverrun
 .bss.usb_isr   0x200046e0        0x4 C:/Users/Ege/DOCUME~1/MATLAB/R2020b/ARDUIN~1/ARDUIN~1/FASTER~2\libcore.a(cortex_handlers.o)
 .bss._ulTickCount
                0x200046e4        0x4 C:/Users/Ege/DOCUME~1/MATLAB/R2020b/ARDUIN~1/ARDUIN~1/FASTER~2\libcore.a(delay.o)
 .bss.SerialUSB
                0x200046e8       0x34 C:/Users/Ege/DOCUME~1/MATLAB/R2020b/ARDUIN~1/ARDUIN~1/FASTER~2\libcore.a(CDC.o)
                0x200046e8                SerialUSB
 .bss._ZZ12PluggableUSBvE3obj
                0x2000471c        0x8 C:/Users/Ege/DOCUME~1/MATLAB/R2020b/ARDUIN~1/ARDUIN~1/FASTER~2\libcore.a(PluggableUSB.o)
 .bss._ZGVZ12PluggableUSBvE3obj
                0x20004724        0x4 C:/Users/Ege/DOCUME~1/MATLAB/R2020b/ARDUIN~1/ARDUIN~1/FASTER~2\libcore.a(PluggableUSB.o)
 .bss._ZL14isEndpointHalt
                0x20004728        0x1 C:/Users/Ege/DOCUME~1/MATLAB/R2020b/ARDUIN~1/ARDUIN~1/FASTER~2\libcore.a(USBCore.o)
 *fill*         0x20004729        0x3 
 .bss.EndPoints
                0x2000472c       0x28 C:/Users/Ege/DOCUME~1/MATLAB/R2020b/ARDUIN~1/ARDUIN~1/FASTER~2\libcore.a(USBCore.o)
                0x2000472c                EndPoints
 .bss._pack_buffer
                0x20004754      0x100 C:/Users/Ege/DOCUME~1/MATLAB/R2020b/ARDUIN~1/ARDUIN~1/FASTER~2\libcore.a(USBCore.o)
                0x20004754                _pack_buffer
 .bss._pack_size
                0x20004854        0x2 C:/Users/Ege/DOCUME~1/MATLAB/R2020b/ARDUIN~1/ARDUIN~1/FASTER~2\libcore.a(USBCore.o)
                0x20004854                _pack_size
 .bss._ZL20LastTransmitTimedOut
                0x20004856        0x7 C:/Users/Ege/DOCUME~1/MATLAB/R2020b/ARDUIN~1/ARDUIN~1/FASTER~2\libcore.a(USBCore.o)
 *fill*         0x2000485d        0x3 
 .bss._ZL22udd_ep_in_cache_buffer
                0x20004860      0x1c0 C:/Users/Ege/DOCUME~1/MATLAB/R2020b/ARDUIN~1/ARDUIN~1/FASTER~2\libcore.a(USBCore.o)
 .bss._ZL23udd_ep_out_cache_buffer
                0x20004a20      0x1c0 C:/Users/Ege/DOCUME~1/MATLAB/R2020b/ARDUIN~1/ARDUIN~1/FASTER~2\libcore.a(USBCore.o)
 .bss._ZL10epHandlers
                0x20004be0       0x1c C:/Users/Ege/DOCUME~1/MATLAB/R2020b/ARDUIN~1/ARDUIN~1/FASTER~2\libcore.a(USBCore.o)
 .bss._pack_message
                0x20004bfc        0x1 C:/Users/Ege/DOCUME~1/MATLAB/R2020b/ARDUIN~1/ARDUIN~1/FASTER~2\libcore.a(USBCore.o)
                0x20004bfc                _pack_message
 .bss._ZL21isRemoteWakeUpEnabled
                0x20004bfd        0x1 C:/Users/Ege/DOCUME~1/MATLAB/R2020b/ARDUIN~1/ARDUIN~1/FASTER~2\libcore.a(USBCore.o)
 .bss._dry_run  0x20004bfe        0x1 C:/Users/Ege/DOCUME~1/MATLAB/R2020b/ARDUIN~1/ARDUIN~1/FASTER~2\libcore.a(USBCore.o)
                0x20004bfe                _dry_run
 .bss.USBDevice
                0x20004bff        0x1 C:/Users/Ege/DOCUME~1/MATLAB/R2020b/ARDUIN~1/ARDUIN~1/FASTER~2\libcore.a(USBCore.o)
                0x20004bff                USBDevice
 .bss._usbSetInterface
                0x20004c00        0x4 C:/Users/Ege/DOCUME~1/MATLAB/R2020b/ARDUIN~1/ARDUIN~1/FASTER~2\libcore.a(USBCore.o)
                0x20004c00                _usbSetInterface
 .bss.usbd      0x20004c04      0x104 C:/Users/Ege/DOCUME~1/MATLAB/R2020b/ARDUIN~1/ARDUIN~1/FASTER~2\libcore.a(USBCore.o)
                0x20004c04                usbd
 .bss._usbConfiguration
                0x20004d08        0x4 C:/Users/Ege/DOCUME~1/MATLAB/R2020b/ARDUIN~1/ARDUIN~1/FASTER~2\libcore.a(USBCore.o)
                0x20004d08                _usbConfiguration
 .bss.SerialHCI
                0x20004d0c      0x23c C:/Users/Ege/DOCUME~1/MATLAB/R2020b/ARDUIN~1/ARDUIN~1/FASTER~2\libcore.a(variant.o)
                0x20004d0c                SerialHCI
 .bss.Serial1   0x20004f48      0x23c C:/Users/Ege/DOCUME~1/MATLAB/R2020b/ARDUIN~1/ARDUIN~1/FASTER~2\libcore.a(variant.o)
                0x20004f48                Serial1
 .bss.Serial2   0x20005184      0x23c C:/Users/Ege/DOCUME~1/MATLAB/R2020b/ARDUIN~1/ARDUIN~1/FASTER~2\libcore.a(variant.o)
                0x20005184                Serial2
 .bss.sercom3   0x200053c0        0x4 C:/Users/Ege/DOCUME~1/MATLAB/R2020b/ARDUIN~1/ARDUIN~1/FASTER~2\libcore.a(variant.o)
                0x200053c0                sercom3
 .bss.sercom0   0x200053c4        0x4 C:/Users/Ege/DOCUME~1/MATLAB/R2020b/ARDUIN~1/ARDUIN~1/FASTER~2\libcore.a(variant.o)
                0x200053c4                sercom0
 .bss.sercom1   0x200053c8        0x4 C:/Users/Ege/DOCUME~1/MATLAB/R2020b/ARDUIN~1/ARDUIN~1/FASTER~2\libcore.a(variant.o)
                0x200053c8                sercom1
 .bss.sercom2   0x200053cc        0x4 C:/Users/Ege/DOCUME~1/MATLAB/R2020b/ARDUIN~1/ARDUIN~1/FASTER~2\libcore.a(variant.o)
                0x200053cc                sercom2
 .bss.sercom4   0x200053d0        0x4 C:/Users/Ege/DOCUME~1/MATLAB/R2020b/ARDUIN~1/ARDUIN~1/FASTER~2\libcore.a(variant.o)
                0x200053d0                sercom4
 .bss.sercom5   0x200053d4        0x4 C:/Users/Ege/DOCUME~1/MATLAB/R2020b/ARDUIN~1/ARDUIN~1/FASTER~2\libcore.a(variant.o)
                0x200053d4                sercom5
 .bss.__malloc_sbrk_start
                0x200053d8        0x4 c:/programdata/matlab/supportpackages/r2020b/3p.instrset/arduinoide.instrset/tools/arm-none-eabi-gcc/4.8.3-2014q1/bin/../lib/gcc/arm-none-eabi/4.8.3/../../../../arm-none-eabi/lib/armv6-m\libg_s.a(lib_a-nano-mallocr.o)
                0x200053d8                __malloc_sbrk_start
 .bss.__malloc_free_list
                0x200053dc        0x4 c:/programdata/matlab/supportpackages/r2020b/3p.instrset/arduinoide.instrset/tools/arm-none-eabi-gcc/4.8.3-2014q1/bin/../lib/gcc/arm-none-eabi/4.8.3/../../../../arm-none-eabi/lib/armv6-m\libg_s.a(lib_a-nano-mallocr.o)
                0x200053dc                __malloc_free_list
 .bss.heap_end.4243
                0x200053e0        0x4 c:/programdata/matlab/supportpackages/r2020b/3p.instrset/arduinoide.instrset/tools/arm-none-eabi-gcc/4.8.3-2014q1/bin/../lib/gcc/arm-none-eabi/4.8.3/../../../../arm-none-eabi/lib/armv6-m\libnosys.a(sbrk.o)
 *(COMMON)
 COMMON         0x200053e4       0x14 untitled.o
                0x200053e4                untitled_DW
 COMMON         0x200053f8        0x2 ert_main.o
                0x200053f8                runModel
                0x200053f9                stopRequested
 *fill*         0x200053fa        0x2 
 COMMON         0x200053fc        0x4 c:/programdata/matlab/supportpackages/r2020b/3p.instrset/arduinoide.instrset/tools/arm-none-eabi-gcc/4.8.3-2014q1/bin/../lib/gcc/arm-none-eabi/4.8.3/../../../../arm-none-eabi/lib/armv6-m\libg_s.a(lib_a-reent.o)
                0x200053fc                errno
                0x20005400                . = ALIGN (0x4)
                0x20005400                __bss_end__ = .

.heap           0x20005400        0x0
                0x20005400                __end__ = .
                0x20005400                PROVIDE (end, .)
 *(.heap*)
                0x20005400                __HeapLimit = .

.stack_dummy    0x20005400        0x0
 *(.stack*)
                0x20008000                __StackTop = (ORIGIN (RAM) + 0x8000)
                0x20008000                __StackLimit = (__StackTop - SIZEOF (.stack_dummy))
                0x20008000                PROVIDE (__stack, __StackTop)
                0x20007fff                __ram_end__ = ((ORIGIN (RAM) + 0x8000) - 0x1)
                0x00000001                ASSERT ((__StackLimit >= __HeapLimit), region RAM overflowed with stack)
OUTPUT(../untitled.elf elf32-littlearm)

.ARM.attributes
                0x00000000       0x28