Archive member included because of file (symbol)

c:/programdata/matlab/supportpackages/r2020b/3p.instrset/arduinoide.instrset/tools/arm-none-eabi-gcc/4.8.3-2014q1/bin/../lib/gcc/arm-none-eabi/4.8.3/../../../../arm-none-eabi/lib/armv6-m\libm.a(lib_a-w_fmod.o)
                              xcp_ext_common.o (fmod)
c:/programdata/matlab/supportpackages/r2020b/3p.instrset/arduinoide.instrset/tools/arm-none-eabi-gcc/4.8.3-2014q1/bin/../lib/gcc/arm-none-eabi/4.8.3/../../../../arm-none-eabi/lib/armv6-m\libm.a(lib_a-e_fmod.o)
                              c:/programdata/matlab/supportpackages/r2020b/3p.instrset/arduinoide.instrset/tools/arm-none-eabi-gcc/4.8.3-2014q1/bin/../lib/gcc/arm-none-eabi/4.8.3/../../../../arm-none-eabi/lib/armv6-m\libm.a(lib_a-w_fmod.o) (__ieee754_fmod)
c:/programdata/matlab/supportpackages/r2020b/3p.instrset/arduinoide.instrset/tools/arm-none-eabi-gcc/4.8.3-2014q1/bin/../lib/gcc/arm-none-eabi/4.8.3/../../../../arm-none-eabi/lib/armv6-m\libm.a(lib_a-s_fpclassify.o)
                              c:/programdata/matlab/supportpackages/r2020b/3p.instrset/arduinoide.instrset/tools/arm-none-eabi-gcc/4.8.3-2014q1/bin/../lib/gcc/arm-none-eabi/4.8.3/../../../../arm-none-eabi/lib/armv6-m\libm.a(lib_a-w_fmod.o) (__fpclassifyd)
c:/programdata/matlab/supportpackages/r2020b/3p.instrset/arduinoide.instrset/tools/arm-none-eabi-gcc/4.8.3-2014q1/bin/../lib/gcc/arm-none-eabi/4.8.3/../../../../arm-none-eabi/lib/armv6-m\libm.a(lib_a-s_lib_ver.o)
                              c:/programdata/matlab/supportpackages/r2020b/3p.instrset/arduinoide.instrset/tools/arm-none-eabi-gcc/4.8.3-2014q1/bin/../lib/gcc/arm-none-eabi/4.8.3/../../../../arm-none-eabi/lib/armv6-m\libm.a(lib_a-w_fmod.o) (__fdlib_version)
c:/programdata/matlab/supportpackages/r2020b/3p.instrset/arduinoide.instrset/tools/arm-none-eabi-gcc/4.8.3-2014q1/bin/../lib/gcc/arm-none-eabi/4.8.3/../../../../arm-none-eabi/lib/armv6-m\libm.a(lib_a-s_matherr.o)
                              c:/programdata/matlab/supportpackages/r2020b/3p.instrset/arduinoide.instrset/tools/arm-none-eabi-gcc/4.8.3-2014q1/bin/../lib/gcc/arm-none-eabi/4.8.3/../../../../arm-none-eabi/lib/armv6-m\libm.a(lib_a-w_fmod.o) (matherr)
C:/Users/Ege/DOCUME~1/MATLAB/R2020b/ARDUIN~1/ARDUIN~1/FASTER~2\libipwifi.a(WiFi.o)
                              MW_ArduinoHWInit.o (WiFiClass::begin(char const*, char const*))
C:/Users/Ege/DOCUME~1/MATLAB/R2020b/ARDUIN~1/ARDUIN~1/FASTER~2\libipwifi.a(WiFiClient.o)
                              MW_WiFiTCP.o (WiFiClient::WiFiClient())
C:/Users/Ege/DOCUME~1/MATLAB/R2020b/ARDUIN~1/ARDUIN~1/FASTER~2\libipwifi.a(WiFiServer.o)
                              MW_WiFiTCP.o (WiFiServer::WiFiServer(unsigned short))
C:/Users/Ege/DOCUME~1/MATLAB/R2020b/ARDUIN~1/ARDUIN~1/FASTER~2\libipwifi.a(server_drv.o)
                              C:/Users/Ege/DOCUME~1/MATLAB/R2020b/ARDUIN~1/ARDUIN~1/FASTER~2\libipwifi.a(WiFiServer.o) (ServerDrv::startServer(unsigned short, unsigned char, unsigned char))
C:/Users/Ege/DOCUME~1/MATLAB/R2020b/ARDUIN~1/ARDUIN~1/FASTER~2\libipwifi.a(spi_drv.o)
                              C:/Users/Ege/DOCUME~1/MATLAB/R2020b/ARDUIN~1/ARDUIN~1/FASTER~2\libipwifi.a(server_drv.o) (SpiDrv::begin())
C:/Users/Ege/DOCUME~1/MATLAB/R2020b/ARDUIN~1/ARDUIN~1/FASTER~2\libipwifi.a(wifi_drv.o)
                              C:/Users/Ege/DOCUME~1/MATLAB/R2020b/ARDUIN~1/ARDUIN~1/FASTER~2\libipwifi.a(WiFiClient.o) (WiFiDrv::getRemoteData(unsigned char, unsigned char*, unsigned char*))
C:/Users/Ege/DOCUME~1/MATLAB/R2020b/ARDUIN~1/ARDUIN~1/FASTER~2\libipwifi.a(WiFiSocketBuffer.o)
                              C:/Users/Ege/DOCUME~1/MATLAB/R2020b/ARDUIN~1/ARDUIN~1/FASTER~2\libipwifi.a(WiFiClient.o) (WiFiSocketBufferClass::close(int))
C:/Users/Ege/DOCUME~1/MATLAB/R2020b/ARDUIN~1/ARDUIN~1/FASTER~2\libipwifi.a(variant.o)
                              C:/Users/Ege/DOCUME~1/MATLAB/R2020b/ARDUIN~1/ARDUIN~1/FASTER~2\libipwifi.a(spi_drv.o) (PINCOUNT_fn)
C:/Users/Ege/DOCUME~1/MATLAB/R2020b/ARDUIN~1/ARDUIN~1/FASTER~2\libcomm.a(SPI.o)
                              C:/Users/Ege/DOCUME~1/MATLAB/R2020b/ARDUIN~1/ARDUIN~1/FASTER~2\libipwifi.a(spi_drv.o) (SPIClass::begin())
C:/Users/Ege/DOCUME~1/MATLAB/R2020b/ARDUIN~1/ARDUIN~1/FASTER~2\libcore.a(cortex_handlers.o)
                              (Reset_Handler)
C:/Users/Ege/DOCUME~1/MATLAB/R2020b/ARDUIN~1/ARDUIN~1/FASTER~2\libcore.a(hooks.o)
                              C:/Users/Ege/DOCUME~1/MATLAB/R2020b/ARDUIN~1/ARDUIN~1/FASTER~2\libcore.a(cortex_handlers.o) (sysTickHook)
C:/Users/Ege/DOCUME~1/MATLAB/R2020b/ARDUIN~1/ARDUIN~1/FASTER~2\libcore.a(delay.o)
                              MW_WiFiTCP.o (millis)
C:/Users/Ege/DOCUME~1/MATLAB/R2020b/ARDUIN~1/ARDUIN~1/FASTER~2\libcore.a(startup.o)
                              C:/Users/Ege/DOCUME~1/MATLAB/R2020b/ARDUIN~1/ARDUIN~1/FASTER~2\libcore.a(cortex_handlers.o) (SystemInit)
C:/Users/Ege/DOCUME~1/MATLAB/R2020b/ARDUIN~1/ARDUIN~1/FASTER~2\libcore.a(wiring.o)
                              ert_main.o (init)
[...]
Memory Configuration

Name             Origin             Length             Attributes
FLASH            0x00002000         0x0003e000         xr
RAM              0x20000000         0x00008000         xrw
*default*        0x00000000         0xffffffff

Linker script and memory map

LOAD c:/programdata/matlab/supportpackages/r2020b/3p.instrset/arduinoide.instrset/tools/arm-none-eabi-gcc/4.8.3-2014q1/bin/../lib/gcc/arm-none-eabi/4.8.3/armv6-m/crti.o
LOAD c:/programdata/matlab/supportpackages/r2020b/3p.instrset/arduinoide.instrset/tools/arm-none-eabi-gcc/4.8.3-2014q1/bin/../lib/gcc/arm-none-eabi/4.8.3/armv6-m/crtbegin.o
LOAD c:/programdata/matlab/supportpackages/r2020b/3p.instrset/arduinoide.instrset/tools/arm-none-eabi-gcc/4.8.3-2014q1/bin/../lib/gcc/arm-none-eabi/4.8.3/../../../../arm-none-eabi/lib/armv6-m/crt0.o
START GROUP
LOAD C:/ProgramData/MATLAB/SupportPackages/R2020b/3P.instrset/arduinoide.instrset/portable/packages/arduino/tools/CMSIS/4.5.0/CMSIS/Lib/GCC\libarm_cortexM0l_math.a
LOAD MW_PWM.o
LOAD MW_PWMDriver.o
LOAD ArduinoPinHandleMap.o
LOAD MW_WiFiTCP.o
LOAD xcp_ext_work.o
LOAD fsmtest.o
LOAD rtGetInf.o
LOAD rtGetNaN.o
LOAD rt_nonfinite.o
LOAD xcp_ext_common.o
LOAD xcp_ext_classic_trigger.o
LOAD xcp.o
LOAD xcp_standard.o
LOAD xcp_daq.o
LOAD xcp_calibration.o
LOAD xcp_fifo.o
LOAD xcp_transport.o
LOAD xcp_mem_default.o
LOAD xcp_drv_rtiostream.o
LOAD xcp_frame_serial.o
LOAD xcp_ext_param_default_serial.o
LOAD MW_ArduinoHWInit.o
LOAD io_wrappers.o
LOAD arduinoARM_M0plusScheduler.o
LOAD m0m1m0plus_multitasking.o
LOAD rtiostream_serial_daemon.o
LOAD sys_arch.o
LOAD ert_main.o
LOAD C:/Users/Ege/DOCUME~1/MATLAB/R2020b/ARDUIN~1/ARDUIN~1/FASTER~2/MW_RebuildSrc_WiFi.o
LOAD C:/Users/Ege/DOCUME~1/MATLAB/R2020b/ARDUIN~1/ARDUIN~1/FASTER~2/MW_RebuildSrc_Comm.o
LOAD C:/Users/Ege/DOCUME~1/MATLAB/R2020b/ARDUIN~1/ARDUIN~1/FASTER~2/MW_RebuildSrc_Core.o
END GROUP
LOAD c:/programdata/matlab/supportpackages/r2020b/3p.instrset/arduinoide.instrset/tools/arm-none-eabi-gcc/4.8.3-2014q1/bin/../lib/gcc/arm-none-eabi/4.8.3/../../../../arm-none-eabi/lib/armv6-m\libm.a
LOAD C:/Users/Ege/DOCUME~1/MATLAB/R2020b/ARDUIN~1/ARDUIN~1/FASTER~2\libipwifi.a
LOAD C:/Users/Ege/DOCUME~1/MATLAB/R2020b/ARDUIN~1/ARDUIN~1/FASTER~2\libcomm.a
LOAD C:/Users/Ege/DOCUME~1/MATLAB/R2020b/ARDUIN~1/ARDUIN~1/FASTER~2\libcore.a
START GROUP
LOAD c:/programdata/matlab/supportpackages/r2020b/3p.instrset/arduinoide.instrset/tools/arm-none-eabi-gcc/4.8.3-2014q1/bin/../lib/gcc/arm-none-eabi/4.8.3/armv6-m\libgcc.a
LOAD c:/programdata/matlab/supportpackages/r2020b/3p.instrset/arduinoide.instrset/tools/arm-none-eabi-gcc/4.8.3-2014q1/bin/../lib/gcc/arm-none-eabi/4.8.3/../../../../arm-none-eabi/lib/armv6-m\libg_s.a
LOAD c:/programdata/matlab/supportpackages/r2020b/3p.instrset/arduinoide.instrset/tools/arm-none-eabi-gcc/4.8.3-2014q1/bin/../lib/gcc/arm-none-eabi/4.8.3/../../../../arm-none-eabi/lib/armv6-m\libc_s.a
END GROUP
START GROUP
LOAD c:/programdata/matlab/supportpackages/r2020b/3p.instrset/arduinoide.instrset/tools/arm-none-eabi-gcc/4.8.3-2014q1/bin/../lib/gcc/arm-none-eabi/4.8.3/armv6-m\libgcc.a
LOAD c:/programdata/matlab/supportpackages/r2020b/3p.instrset/arduinoide.instrset/tools/arm-none-eabi-gcc/4.8.3-2014q1/bin/../lib/gcc/arm-none-eabi/4.8.3/../../../../arm-none-eabi/lib/armv6-m\libc_s.a
LOAD c:/programdata/matlab/supportpackages/r2020b/3p.instrset/arduinoide.instrset/tools/arm-none-eabi-gcc/4.8.3-2014q1/bin/../lib/gcc/arm-none-eabi/4.8.3/../../../../arm-none-eabi/lib/armv6-m\libnosys.a
END GROUP
START GROUP
LOAD c:/programdata/matlab/supportpackages/r2020b/3p.instrset/arduinoide.instrset/tools/arm-none-eabi-gcc/4.8.3-2014q1/bin/../lib/gcc/arm-none-eabi/4.8.3/armv6-m\libgcc.a
LOAD c:/programdata/matlab/supportpackages/r2020b/3p.instrset/arduinoide.instrset/tools/arm-none-eabi-gcc/4.8.3-2014q1/bin/../lib/gcc/arm-none-eabi/4.8.3/../../../../arm-none-eabi/lib/armv6-m\libc_s.a
LOAD c:/programdata/matlab/supportpackages/r2020b/3p.instrset/arduinoide.instrset/tools/arm-none-eabi-gcc/4.8.3-2014q1/bin/../lib/gcc/arm-none-eabi/4.8.3/../../../../arm-none-eabi/lib/armv6-m\libnosys.a
END GROUP
LOAD c:/programdata/matlab/supportpackages/r2020b/3p.instrset/arduinoide.instrset/tools/arm-none-eabi-gcc/4.8.3-2014q1/bin/../lib/gcc/arm-none-eabi/4.8.3/armv6-m/crtend.o
LOAD c:/programdata/matlab/supportpackages/r2020b/3p.instrset/arduinoide.instrset/tools/arm-none-eabi-gcc/4.8.3-2014q1/bin/../lib/gcc/arm-none-eabi/4.8.3/armv6-m/crtn.o

.text           0x00002000     0x99f4
                0x00002000                __text_start__ = .
 *(.isr_vector)
 .isr_vector    0x00002000       0xb4 C:/Users/Ege/DOCUME~1/MATLAB/R2020b/ARDUIN~1/ARDUIN~1/FASTER~2\libcore.a(cortex_handlers.o)
                0x00002000                exception_table
 *(.text*)
 .text          0x000020b4       0x60 c:/programdata/matlab/supportpackages/r2020b/3p.instrset/arduinoide.instrset/tools/arm-none-eabi-gcc/4.8.3-2014q1/bin/../lib/gcc/arm-none-eabi/4.8.3/armv6-m/crtbegin.o
 .text.MW_PWM_Start
                0x00002114        0x2 MW_PWM.o
                0x00002114                MW_PWM_Start
 *fill*         0x00002116        0x2 
 .text.MW_PWM_SetDutyCycle
                0x00002118       0x50 MW_PWM.o
                0x00002118                MW_PWM_SetDutyCycle
 .text.MW_PWM_GetHandle
                0x00002168       0x24 MW_PWM.o
                0x00002168                MW_PWM_GetHandle
 .text.setPWMHandle
                0x0000218c       0x2c MW_PWM.o
                0x0000218c                setPWMHandle
 .text.MW_PWM_Open
                0x000021b8       0x58 MW_PWM.o
                0x000021b8                MW_PWM_Open
 .text.MW_PWM_Close
                0x00002210       0x14 MW_PWM.o
                0x00002210                MW_PWM_Close
 .text.MW_analogWrite
                0x00002224       0xd4 MW_PWMDriver.o
                0x00002224                MW_analogWrite
 .text.MW_setAnalogFrequency
                0x000022f8      0x13c MW_PWMDriver.o
                0x000022f8                MW_setAnalogFrequency
 .text.MW_WifiAndWifiTCPServerBegin
                0x00002434       0x24 MW_WiFiTCP.o
                0x00002434                MW_WifiAndWifiTCPServerBegin
 .text.checkDataBlockingMode
                0x00002458       0xc0 MW_WiFiTCP.o
                0x00002458                checkDataBlockingMode
 .text.checkClientConnectionBlockingMode
                0x00002518       0xe8 MW_WiFiTCP.o
                0x00002518                checkClientConnectionBlockingMode
 .text.MW_WifiTCPFinalread
                0x00002600      0x148 MW_WiFiTCP.o
                0x00002600                MW_WifiTCPFinalread
 .text.startup._GLOBAL__sub_I_server
                0x00002748       0x44 MW_WiFiTCP.o
 .text.rtExtModeWaitForStartPkt
                0x0000278c       0x78 xcp_ext_work.o
                0x0000278c                rtExtModeWaitForStartPkt
 .text.rtExtModeOneStep
                0x00002804       0x24 xcp_ext_work.o
                0x00002804                rtExtModeOneStep
 .text.rtExtModeUpload
                0x00002828       0x36 xcp_ext_work.o
                0x00002828                rtExtModeUpload
 .text.rtExtModeCheckEndTrigger
                0x0000285e        0x2 xcp_ext_work.o
                0x0000285e                rtExtModeCheckEndTrigger
 .text.rtExtModeUploadCheckTrigger
                0x00002860        0x2 xcp_ext_work.o
                0x00002860                rtExtModeUploadCheckTrigger
 .text.rtExtModeCheckInit
                0x00002862       0x16 xcp_ext_work.o
                0x00002862                rtExtModeCheckInit
 .text.rtExtModeShutdown
                0x00002878        0xc xcp_ext_work.o
                0x00002878                rtExtModeShutdown
 *fill*         0x00002884        0x4 
 .text.rtERTExtModeSetTFinal
                0x00002888       0x30 xcp_ext_work.o
                0x00002888                rtERTExtModeSetTFinal
 .text.rtSetTFinalForExtMode
                0x000028b8        0x8 xcp_ext_work.o
                0x000028b8                rtSetTFinalForExtMode
 .text.rtParseArgsForExtMode
                0x000028c0        0x2 xcp_ext_work.o
                0x000028c0                rtParseArgsForExtMode
 .text.rtERTExtModeStartMsg
                0x000028c2        0x2 xcp_ext_work.o
                0x000028c2                rtERTExtModeStartMsg
 *fill*         0x000028c4        0x4 
 .text.fsmtest_step
                0x000028c8       0xf0 fsmtest.o
                0x000028c8                fsmtest_step
 .text.fsmtest_initialize
                0x000029b8       0xe8 fsmtest.o
                0x000029b8                fsmtest_initialize
 .text.fsmtest_terminate
                0x00002aa0       0x48 fsmtest.o
                0x00002aa0                fsmtest_terminate
 .text.rtGetInf
                0x00002ae8       0x10 rtGetInf.o
                0x00002ae8                rtGetInf
 .text.rtGetInfF
                0x00002af8        0x6 rtGetInf.o
                0x00002af8                rtGetInfF
 *fill*         0x00002afe        0x2 
 .text.rtGetMinusInf
                0x00002b00       0x10 rtGetInf.o
                0x00002b00                rtGetMinusInf
 .text.rtGetMinusInfF
                0x00002b10        0x8 rtGetInf.o
                0x00002b10                rtGetMinusInfF
 .text.rtGetNaN
                0x00002b18       0x10 rtGetNaN.o
                0x00002b18                rtGetNaN
 .text.rtGetNaNF
                0x00002b28        0x8 rtGetNaN.o
                0x00002b28                rtGetNaNF
 .text.rt_InitInfAndNaN
                0x00002b30       0x54 rt_nonfinite.o
                0x00002b30                rt_InitInfAndNaN
 *fill*         0x00002b84        0x4 
 .text.xcpExtModeUpdateTime
                0x00002b88       0xf0 xcp_ext_common.o
                0x00002b88                xcpExtModeUpdateTime
 .text.xcpExtModeGetUpdatedTimestamp
                0x00002c78       0x48 xcp_ext_common.o
                0x00002c78                xcpExtModeGetUpdatedTimestamp
 .text.xcpExtModeInit
                0x00002cc0       0x30 xcp_ext_common.o
                0x00002cc0                xcpExtModeInit
 .text.xcpExtModeRunBackground
                0x00002cf0       0x74 xcp_ext_common.o
                0x00002cf0                xcpExtModeRunBackground
 *fill*         0x00002d64        0x4 
 .text.xcpExtModeReset
                0x00002d68       0xb8 xcp_ext_common.o
                0x00002d68                xcpExtModeReset
 .text.xcpExtModeClassicTriggerInit
                0x00002e20       0x58 xcp_ext_classic_trigger.o
                0x00002e20                xcpExtModeClassicTriggerInit
 .text.xcpExtModeClassicTriggerEnabled
                0x00002e78      0x334 xcp_ext_classic_trigger.o
                0x00002e78                xcpExtModeClassicTriggerEnabled
 *fill*         0x000031ac        0x4 
 .text.xcpExtModeClassicTriggerReset
                0x000031b0       0xb8 xcp_ext_classic_trigger.o
                0x000031b0                xcpExtModeClassicTriggerReset
 .text.unknownInputPacketHandler
                0x00003268        0xa xcp.o
 .text.discardInputPacketHandler
                0x00003272       0x12 xcp.o
 .text.genericOutputPacketHandler
                0x00003284       0x58 xcp.o
                0x00003284                genericOutputPacketHandler
 .text.xcpStatusSet
                0x000032dc        0xc xcp.o
                0x000032dc                xcpStatusSet
 .text.xcpSessionStatusGet
                0x000032e8        0xc xcp.o
                0x000032e8                xcpSessionStatusGet
 .text.xcpSessionStatusSetMask
                0x000032f4       0x10 xcp.o
                0x000032f4                xcpSessionStatusSetMask
 .text.xcpSessionStatusClearMask
                0x00003304       0x10 xcp.o
                0x00003304                xcpSessionStatusClearMask
 .text.xcpResourceProtectionStatusGet
                0x00003314        0xc xcp.o
                0x00003314                xcpResourceProtectionStatusGet
 .text.xcpSessionConfigurationIdGet
                0x00003320        0xc xcp.o
                0x00003320                xcpSessionConfigurationIdGet
 .text.xcpFindPacket
                0x0000332c       0x2a xcp.o
                0x0000332c                xcpFindPacket
 *fill*         0x00003356        0x2 
 .text.xcpInit  0x00003358       0x40 xcp.o
                0x00003358                xcpInit
 .text.xcpRun   0x00003398      0x178 xcp.o
                0x00003398                xcpRun
 .text.xcpEventExternalTimestamp
                0x00003510       0x1c xcp.o
                0x00003510                xcpEventExternalTimestamp
 .text.xcpGetStatus
                0x0000352c        0xc xcp.o
                0x0000352c                xcpGetStatus
 .text.xcpReset
                0x00003538       0x28 xcp.o
                0x00003538                xcpReset
 .text.getStatusInputPacketHandler
                0x00003560        0x8 xcp_standard.o
 .text.getPacket
                0x00003568       0x10 xcp_standard.o
 .text.uploadInputPacketHandler
                0x00003578       0x2c xcp_standard.o
 .text.synchInputPacketHandler
                0x000035a4       0x12 xcp_standard.o
 .text.getStatusOutputPacketHandler
                0x000035b6       0x2a xcp_standard.o
 .text.disconnectInputPacketHandler
                0x000035e0       0x24 xcp_standard.o
 .text.connectInputPacketHandler
                0x00003604       0x34 xcp_standard.o
 .text.connectOutputPacketHandler
                0x00003638       0x3e xcp_standard.o
 *fill*         0x00003676        0x2 
 .text.xcpStandardInit
                0x00003678       0x10 xcp_standard.o
                0x00003678                xcpStandardInit
 .text.xcpStandardGetPacketLookup
                0x00003688        0xc xcp_standard.o
                0x00003688                xcpStandardGetPacketLookup
 .text.xcpStandardReset
                0x00003694        0xc xcp_standard.o
                0x00003694                xcpStandardReset
 .text.xcpStandardGetAddressFromMta
                0x000036a0        0xc xcp_standard.o
                0x000036a0                xcpStandardGetAddressFromMta
 .text.xcpStandardSetMta
                0x000036ac       0x1c xcp_standard.o
                0x000036ac                xcpStandardSetMta
 .text.shortUploadInputPacketHandler
                0x000036c8       0x54 xcp_standard.o
 .text.setMTAInputPacketHandler
                0x0000371c       0x36 xcp_standard.o
 *fill*         0x00003752        0x2 
 .text.xcpStandardIncrementMta
                0x00003754       0x10 xcp_standard.o
                0x00003754                xcpStandardIncrementMta
 .text.shortUploadOutputPacketHandler
                0x00003764       0x40 xcp_standard.o
 .text.uploadOutputPacketHandler
                0x000037a4       0x40 xcp_standard.o
 .text.isActiveDaqList
                0x000037e4       0x20 xcp_daq.o
 .text.noActiveDaqLists
                0x00003804       0x2c xcp_daq.o
 .text.isValidDaqPtr
                0x00003830       0x44 xcp_daq.o
 .text.setDaqPtrInputPacketHandler
                0x00003874       0x50 xcp_daq.o
 .text.writeDaqInputPacketHandler
                0x000038c4       0x94 xcp_daq.o
 .text.setDaqListModeInputPacketHandler
                0x00003958       0x84 xcp_daq.o
 .text.getDaqProcessorInfoInputPacketHandler
                0x000039dc        0x8 xcp_daq.o
 .text.getDaqResolutionInfoInputPacketHandler
                0x000039e4        0x8 xcp_daq.o
 .text.getDaqResolutionInfoOutputPacketHandler
                0x000039ec       0x28 xcp_daq.o
 .text.getDaqProcessorInfoOutputPacketHandler
                0x00003a14       0x2a xcp_daq.o
 *fill*         0x00003a3e        0x2 
 .text.getPacket
                0x00003a40       0x10 xcp_daq.o
 .text.allocOdtEntryInputPacketHandler
                0x00003a50       0x9c xcp_daq.o
 .text.allocOdtInputPacketHandler
                0x00003aec       0x80 xcp_daq.o
 .text.allocDaqInputPacketHandler
                0x00003b6c       0x68 xcp_daq.o
 .text.createDaqReservedPool
                0x00003bd4       0x48 xcp_daq.o
 .text.startStopSynchInputPacketHandler
                0x00003c1c      0x124 xcp_daq.o
 .text.startStopDaqListInputPacketHandler
                0x00003d40      0x194 xcp_daq.o
 .text.startStopDaqListOutputPacketHandler
                0x00003ed4       0x2c xcp_daq.o
 .text.xcpDaqInit
                0x00003f00       0x2c xcp_daq.o
                0x00003f00                xcpDaqInit
 .text.xcpDaqGetPacketLookup
                0x00003f2c        0xc xcp_daq.o
                0x00003f2c                xcpDaqGetPacketLookup
 .text.xcpDaqEvent
                0x00003f38      0x184 xcp_daq.o
                0x00003f38                xcpDaqEvent
 .text.xcpResetDaqListStatus
                0x000040bc       0xac xcp_daq.o
                0x000040bc                xcpResetDaqListStatus
 .text.freeDaqInputPacketHandler
                0x00004168       0x24 xcp_daq.o
 .text.xcpDaqReset
                0x0000418c       0x1c xcp_daq.o
                0x0000418c                xcpDaqReset
 .text.getPacket
                0x000041a8       0x10 xcp_calibration.o
 .text.shortDownloadInputPacketHandler
                0x000041b8       0x5e xcp_calibration.o
 .text.downloadInputPacketHandler
                0x00004216       0x3a xcp_calibration.o
 .text.xcpCalibrationInit
                0x00004250       0x10 xcp_calibration.o
                0x00004250                xcpCalibrationInit
 .text.xcpCalibrationGetPacketLookup
                0x00004260        0xc xcp_calibration.o
                0x00004260                xcpCalibrationGetPacketLookup
 .text.xcpCalibrationReset
                0x0000426c        0x2 xcp_calibration.o
                0x0000426c                xcpCalibrationReset
 .text.xcpFifoInit
                0x0000426e        0x8 xcp_fifo.o
                0x0000426e                xcpFifoInit
 .text.xcpFifoEnqueue
                0x00004276        0xc xcp_fifo.o
                0x00004276                xcpFifoEnqueue
 .text.xcpFifoDequeue
                0x00004282       0x16 xcp_fifo.o
                0x00004282                xcpFifoDequeue
 .text.xcpFifoEnqueueHead
                0x00004298        0xe xcp_fifo.o
                0x00004298                xcpFifoEnqueueHead
 .text.xcpFifoReset
                0x000042a6        0x8 xcp_fifo.o
                0x000042a6                xcpFifoReset
 *fill*         0x000042ae        0x2 
 .text.xcpTransportEmptyTxFifo
                0x000042b0       0x44 xcp_transport.o
 .text.xcpTransportEmptyRxFifo
                0x000042f4       0x38 xcp_transport.o
 .text.xcpTransportTx
                0x0000432c       0x80 xcp_transport.o
                0x0000432c                xcpTransportTx
 .text.xcpTransportRx
                0x000043ac       0x50 xcp_transport.o
                0x000043ac                xcpTransportRx
 .text.xcpTransportPacketOffset
                0x000043fc        0xa xcp_transport.o
                0x000043fc                xcpTransportPacketOffset
 *fill*         0x00004406        0x2 
 .text.xcpTransportTxPacketSet
                0x00004408       0x80 xcp_transport.o
                0x00004408                xcpTransportTxPacketSet
 .text.xcpTransportRxPacketGet
                0x00004488       0x84 xcp_transport.o
                0x00004488                xcpTransportRxPacketGet
 .text.xcpTransportMsgBufferSize
                0x0000450c       0x2a xcp_transport.o
                0x0000450c                xcpTransportMsgBufferSize
 *fill*         0x00004536        0x2 
 .text.xcpTransportInit
                0x00004538       0x84 xcp_transport.o
                0x00004538                xcpTransportInit
 .text.xcpTransportMaxDtoSize
                0x000045bc        0x8 xcp_transport.o
                0x000045bc                xcpTransportMaxDtoSize
 .text.xcpTransportMaxCtoSize
                0x000045c4        0x8 xcp_transport.o
                0x000045c4                xcpTransportMaxCtoSize
 .text.xcpTransportRestart
                0x000045cc       0x16 xcp_transport.o
                0x000045cc                xcpTransportRestart
 .text.xcpTransportResynch
                0x000045e2       0x12 xcp_transport.o
                0x000045e2                xcpTransportResynch
 .text.xcpTransportCtoReservedMemPoolId
                0x000045f4        0xc xcp_transport.o
                0x000045f4                xcpTransportCtoReservedMemPoolId
 .text.xcpTransportReset
                0x00004600       0x58 xcp_transport.o
                0x00004600                xcpTransportReset
 .text.xcpInitializePoolMemoryArea
                0x00004658       0x28 xcp_mem_default.o
 .text.xcpMemInit
                0x00004680       0x8c xcp_mem_default.o
                0x00004680                xcpMemInit
 .text.xcpMemAlloc
                0x0000470c       0x74 xcp_mem_default.o
                0x0000470c                xcpMemAlloc
 .text.xcpMemFree
                0x00004780       0x3c xcp_mem_default.o
                0x00004780                xcpMemFree
 .text.xcpMemReservedPoolCreate
                0x000047bc       0xf0 xcp_mem_default.o
                0x000047bc                xcpMemReservedPoolCreate
 .text.xcpMemReservedPoolDestroy
                0x000048ac       0xa8 xcp_mem_default.o
                0x000048ac                xcpMemReservedPoolDestroy
 .text.xcpMemAllocFromPool
                0x00004954       0x5c xcp_mem_default.o
                0x00004954                xcpMemAllocFromPool
 .text.xcpMemReset
                0x000049b0       0x44 xcp_mem_default.o
                0x000049b0                xcpMemReset
 .text.xcpDrvOpen
                0x000049f4       0x24 xcp_drv_rtiostream.o
                0x000049f4                xcpDrvOpen
 .text.xcpDrvIoctl
                0x00004a18       0x18 xcp_drv_rtiostream.o
                0x00004a18                xcpDrvIoctl
 .text.xcpDrvSend
                0x00004a30       0x94 xcp_drv_rtiostream.o
                0x00004a30                xcpDrvSend
 .text.xcpDrvRecv
                0x00004ac4       0x94 xcp_drv_rtiostream.o
                0x00004ac4                xcpDrvRecv
 .text.xcpDrvClose
                0x00004b58       0x28 xcp_drv_rtiostream.o
                0x00004b58                xcpDrvClose
 .text.xcpSxiChecksum
                0x00004b80       0x20 xcp_frame_serial.o
                0x00004b80                xcpSxiChecksum
 .text.xcpFrameInit
                0x00004ba0       0x3c xcp_frame_serial.o
                0x00004ba0                xcpFrameInit
 .text.xcpFrameMsgSend
                0x00004bdc       0xa4 xcp_frame_serial.o
                0x00004bdc                xcpFrameMsgSend
 .text.xcpFrameMsgRecv
                0x00004c80       0xbc xcp_frame_serial.o
                0x00004c80                xcpFrameMsgRecv
 .text.xcpFrameCreateMsg
                0x00004d3c       0x28 xcp_frame_serial.o
                0x00004d3c                xcpFrameCreateMsg
 .text.xcpFrameExtractPacket
                0x00004d64       0xa8 xcp_frame_serial.o
                0x00004d64                xcpFrameExtractPacket
 .text.xcpFrameHeaderSize
                0x00004e0c        0x4 xcp_frame_serial.o
                0x00004e0c                xcpFrameHeaderSize
 .text.xcpFrameTailSize
                0x00004e10        0x4 xcp_frame_serial.o
                0x00004e10                xcpFrameTailSize
 .text.xcpFrameMaxDtoSize
                0x00004e14        0x8 xcp_frame_serial.o
                0x00004e14                xcpFrameMaxDtoSize
 .text.xcpFrameMaxCtoSize
                0x00004e1c        0x4 xcp_frame_serial.o
                0x00004e1c                xcpFrameMaxCtoSize
 .text.xcpFrameRestart
                0x00004e20       0x1c xcp_frame_serial.o
                0x00004e20                xcpFrameRestart
 .text.xcpFrameSetCtoReservedMemPoolId
                0x00004e3c        0xc xcp_frame_serial.o
                0x00004e3c                xcpFrameSetCtoReservedMemPoolId
 .text.xcpFrameReset
                0x00004e48       0x38 xcp_frame_serial.o
                0x00004e48                xcpFrameReset
 .text.xcpTransportGetInitParameters
                0x00004e80       0x10 xcp_ext_param_default_serial.o
                0x00004e80                xcpTransportGetInitParameters
 .text.xcpGetInitParameters
                0x00004e90       0x10 xcp_ext_param_default_serial.o
                0x00004e90                xcpGetInitParameters
 .text.MW_Arduino_Init
                0x00004ea0       0xdc MW_ArduinoHWInit.o
                0x00004ea0                MW_Arduino_Init
 .text.MW_Arduino_Terminate
                0x00004f7c        0x8 MW_ArduinoHWInit.o
                0x00004f7c                MW_Arduino_Terminate
 .text.startup._GLOBAL__sub_I_wifiLocalIpAddress
                0x00004f84       0x40 MW_ArduinoHWInit.o
 .text.MW_usbattach
                0x00004fc4       0x1c io_wrappers.o
                0x00004fc4                MW_usbattach
 .text.Serial_begin
                0x00004fe0       0x24 io_wrappers.o
                0x00004fe0                Serial_begin
 .text._ZL13Scheduler_Isrv
                0x00005004        0xc arduinoARM_M0plusScheduler.o
 .text.resetExternalChip
                0x00005010        0x2 arduinoARM_M0plusScheduler.o
                0x00005010                resetExternalChip
 *fill*         0x00005012        0x2 
 .text.RTC_Handler
                0x00005014       0x20 arduinoARM_M0plusScheduler.o
                0x00005014                RTC_Handler
 .text.Setup_SchedulerRTC
                0x00005034       0xac arduinoARM_M0plusScheduler.o
                0x00005034                Setup_SchedulerRTC
 .text.configureArduinoARM_M0plusTimer
                0x000050e0       0x14 arduinoARM_M0plusScheduler.o
                0x000050e0                configureArduinoARM_M0plusTimer
 .text.disable_rt_OneStep
                0x000050f4       0x14 arduinoARM_M0plusScheduler.o
                0x000050f4                disable_rt_OneStep
 .text.MW_Arduino_Loop
                0x00005108        0x4 arduinoARM_M0plusScheduler.o
                0x00005108                MW_Arduino_Loop
 .text.arm_cortex_m_call_thread_with_context_switch
                0x0000510c       0x24 m0m1m0plus_multitasking.o
                0x0000510c                arm_cortex_m_call_thread_with_context_switch
 .text.SVC_Handler
                0x00005130       0x2c m0m1m0plus_multitasking.o
                0x00005130                SVC_Handler
 .text.rtIOStreamOpen
                0x0000515c       0x28 rtiostream_serial_daemon.o
                0x0000515c                rtIOStreamOpen
 .text.rtIOStreamRecv
                0x00005184       0x64 rtiostream_serial_daemon.o
                0x00005184                rtIOStreamRecv
 .text.rtIOStreamClose
                0x000051e8       0x24 rtiostream_serial_daemon.o
                0x000051e8                rtIOStreamClose
 .text.rtIOStreamSend
                0x0000520c       0x18 rtiostream_serial_daemon.o
                0x0000520c                rtIOStreamSend
 .text.sys_arch_protect
                0x00005224        0x8 sys_arch.o
                0x00005224                sys_arch_protect
 .text.sys_arch_unprotect
                0x0000522c        0x6 sys_arch.o
                0x0000522c                sys_arch_unprotect
 *fill*         0x00005232        0x2 
 .text.rt_OneStep
                0x00005234       0x38 ert_main.o
                0x00005234                rt_OneStep
 .text.startup.main
                0x0000526c       0xfc ert_main.o
                0x0000526c                main
 .text.fmod     0x00005368       0xd0 c:/programdata/matlab/supportpackages/r2020b/3p.instrset/arduinoide.instrset/tools/arm-none-eabi-gcc/4.8.3-2014q1/bin/../lib/gcc/arm-none-eabi/4.8.3/../../../../arm-none-eabi/lib/armv6-m\libm.a(lib_a-w_fmod.o)
                0x00005368                fmod
 .text.__ieee754_fmod
                0x00005438      0x29c c:/programdata/matlab/supportpackages/r2020b/3p.instrset/arduinoide.instrset/tools/arm-none-eabi-gcc/4.8.3-2014q1/bin/../lib/gcc/arm-none-eabi/4.8.3/../../../../arm-none-eabi/lib/armv6-m\libm.a(lib_a-e_fmod.o)
                0x00005438                __ieee754_fmod
 .text.__fpclassifyd
                0x000056d4       0x60 c:/programdata/matlab/supportpackages/r2020b/3p.instrset/arduinoide.instrset/tools/arm-none-eabi-gcc/4.8.3-2014q1/bin/../lib/gcc/arm-none-eabi/4.8.3/../../../../arm-none-eabi/lib/armv6-m\libm.a(lib_a-s_fpclassify.o)
                0x000056d4                __fpclassifyd
 .text.matherr  0x00005734        0x4 c:/programdata/matlab/supportpackages/r2020b/3p.instrset/arduinoide.instrset/tools/arm-none-eabi-gcc/4.8.3-2014q1/bin/../lib/gcc/arm-none-eabi/4.8.3/../../../../arm-none-eabi/lib/armv6-m\libm.a(lib_a-s_matherr.o)
                0x00005734                matherr
 .text._ZN9WiFiClass5beginEPKcS1_
                0x00005738       0x50 C:/Users/Ege/DOCUME~1/MATLAB/R2020b/ARDUIN~1/ARDUIN~1/FASTER~2\libipwifi.a(WiFi.o)
                0x00005738                WiFiClass::begin(char const*, char const*)
 .text._ZN9WiFiClass6configE9IPAddress
                0x00005788       0x10 C:/Users/Ege/DOCUME~1/MATLAB/R2020b/ARDUIN~1/ARDUIN~1/FASTER~2\libipwifi.a(WiFi.o)
                0x00005788                WiFiClass::config(IPAddress)
 .text._ZN9WiFiClass7localIPEv
                0x00005798       0x12 C:/Users/Ege/DOCUME~1/MATLAB/R2020b/ARDUIN~1/ARDUIN~1/FASTER~2\libipwifi.a(WiFi.o)
                0x00005798                WiFiClass::localIP()
 .text._ZN9WiFiClass10hostByNameEPKcR9IPAddress
                0x000057aa        0xc C:/Users/Ege/DOCUME~1/MATLAB/R2020b/ARDUIN~1/ARDUIN~1/FASTER~2\libipwifi.a(WiFi.o)
                0x000057aa                WiFiClass::hostByName(char const*, IPAddress&)
 *fill*         0x000057b6        0x2 
 .text.startup._GLOBAL__sub_I__ZN9WiFiClassC2Ev
                0x000057b8       0x24 C:/Users/Ege/DOCUME~1/MATLAB/R2020b/ARDUIN~1/ARDUIN~1/FASTER~2\libipwifi.a(WiFi.o)
 .text._ZN5Print17availableForWriteEv
                0x000057dc        0x4 C:/Users/Ege/DOCUME~1/MATLAB/R2020b/ARDUIN~1/ARDUIN~1/FASTER~2\libipwifi.a(WiFiClient.o)
                0x000057dc                Print::availableForWrite()
 .text._ZN5Print5flushEv
                0x000057e0        0x2 C:/Users/Ege/DOCUME~1/MATLAB/R2020b/ARDUIN~1/ARDUIN~1/FASTER~2\libipwifi.a(WiFiClient.o)
                0x000057e0                Print::flush()
 .text._ZN10WiFiClient5writeEh
                0x000057e2       0x14 C:/Users/Ege/DOCUME~1/MATLAB/R2020b/ARDUIN~1/ARDUIN~1/FASTER~2\libipwifi.a(WiFiClient.o)
                0x000057e2                WiFiClient::write(unsigned char)
 .text._ZN10WiFiClient5flushEv
                0x000057f6        0x2 C:/Users/Ege/DOCUME~1/MATLAB/R2020b/ARDUIN~1/ARDUIN~1/FASTER~2\libipwifi.a(WiFiClient.o)
                0x000057f6                WiFiClient::flush()
 .text._ZN10WiFiClientcvbEv
                0x000057f8        0xc C:/Users/Ege/DOCUME~1/MATLAB/R2020b/ARDUIN~1/ARDUIN~1/FASTER~2\libipwifi.a(WiFiClient.o)
                0x000057f8                WiFiClient::operator bool()
 .text._ZN10WiFiClient7connectEPKct
                0x00005804       0x3c C:/Users/Ege/DOCUME~1/MATLAB/R2020b/ARDUIN~1/ARDUIN~1/FASTER~2\libipwifi.a(WiFiClient.o)
                0x00005804                WiFiClient::connect(char const*, unsigned short)
 .text._ZN10WiFiClient7connectE9IPAddresst
                0x00005840       0x7c C:/Users/Ege/DOCUME~1/MATLAB/R2020b/ARDUIN~1/ARDUIN~1/FASTER~2\libipwifi.a(WiFiClient.o)
                0x00005840                WiFiClient::connect(IPAddress, unsigned short)
 .text._ZN10WiFiClient10connectSSLE9IPAddresst
                0x000058bc       0x7c C:/Users/Ege/DOCUME~1/MATLAB/R2020b/ARDUIN~1/ARDUIN~1/FASTER~2\libipwifi.a(WiFiClient.o)
                0x000058bc                WiFiClient::connectSSL(IPAddress, unsigned short)
 .text._ZN10WiFiClient10connectSSLEPKct
                0x00005938       0x88 C:/Users/Ege/DOCUME~1/MATLAB/R2020b/ARDUIN~1/ARDUIN~1/FASTER~2\libipwifi.a(WiFiClient.o)
                0x00005938                WiFiClient::connectSSL(char const*, unsigned short)
 .text._ZN10WiFiClient5writeEPKhj
                0x000059c0       0x36 C:/Users/Ege/DOCUME~1/MATLAB/R2020b/ARDUIN~1/ARDUIN~1/FASTER~2\libipwifi.a(WiFiClient.o)
                0x000059c0                WiFiClient::write(unsigned char const*, unsigned int)
 *fill*         0x000059f6        0x2 
 .text._ZN10WiFiClient9availableEv
                0x000059f8       0x18 C:/Users/Ege/DOCUME~1/MATLAB/R2020b/ARDUIN~1/ARDUIN~1/FASTER~2\libipwifi.a(WiFiClient.o)
                0x000059f8                WiFiClient::available()
 .text._ZN10WiFiClient4readEv
                0x00005a10       0x2c C:/Users/Ege/DOCUME~1/MATLAB/R2020b/ARDUIN~1/ARDUIN~1/FASTER~2\libipwifi.a(WiFiClient.o)
                0x00005a10                WiFiClient::read()
 .text._ZN10WiFiClient4readEPhj
                0x00005a3c       0x18 C:/Users/Ege/DOCUME~1/MATLAB/R2020b/ARDUIN~1/ARDUIN~1/FASTER~2\libipwifi.a(WiFiClient.o)
                0x00005a3c                WiFiClient::read(unsigned char*, unsigned int)
 .text._ZN10WiFiClient4peekEv
                0x00005a54       0x10 C:/Users/Ege/DOCUME~1/MATLAB/R2020b/ARDUIN~1/ARDUIN~1/FASTER~2\libipwifi.a(WiFiClient.o)
                0x00005a54                WiFiClient::peek()
 .text._ZN10WiFiClient10remotePortEv
                0x00005a64       0x20 C:/Users/Ege/DOCUME~1/MATLAB/R2020b/ARDUIN~1/ARDUIN~1/FASTER~2\libipwifi.a(WiFiClient.o)
                0x00005a64                WiFiClient::remotePort()
 .text._ZN10WiFiClient8remoteIPEv
                0x00005a84       0x20 C:/Users/Ege/DOCUME~1/MATLAB/R2020b/ARDUIN~1/ARDUIN~1/FASTER~2\libipwifi.a(WiFiClient.o)
                0x00005a84                WiFiClient::remoteIP()
 .text._ZN10WiFiClientC2Ev
                0x00005aa4       0x1c C:/Users/Ege/DOCUME~1/MATLAB/R2020b/ARDUIN~1/ARDUIN~1/FASTER~2\libipwifi.a(WiFiClient.o)
                0x00005aa4                WiFiClient::WiFiClient()
                0x00005aa4                WiFiClient::WiFiClient()
 .text._ZN10WiFiClientC2Eh
                0x00005ac0       0x18 C:/Users/Ege/DOCUME~1/MATLAB/R2020b/ARDUIN~1/ARDUIN~1/FASTER~2\libipwifi.a(WiFiClient.o)
                0x00005ac0                WiFiClient::WiFiClient(unsigned char)
                0x00005ac0                WiFiClient::WiFiClient(unsigned char)
 .text._ZN10WiFiClient6statusEv
                0x00005ad8       0x12 C:/Users/Ege/DOCUME~1/MATLAB/R2020b/ARDUIN~1/ARDUIN~1/FASTER~2\libipwifi.a(WiFiClient.o)
                0x00005ad8                WiFiClient::status()
 *fill*         0x00005aea        0x2 
 .text._ZN10WiFiClient4stopEv
                0x00005aec       0x3c C:/Users/Ege/DOCUME~1/MATLAB/R2020b/ARDUIN~1/ARDUIN~1/FASTER~2\libipwifi.a(WiFiClient.o)
                0x00005aec                WiFiClient::stop()
 .text._ZN10WiFiClient9connectedEv
                0x00005b28       0x50 C:/Users/Ege/DOCUME~1/MATLAB/R2020b/ARDUIN~1/ARDUIN~1/FASTER~2\libipwifi.a(WiFiClient.o)
                0x00005b28                WiFiClient::connected()
 .text.startup._GLOBAL__sub_I__ZN10WiFiClient8_srcportE
                0x00005b78       0x18 C:/Users/Ege/DOCUME~1/MATLAB/R2020b/ARDUIN~1/ARDUIN~1/FASTER~2\libipwifi.a(WiFiClient.o)
 .text._ZN10WiFiServer5writeEh
                0x00005b90       0x14 C:/Users/Ege/DOCUME~1/MATLAB/R2020b/ARDUIN~1/ARDUIN~1/FASTER~2\libipwifi.a(WiFiServer.o)
                0x00005b90                WiFiServer::write(unsigned char)
 .text._ZN10WiFiServer5beginEv
                0x00005ba4       0x1a C:/Users/Ege/DOCUME~1/MATLAB/R2020b/ARDUIN~1/ARDUIN~1/FASTER~2\libipwifi.a(WiFiServer.o)
                0x00005ba4                WiFiServer::begin()
 .text._ZN10WiFiServer5writeEPKhj
                0x00005bbe       0x38 C:/Users/Ege/DOCUME~1/MATLAB/R2020b/ARDUIN~1/ARDUIN~1/FASTER~2\libipwifi.a(WiFiServer.o)
                0x00005bbe                WiFiServer::write(unsigned char const*, unsigned int)
 *fill*         0x00005bf6        0x2 
 .text._ZN10WiFiServerC2Et
                0x00005bf8       0x18 C:/Users/Ege/DOCUME~1/MATLAB/R2020b/ARDUIN~1/ARDUIN~1/FASTER~2\libipwifi.a(WiFiServer.o)
                0x00005bf8                WiFiServer::WiFiServer(unsigned short)
                0x00005bf8                WiFiServer::WiFiServer(unsigned short)
 .text._ZN10WiFiServer9availableEPh
                0x00005c10       0x8c C:/Users/Ege/DOCUME~1/MATLAB/R2020b/ARDUIN~1/ARDUIN~1/FASTER~2\libipwifi.a(WiFiServer.o)
                0x00005c10                WiFiServer::available(unsigned char*)
 .text.startup._GLOBAL__sub_I__ZN10WiFiServerC2Et
                0x00005c9c       0x18 C:/Users/Ege/DOCUME~1/MATLAB/R2020b/ARDUIN~1/ARDUIN~1/FASTER~2\libipwifi.a(WiFiServer.o)
 .text._ZN9ServerDrv11startServerEthh
                0x00005cb4       0x78 C:/Users/Ege/DOCUME~1/MATLAB/R2020b/ARDUIN~1/ARDUIN~1/FASTER~2\libipwifi.a(server_drv.o)
                0x00005cb4                ServerDrv::startServer(unsigned short, unsigned char, unsigned char)
 .text._ZN9ServerDrv11startClientEmthh
                0x00005d2c       0x80 C:/Users/Ege/DOCUME~1/MATLAB/R2020b/ARDUIN~1/ARDUIN~1/FASTER~2\libipwifi.a(server_drv.o)
                0x00005d2c                ServerDrv::startClient(unsigned long, unsigned short, unsigned char, unsigned char)
 .text._ZN9ServerDrv11startClientEPKchmthh
                0x00005dac       0x90 C:/Users/Ege/DOCUME~1/MATLAB/R2020b/ARDUIN~1/ARDUIN~1/FASTER~2\libipwifi.a(server_drv.o)
                0x00005dac                ServerDrv::startClient(char const*, unsigned char, unsigned long, unsigned short, unsigned char, unsigned char)
 .text._ZN9ServerDrv10stopClientEh
                0x00005e3c       0x64 C:/Users/Ege/DOCUME~1/MATLAB/R2020b/ARDUIN~1/ARDUIN~1/FASTER~2\libipwifi.a(server_drv.o)
                0x00005e3c                ServerDrv::stopClient(unsigned char)
 .text._ZN9ServerDrv14getClientStateEh
                0x00005ea0       0x68 C:/Users/Ege/DOCUME~1/MATLAB/R2020b/ARDUIN~1/ARDUIN~1/FASTER~2\libipwifi.a(server_drv.o)
                0x00005ea0                ServerDrv::getClientState(unsigned char)
 .text._ZN9ServerDrv11availServerEh
                0x00005f08       0x74 C:/Users/Ege/DOCUME~1/MATLAB/R2020b/ARDUIN~1/ARDUIN~1/FASTER~2\libipwifi.a(server_drv.o)
                0x00005f08                ServerDrv::availServer(unsigned char)
 .text._ZN9ServerDrv10getDataBufEhPhPt
                0x00005f7c       0x68 C:/Users/Ege/DOCUME~1/MATLAB/R2020b/ARDUIN~1/ARDUIN~1/FASTER~2\libipwifi.a(server_drv.o)
                0x00005f7c                ServerDrv::getDataBuf(unsigned char, unsigned char*, unsigned short*)
 .text._ZN9ServerDrv8sendDataEhPKht
                0x00005fe4       0x7c C:/Users/Ege/DOCUME~1/MATLAB/R2020b/ARDUIN~1/ARDUIN~1/FASTER~2\libipwifi.a(server_drv.o)
                0x00005fe4                ServerDrv::sendData(unsigned char, unsigned char const*, unsigned short)
 .text._ZN9ServerDrv13checkDataSentEh
                0x00006060       0x94 C:/Users/Ege/DOCUME~1/MATLAB/R2020b/ARDUIN~1/ARDUIN~1/FASTER~2\libipwifi.a(server_drv.o)
                0x00006060                ServerDrv::checkDataSent(unsigned char)
 .text._ZN9ServerDrv9getSocketEv
                0x000060f4       0x50 C:/Users/Ege/DOCUME~1/MATLAB/R2020b/ARDUIN~1/ARDUIN~1/FASTER~2\libipwifi.a(server_drv.o)
                0x000060f4                ServerDrv::getSocket()
 .text._ZN6SpiDrv5beginEv
                0x00006144       0xb0 C:/Users/Ege/DOCUME~1/MATLAB/R2020b/ARDUIN~1/ARDUIN~1/FASTER~2\libipwifi.a(spi_drv.o)
                0x00006144                SpiDrv::begin()
 .text._ZN6SpiDrv14spiSlaveSelectEv
                0x000061f4       0x4c C:/Users/Ege/DOCUME~1/MATLAB/R2020b/ARDUIN~1/ARDUIN~1/FASTER~2\libipwifi.a(spi_drv.o)
                0x000061f4                SpiDrv::spiSlaveSelect()
 .text._ZN6SpiDrv16spiSlaveDeselectEv
                0x00006240       0x1c C:/Users/Ege/DOCUME~1/MATLAB/R2020b/ARDUIN~1/ARDUIN~1/FASTER~2\libipwifi.a(spi_drv.o)
                0x00006240                SpiDrv::spiSlaveDeselect()
 .text._ZN6SpiDrv11spiTransferEc
                0x0000625c       0x18 C:/Users/Ege/DOCUME~1/MATLAB/R2020b/ARDUIN~1/ARDUIN~1/FASTER~2\libipwifi.a(spi_drv.o)
                0x0000625c                SpiDrv::spiTransfer(char)
 .text._ZN6SpiDrv17waitForSlaveReadyEv
                0x00006274       0x14 C:/Users/Ege/DOCUME~1/MATLAB/R2020b/ARDUIN~1/ARDUIN~1/FASTER~2\libipwifi.a(spi_drv.o)
                0x00006274                SpiDrv::waitForSlaveReady()
 .text._ZN6SpiDrv8getParamEPh
                0x00006288        0xe C:/Users/Ege/DOCUME~1/MATLAB/R2020b/ARDUIN~1/ARDUIN~1/FASTER~2\libipwifi.a(spi_drv.o)
                0x00006288                SpiDrv::getParam(unsigned char*)
 .text._ZN6SpiDrv16readAndCheckCharEcPc
                0x00006296       0x16 C:/Users/Ege/DOCUME~1/MATLAB/R2020b/ARDUIN~1/ARDUIN~1/FASTER~2\libipwifi.a(spi_drv.o)
                0x00006296                SpiDrv::readAndCheckChar(char, char*)
 .text._ZN6SpiDrv8readCharEv
                0x000062ac       0x14 C:/Users/Ege/DOCUME~1/MATLAB/R2020b/ARDUIN~1/ARDUIN~1/FASTER~2\libipwifi.a(spi_drv.o)
                0x000062ac                SpiDrv::readChar()
 .text._ZN6SpiDrv11waitSpiCharEh
                0x000062c0       0x2c C:/Users/Ege/DOCUME~1/MATLAB/R2020b/ARDUIN~1/ARDUIN~1/FASTER~2\libipwifi.a(spi_drv.o)
                0x000062c0                SpiDrv::waitSpiChar(unsigned char)
 .text._ZN6SpiDrv18waitResponseParamsEhhP6tParam
                0x000062ec       0x94 C:/Users/Ege/DOCUME~1/MATLAB/R2020b/ARDUIN~1/ARDUIN~1/FASTER~2\libipwifi.a(spi_drv.o)
                0x000062ec                SpiDrv::waitResponseParams(unsigned char, unsigned char, tParam*)
 .text._ZN6SpiDrv9sendParamEPhhh
                0x00006380       0x2c C:/Users/Ege/DOCUME~1/MATLAB/R2020b/ARDUIN~1/ARDUIN~1/FASTER~2\libipwifi.a(spi_drv.o)
                0x00006380                SpiDrv::sendParam(unsigned char*, unsigned char, unsigned char)
 .text._ZN6SpiDrv14sendParamLen16Et
                0x000063ac       0x12 C:/Users/Ege/DOCUME~1/MATLAB/R2020b/ARDUIN~1/ARDUIN~1/FASTER~2\libipwifi.a(spi_drv.o)
                0x000063ac                SpiDrv::sendParamLen16(unsigned short)
 .text._ZN6SpiDrv13readParamLen8EPh
                0x000063be       0x12 C:/Users/Ege/DOCUME~1/MATLAB/R2020b/ARDUIN~1/ARDUIN~1/FASTER~2\libipwifi.a(spi_drv.o)
                0x000063be                SpiDrv::readParamLen8(unsigned char*)
 .text._ZN6SpiDrv15waitResponseCmdEhhPhS0_
                0x000063d0       0x68 C:/Users/Ege/DOCUME~1/MATLAB/R2020b/ARDUIN~1/ARDUIN~1/FASTER~2\libipwifi.a(spi_drv.o)
                0x000063d0                SpiDrv::waitResponseCmd(unsigned char, unsigned char, unsigned char*, unsigned char*)
 .text._ZN6SpiDrv17waitResponseData8EhPhS0_
                0x00006438       0x60 C:/Users/Ege/DOCUME~1/MATLAB/R2020b/ARDUIN~1/ARDUIN~1/FASTER~2\libipwifi.a(spi_drv.o)
                0x00006438                SpiDrv::waitResponseData8(unsigned char, unsigned char*, unsigned char*)
 .text._ZN6SpiDrv14readParamLen16EPt
                0x00006498       0x20 C:/Users/Ege/DOCUME~1/MATLAB/R2020b/ARDUIN~1/ARDUIN~1/FASTER~2\libipwifi.a(spi_drv.o)
                0x00006498                SpiDrv::readParamLen16(unsigned short*)
 .text._ZN6SpiDrv18waitResponseData16EhPhPt
                0x000064b8       0x66 C:/Users/Ege/DOCUME~1/MATLAB/R2020b/ARDUIN~1/ARDUIN~1/FASTER~2\libipwifi.a(spi_drv.o)
                0x000064b8                SpiDrv::waitResponseData16(unsigned char, unsigned char*, unsigned short*)
 .text._ZN6SpiDrv10sendBufferEPhth
                0x0000651e       0x2e C:/Users/Ege/DOCUME~1/MATLAB/R2020b/ARDUIN~1/ARDUIN~1/FASTER~2\libipwifi.a(spi_drv.o)
                0x0000651e                SpiDrv::sendBuffer(unsigned char*, unsigned short, unsigned char)
 .text._ZN6SpiDrv9sendParamEth
                0x0000654c       0x24 C:/Users/Ege/DOCUME~1/MATLAB/R2020b/ARDUIN~1/ARDUIN~1/FASTER~2\libipwifi.a(spi_drv.o)
                0x0000654c                SpiDrv::sendParam(unsigned short, unsigned char)
 .text._ZN6SpiDrv7sendCmdEhh
                0x00006570       0x26 C:/Users/Ege/DOCUME~1/MATLAB/R2020b/ARDUIN~1/ARDUIN~1/FASTER~2\libipwifi.a(spi_drv.o)
                0x00006570                SpiDrv::sendCmd(unsigned char, unsigned char)
 .text._ZN6SpiDrv9availableEv
                0x00006596        0xe C:/Users/Ege/DOCUME~1/MATLAB/R2020b/ARDUIN~1/ARDUIN~1/FASTER~2\libipwifi.a(spi_drv.o)
                0x00006596                SpiDrv::available()
 .text.startup._GLOBAL__sub_I__ZN6SpiDrv11initializedE
                0x000065a4       0x18 C:/Users/Ege/DOCUME~1/MATLAB/R2020b/ARDUIN~1/ARDUIN~1/FASTER~2\libipwifi.a(spi_drv.o)
 .text._ZN7WiFiDrv14getNetworkDataEPhS0_S0_
                0x000065bc       0x88 C:/Users/Ege/DOCUME~1/MATLAB/R2020b/ARDUIN~1/ARDUIN~1/FASTER~2\libipwifi.a(wifi_drv.o)
                0x000065bc                WiFiDrv::getNetworkData(unsigned char*, unsigned char*, unsigned char*)
 .text._ZN7WiFiDrv13getRemoteDataEhPhS0_
                0x00006644       0x78 C:/Users/Ege/DOCUME~1/MATLAB/R2020b/ARDUIN~1/ARDUIN~1/FASTER~2\libipwifi.a(wifi_drv.o)
                0x00006644                WiFiDrv::getRemoteData(unsigned char, unsigned char*, unsigned char*)
 .text._ZN7WiFiDrv17wifiSetPassphraseEPKchS1_h
                0x000066bc       0x84 C:/Users/Ege/DOCUME~1/MATLAB/R2020b/ARDUIN~1/ARDUIN~1/FASTER~2\libipwifi.a(wifi_drv.o)
                0x000066bc                WiFiDrv::wifiSetPassphrase(char const*, unsigned char, char const*, unsigned char)
 .text._ZN7WiFiDrv6configEhmmm
                0x00006740       0x98 C:/Users/Ege/DOCUME~1/MATLAB/R2020b/ARDUIN~1/ARDUIN~1/FASTER~2\libipwifi.a(wifi_drv.o)
                0x00006740                WiFiDrv::config(unsigned char, unsigned long, unsigned long, unsigned long)
 .text._ZN7WiFiDrv19getConnectionStatusEv
                0x000067d8       0x50 C:/Users/Ege/DOCUME~1/MATLAB/R2020b/ARDUIN~1/ARDUIN~1/FASTER~2\libipwifi.a(wifi_drv.o)
                0x000067d8                WiFiDrv::getConnectionStatus()
 .text._ZN7WiFiDrv12getIpAddressER9IPAddress
                0x00006828       0x28 C:/Users/Ege/DOCUME~1/MATLAB/R2020b/ARDUIN~1/ARDUIN~1/FASTER~2\libipwifi.a(wifi_drv.o)
                0x00006828                WiFiDrv::getIpAddress(IPAddress&)
 .text._ZN7WiFiDrv13reqHostByNameEPKc
                0x00006850       0x84 C:/Users/Ege/DOCUME~1/MATLAB/R2020b/ARDUIN~1/ARDUIN~1/FASTER~2\libipwifi.a(wifi_drv.o)
                0x00006850                WiFiDrv::reqHostByName(char const*)
 .text._ZN7WiFiDrv13getHostByNameER9IPAddress
                0x000068d4       0x74 C:/Users/Ege/DOCUME~1/MATLAB/R2020b/ARDUIN~1/ARDUIN~1/FASTER~2\libipwifi.a(wifi_drv.o)
                0x000068d4                WiFiDrv::getHostByName(IPAddress&)
 .text._ZN7WiFiDrv13getHostByNameEPKcR9IPAddress
                0x00006948       0x1a C:/Users/Ege/DOCUME~1/MATLAB/R2020b/ARDUIN~1/ARDUIN~1/FASTER~2\libipwifi.a(wifi_drv.o)
                0x00006948                WiFiDrv::getHostByName(char const*, IPAddress&)
 *fill*         0x00006962        0x2 
 .text.startup._GLOBAL__sub_I__ZN7WiFiDrv12_networkSsidE
                0x00006964       0x18 C:/Users/Ege/DOCUME~1/MATLAB/R2020b/ARDUIN~1/ARDUIN~1/FASTER~2\libipwifi.a(wifi_drv.o)
 .text._ZN21WiFiSocketBufferClassC2Ev
                0x0000697c       0x10 C:/Users/Ege/DOCUME~1/MATLAB/R2020b/ARDUIN~1/ARDUIN~1/FASTER~2\libipwifi.a(WiFiSocketBuffer.o)
                0x0000697c                WiFiSocketBufferClass::WiFiSocketBufferClass()
                0x0000697c                WiFiSocketBufferClass::WiFiSocketBufferClass()
 .text._ZN21WiFiSocketBufferClass5closeEi
                0x0000698c       0x1c C:/Users/Ege/DOCUME~1/MATLAB/R2020b/ARDUIN~1/ARDUIN~1/FASTER~2\libipwifi.a(WiFiSocketBuffer.o)
                0x0000698c                WiFiSocketBufferClass::close(int)
 .text._ZN21WiFiSocketBufferClassD2Ev
                0x000069a8       0x18 C:/Users/Ege/DOCUME~1/MATLAB/R2020b/ARDUIN~1/ARDUIN~1/FASTER~2\libipwifi.a(WiFiSocketBuffer.o)
                0x000069a8                WiFiSocketBufferClass::~WiFiSocketBufferClass()
                0x000069a8                WiFiSocketBufferClass::~WiFiSocketBufferClass()
 .text._ZN21WiFiSocketBufferClass9availableEi
                0x000069c0       0x58 C:/Users/Ege/DOCUME~1/MATLAB/R2020b/ARDUIN~1/ARDUIN~1/FASTER~2\libipwifi.a(WiFiSocketBuffer.o)
                0x000069c0                WiFiSocketBufferClass::available(int)
 .text._ZN21WiFiSocketBufferClass4peekEi
                0x00006a18       0x20 C:/Users/Ege/DOCUME~1/MATLAB/R2020b/ARDUIN~1/ARDUIN~1/FASTER~2\libipwifi.a(WiFiSocketBuffer.o)
                0x00006a18                WiFiSocketBufferClass::peek(int)
 .text._ZN21WiFiSocketBufferClass4readEiPhj
                0x00006a38       0x3c C:/Users/Ege/DOCUME~1/MATLAB/R2020b/ARDUIN~1/ARDUIN~1/FASTER~2\libipwifi.a(WiFiSocketBuffer.o)
                0x00006a38                WiFiSocketBufferClass::read(int, unsigned char*, unsigned int)
 .text.startup._GLOBAL__sub_I__ZN21WiFiSocketBufferClassC2Ev
                0x00006a74       0x24 C:/Users/Ege/DOCUME~1/MATLAB/R2020b/ARDUIN~1/ARDUIN~1/FASTER~2\libipwifi.a(WiFiSocketBuffer.o)
 .text.PINCOUNT_fn
                0x00006a98        0x4 C:/Users/Ege/DOCUME~1/MATLAB/R2020b/ARDUIN~1/ARDUIN~1/FASTER~2\libipwifi.a(variant.o)
                0x00006a98                PINCOUNT_fn
 .text.SERCOM5_Handler
                0x00006a9c       0x10 C:/Users/Ege/DOCUME~1/MATLAB/R2020b/ARDUIN~1/ARDUIN~1/FASTER~2\libipwifi.a(variant.o)
                0x00006a9c                SERCOM5_Handler
 .text.SERCOM3_Handler
                0x00006aac       0x10 C:/Users/Ege/DOCUME~1/MATLAB/R2020b/ARDUIN~1/ARDUIN~1/FASTER~2\libipwifi.a(variant.o)
                0x00006aac                SERCOM3_Handler
 .text.SERCOM2_Handler
                0x00006abc       0x10 C:/Users/Ege/DOCUME~1/MATLAB/R2020b/ARDUIN~1/ARDUIN~1/FASTER~2\libipwifi.a(variant.o)
                0x00006abc                SERCOM2_Handler
 .text.startup._GLOBAL__sub_I_g_APinDescription
                0x00006acc       0xbc C:/Users/Ege/DOCUME~1/MATLAB/R2020b/ARDUIN~1/ARDUIN~1/FASTER~2\libipwifi.a(variant.o)
 .text._ZN8SPIClass4initEv
                0x00006b88       0x12 C:/Users/Ege/DOCUME~1/MATLAB/R2020b/ARDUIN~1/ARDUIN~1/FASTER~2\libcomm.a(SPI.o)
                0x00006b88                SPIClass::init()
 .text._ZN8SPIClass6configE11SPISettings
                0x00006b9a       0x4e C:/Users/Ege/DOCUME~1/MATLAB/R2020b/ARDUIN~1/ARDUIN~1/FASTER~2\libcomm.a(SPI.o)
                0x00006b9a                SPIClass::config(SPISettings)
 .text._ZN8SPIClass5beginEv
                0x00006be8       0x50 C:/Users/Ege/DOCUME~1/MATLAB/R2020b/ARDUIN~1/ARDUIN~1/FASTER~2\libcomm.a(SPI.o)
                0x00006be8                SPIClass::begin()
 .text._ZN8SPIClass16beginTransactionE11SPISettings
                0x00006c38       0x38 C:/Users/Ege/DOCUME~1/MATLAB/R2020b/ARDUIN~1/ARDUIN~1/FASTER~2\libcomm.a(SPI.o)
                0x00006c38                SPIClass::beginTransaction(SPISettings)
 .text._ZN8SPIClass14endTransactionEv
                0x00006c70       0x24 C:/Users/Ege/DOCUME~1/MATLAB/R2020b/ARDUIN~1/ARDUIN~1/FASTER~2\libcomm.a(SPI.o)
                0x00006c70                SPIClass::endTransaction()
 .text._ZN8SPIClass8transferEh
                0x00006c94        0xa C:/Users/Ege/DOCUME~1/MATLAB/R2020b/ARDUIN~1/ARDUIN~1/FASTER~2\libcomm.a(SPI.o)
                0x00006c94                SPIClass::transfer(unsigned char)
 *fill*         0x00006c9e        0x2 
 .text.startup._GLOBAL__sub_I__ZN8SPIClassC2EP6SERCOMhhh14SercomSpiTXPad11SercomRXPad
                0x00006ca0       0x68 C:/Users/Ege/DOCUME~1/MATLAB/R2020b/ARDUIN~1/ARDUIN~1/FASTER~2\libcomm.a(SPI.o)
 .text.Dummy_Handler
                0x00006d08        0x2 C:/Users/Ege/DOCUME~1/MATLAB/R2020b/ARDUIN~1/ARDUIN~1/FASTER~2\libcore.a(cortex_handlers.o)
                0x00006d08                DMAC_Handler
                0x00006d08                HardFault_Handler
                0x00006d08                AC_Handler
                0x00006d08                PendSV_Handler
                0x00006d08                NMI_Handler
                0x00006d08                TC7_Handler
                0x00006d08                SERCOM1_Handler
                0x00006d08                ADC_Handler
                0x00006d08                TCC1_Handler
                0x00006d08                TCC0_Handler
                0x00006d08                EIC_Handler
                0x00006d08                TC6_Handler
                0x00006d08                WDT_Handler
                0x00006d08                TC4_Handler
                0x00006d08                TC3_Handler
                0x00006d08                Dummy_Handler
                0x00006d08                PM_Handler
                0x00006d08                TCC2_Handler
                0x00006d08                EVSYS_Handler
                0x00006d08                SERCOM4_Handler
                0x00006d08                I2S_Handler
                0x00006d08                NVMCTRL_Handler
                0x00006d08                SERCOM0_Handler
                0x00006d08                DAC_Handler
                0x00006d08                PTC_Handler
                0x00006d08                SYSCTRL_Handler
 *fill*         0x00006d0a        0x2 
 .text.USB_Handler
                0x00006d0c       0x14 C:/Users/Ege/DOCUME~1/MATLAB/R2020b/ARDUIN~1/ARDUIN~1/FASTER~2\libcore.a(cortex_handlers.o)
                0x00006d0c                USB_Handler
 .text.Reset_Handler
                0x00006d20       0x54 C:/Users/Ege/DOCUME~1/MATLAB/R2020b/ARDUIN~1/ARDUIN~1/FASTER~2\libcore.a(cortex_handlers.o)
                0x00006d20                Reset_Handler
 .text.SysTick_Handler
                0x00006d74       0x10 C:/Users/Ege/DOCUME~1/MATLAB/R2020b/ARDUIN~1/ARDUIN~1/FASTER~2\libcore.a(cortex_handlers.o)
                0x00006d74                SysTick_Handler
 .text.USB_SetHandler
                0x00006d84        0xc C:/Users/Ege/DOCUME~1/MATLAB/R2020b/ARDUIN~1/ARDUIN~1/FASTER~2\libcore.a(cortex_handlers.o)
                0x00006d84                USB_SetHandler
 .text.__empty  0x00006d90        0x2 C:/Users/Ege/DOCUME~1/MATLAB/R2020b/ARDUIN~1/ARDUIN~1/FASTER~2\libcore.a(hooks.o)
                0x00006d90                yield
 .text.__false  0x00006d92        0x4 C:/Users/Ege/DOCUME~1/MATLAB/R2020b/ARDUIN~1/ARDUIN~1/FASTER~2\libcore.a(hooks.o)
                0x00006d92                sysTickHook
 *fill*         0x00006d96        0x2 
 .text.millis   0x00006d98        0xc C:/Users/Ege/DOCUME~1/MATLAB/R2020b/ARDUIN~1/ARDUIN~1/FASTER~2\libcore.a(delay.o)
                0x00006d98                millis
 .text.micros   0x00006da4       0x64 C:/Users/Ege/DOCUME~1/MATLAB/R2020b/ARDUIN~1/ARDUIN~1/FASTER~2\libcore.a(delay.o)
                0x00006da4                micros
 .text.delay    0x00006e08       0x34 C:/Users/Ege/DOCUME~1/MATLAB/R2020b/ARDUIN~1/ARDUIN~1/FASTER~2\libcore.a(delay.o)
                0x00006e08                delay
 .text.SysTick_DefaultHandler
                0x00006e3c       0x14 C:/Users/Ege/DOCUME~1/MATLAB/R2020b/ARDUIN~1/ARDUIN~1/FASTER~2\libcore.a(delay.o)
                0x00006e3c                SysTick_DefaultHandler
 .text.SystemInit
                0x00006e50      0x198 C:/Users/Ege/DOCUME~1/MATLAB/R2020b/ARDUIN~1/ARDUIN~1/FASTER~2\libcore.a(startup.o)
                0x00006e50                SystemInit
 .text.init     0x00006fe8       0xf0 C:/Users/Ege/DOCUME~1/MATLAB/R2020b/ARDUIN~1/ARDUIN~1/FASTER~2\libcore.a(wiring.o)
                0x00006fe8                init
 .text.mapResolution
                0x000070d8       0x12 C:/Users/Ege/DOCUME~1/MATLAB/R2020b/ARDUIN~1/ARDUIN~1/FASTER~2\libcore.a(wiring_analog.o)
 *fill*         0x000070ea        0x2 
 .text.analogReference
                0x000070ec       0x5c C:/Users/Ege/DOCUME~1/MATLAB/R2020b/ARDUIN~1/ARDUIN~1/FASTER~2\libcore.a(wiring_analog.o)
                0x000070ec                analogReference
 .text.analogWrite
                0x00007148      0x1e4 C:/Users/Ege/DOCUME~1/MATLAB/R2020b/ARDUIN~1/ARDUIN~1/FASTER~2\libcore.a(wiring_analog.o)
                0x00007148                analogWrite
 .text.pinMode  0x0000732c       0xb4 C:/Users/Ege/DOCUME~1/MATLAB/R2020b/ARDUIN~1/ARDUIN~1/FASTER~2\libcore.a(wiring_digital.o)
                0x0000732c                pinMode
 .text.digitalWrite
                0x000073e0       0x60 C:/Users/Ege/DOCUME~1/MATLAB/R2020b/ARDUIN~1/ARDUIN~1/FASTER~2\libcore.a(wiring_digital.o)
                0x000073e0                digitalWrite
 .text.digitalRead
                0x00007440       0x30 C:/Users/Ege/DOCUME~1/MATLAB/R2020b/ARDUIN~1/ARDUIN~1/FASTER~2\libcore.a(wiring_digital.o)
                0x00007440                digitalRead
 .text.pinPeripheral
                0x00007470       0xc4 C:/Users/Ege/DOCUME~1/MATLAB/R2020b/ARDUIN~1/ARDUIN~1/FASTER~2\libcore.a(wiring_private.o)
                0x00007470                pinPeripheral
 .text._ZNK9IPAddress7printToER5Print
                0x00007534       0x3c C:/Users/Ege/DOCUME~1/MATLAB/R2020b/ARDUIN~1/ARDUIN~1/FASTER~2\libcore.a(IPAddress.o)
                0x00007534                IPAddress::printTo(Print&) const
 .text._ZN9IPAddressC2Ev
                0x00007570       0x10 C:/Users/Ege/DOCUME~1/MATLAB/R2020b/ARDUIN~1/ARDUIN~1/FASTER~2\libcore.a(IPAddress.o)
                0x00007570                IPAddress::IPAddress()
                0x00007570                IPAddress::IPAddress()
 .text._ZN9IPAddressC2Ehhhh
                0x00007580       0x1c C:/Users/Ege/DOCUME~1/MATLAB/R2020b/ARDUIN~1/ARDUIN~1/FASTER~2\libcore.a(IPAddress.o)
                0x00007580                IPAddress::IPAddress(unsigned char, unsigned char, unsigned char, unsigned char)
                0x00007580                IPAddress::IPAddress(unsigned char, unsigned char, unsigned char, unsigned char)
 .text._ZN9IPAddressC2EPKh
                0x0000759c       0x18 C:/Users/Ege/DOCUME~1/MATLAB/R2020b/ARDUIN~1/ARDUIN~1/FASTER~2\libcore.a(IPAddress.o)
                0x0000759c                IPAddress::IPAddress(unsigned char const*)
                0x0000759c                IPAddress::IPAddress(unsigned char const*)
 .text._ZN9IPAddressaSEPKh
                0x000075b4       0x10 C:/Users/Ege/DOCUME~1/MATLAB/R2020b/ARDUIN~1/ARDUIN~1/FASTER~2\libcore.a(IPAddress.o)
                0x000075b4                IPAddress::operator=(unsigned char const*)
 .text.startup._GLOBAL__sub_I__ZN9IPAddressC2Ev
                0x000075c4       0x1c C:/Users/Ege/DOCUME~1/MATLAB/R2020b/ARDUIN~1/ARDUIN~1/FASTER~2\libcore.a(IPAddress.o)
 .text._ZN5Print5writeEPKhj
                0x000075e0       0x28 C:/Users/Ege/DOCUME~1/MATLAB/R2020b/ARDUIN~1/ARDUIN~1/FASTER~2\libcore.a(Print.o)
                0x000075e0                Print::write(unsigned char const*, unsigned int)
 .text._ZN5Print5printEmi.part.3
                0x00007608        0xc C:/Users/Ege/DOCUME~1/MATLAB/R2020b/ARDUIN~1/ARDUIN~1/FASTER~2\libcore.a(Print.o)
 .text._ZN5Print5writeEPKc
                0x00007614       0x1c C:/Users/Ege/DOCUME~1/MATLAB/R2020b/ARDUIN~1/ARDUIN~1/FASTER~2\libcore.a(Print.o)
                0x00007614                Print::write(char const*)
 .text._ZN5Print5printEPKc
                0x00007630        0x8 C:/Users/Ege/DOCUME~1/MATLAB/R2020b/ARDUIN~1/ARDUIN~1/FASTER~2\libcore.a(Print.o)
                0x00007630                Print::print(char const*)
 .text._ZN5Print5printEc
                0x00007638        0xa C:/Users/Ege/DOCUME~1/MATLAB/R2020b/ARDUIN~1/ARDUIN~1/FASTER~2\libcore.a(Print.o)
                0x00007638                Print::print(char)
 .text._ZN5Print5printERK9Printable
                0x00007642       0x10 C:/Users/Ege/DOCUME~1/MATLAB/R2020b/ARDUIN~1/ARDUIN~1/FASTER~2\libcore.a(Print.o)
                0x00007642                Print::print(Printable const&)
 *fill*         0x00007652        0x2 
 .text._ZN5Print7printlnEv
                0x00007654       0x10 C:/Users/Ege/DOCUME~1/MATLAB/R2020b/ARDUIN~1/ARDUIN~1/FASTER~2\libcore.a(Print.o)
                0x00007654                Print::println()
 .text._ZN5Print7printlnEPKc
                0x00007664       0x14 C:/Users/Ege/DOCUME~1/MATLAB/R2020b/ARDUIN~1/ARDUIN~1/FASTER~2\libcore.a(Print.o)
                0x00007664                Print::println(char const*)
 .text._ZN5Print11printNumberEmh
                0x00007678       0x4e C:/Users/Ege/DOCUME~1/MATLAB/R2020b/ARDUIN~1/ARDUIN~1/FASTER~2\libcore.a(Print.o)
                0x00007678                Print::printNumber(unsigned long, unsigned char)
 .text._ZN5Print5printEmi
                0x000076c6       0x14 C:/Users/Ege/DOCUME~1/MATLAB/R2020b/ARDUIN~1/ARDUIN~1/FASTER~2\libcore.a(Print.o)
                0x000076c6                Print::print(unsigned long, int)
 .text._ZN5Print5printEhi
                0x000076da        0x8 C:/Users/Ege/DOCUME~1/MATLAB/R2020b/ARDUIN~1/ARDUIN~1/FASTER~2\libcore.a(Print.o)
                0x000076da                Print::print(unsigned char, int)
 *fill*         0x000076e2        0x2 
 .text.initiateReset
                0x000076e4       0x14 C:/Users/Ege/DOCUME~1/MATLAB/R2020b/ARDUIN~1/ARDUIN~1/FASTER~2\libcore.a(Reset.o)
                0x000076e4                initiateReset
 .text.cancelReset
                0x000076f8       0x10 C:/Users/Ege/DOCUME~1/MATLAB/R2020b/ARDUIN~1/ARDUIN~1/FASTER~2\libcore.a(Reset.o)
                0x000076f8                cancelReset
 .text.tickReset
                0x00007708       0x74 C:/Users/Ege/DOCUME~1/MATLAB/R2020b/ARDUIN~1/ARDUIN~1/FASTER~2\libcore.a(Reset.o)
                0x00007708                tickReset
 .text._ZN6SERCOMC2EP6Sercom
                0x0000777c        0x4 C:/Users/Ege/DOCUME~1/MATLAB/R2020b/ARDUIN~1/ARDUIN~1/FASTER~2\libcore.a(SERCOM.o)
                0x0000777c                SERCOM::SERCOM(Sercom*)
                0x0000777c                SERCOM::SERCOM(Sercom*)
 .text._ZN6SERCOM9initFrameE18SercomUartCharSize15SercomDataOrder16SercomParityMode19SercomNumberStopBit
                0x00007780       0x38 C:/Users/Ege/DOCUME~1/MATLAB/R2020b/ARDUIN~1/ARDUIN~1/FASTER~2\libcore.a(SERCOM.o)
                0x00007780                SERCOM::initFrame(SercomUartCharSize, SercomDataOrder, SercomParityMode, SercomNumberStopBit)
 .text._ZN6SERCOM8initPadsE15SercomUartTXPad11SercomRXPad
                0x000077b8       0x26 C:/Users/Ege/DOCUME~1/MATLAB/R2020b/ARDUIN~1/ARDUIN~1/FASTER~2\libcore.a(SERCOM.o)
                0x000077b8                SERCOM::initPads(SercomUartTXPad, SercomRXPad)
 .text._ZN6SERCOM9resetUARTEv
                0x000077de       0x1c C:/Users/Ege/DOCUME~1/MATLAB/R2020b/ARDUIN~1/ARDUIN~1/FASTER~2\libcore.a(SERCOM.o)
                0x000077de                SERCOM::resetUART()
 .text._ZN6SERCOM10enableUARTEv
                0x000077fa       0x14 C:/Users/Ege/DOCUME~1/MATLAB/R2020b/ARDUIN~1/ARDUIN~1/FASTER~2\libcore.a(SERCOM.o)
                0x000077fa                SERCOM::enableUART()
 .text._ZN6SERCOM9flushUARTEv
                0x0000780e       0x10 C:/Users/Ege/DOCUME~1/MATLAB/R2020b/ARDUIN~1/ARDUIN~1/FASTER~2\libcore.a(SERCOM.o)
                0x0000780e                SERCOM::flushUART()
 .text._ZN6SERCOM15clearStatusUARTEv
                0x0000781e        0x8 C:/Users/Ege/DOCUME~1/MATLAB/R2020b/ARDUIN~1/ARDUIN~1/FASTER~2\libcore.a(SERCOM.o)
                0x0000781e                SERCOM::clearStatusUART()
 .text._ZN6SERCOM17availableDataUARTEv
                0x00007826        0xa C:/Users/Ege/DOCUME~1/MATLAB/R2020b/ARDUIN~1/ARDUIN~1/FASTER~2\libcore.a(SERCOM.o)
                0x00007826                SERCOM::availableDataUART()
 .text._ZN6SERCOM11isUARTErrorEv
                0x00007830        0x8 C:/Users/Ege/DOCUME~1/MATLAB/R2020b/ARDUIN~1/ARDUIN~1/FASTER~2\libcore.a(SERCOM.o)
                0x00007830                SERCOM::isUARTError()
 .text._ZN6SERCOM20acknowledgeUARTErrorEv
                0x00007838        0xe C:/Users/Ege/DOCUME~1/MATLAB/R2020b/ARDUIN~1/ARDUIN~1/FASTER~2\libcore.a(SERCOM.o)
                0x00007838                SERCOM::acknowledgeUARTError()
 .text._ZN6SERCOM16isFrameErrorUARTEv
                0x00007846        0xa C:/Users/Ege/DOCUME~1/MATLAB/R2020b/ARDUIN~1/ARDUIN~1/FASTER~2\libcore.a(SERCOM.o)
                0x00007846                SERCOM::isFrameErrorUART()
 .text._ZN6SERCOM19clearFrameErrorUARTEv
                0x00007850        0xc C:/Users/Ege/DOCUME~1/MATLAB/R2020b/ARDUIN~1/ARDUIN~1/FASTER~2\libcore.a(SERCOM.o)
                0x00007850                SERCOM::clearFrameErrorUART()
 .text._ZN6SERCOM23isDataRegisterEmptyUARTEv
                0x0000785c        0xa C:/Users/Ege/DOCUME~1/MATLAB/R2020b/ARDUIN~1/ARDUIN~1/FASTER~2\libcore.a(SERCOM.o)
                0x0000785c                SERCOM::isDataRegisterEmptyUART()
 .text._ZN6SERCOM12readDataUARTEv
                0x00007866        0x8 C:/Users/Ege/DOCUME~1/MATLAB/R2020b/ARDUIN~1/ARDUIN~1/FASTER~2\libcore.a(SERCOM.o)
                0x00007866                SERCOM::readDataUART()
 .text._ZN6SERCOM13writeDataUARTEh
                0x0000786e        0xe C:/Users/Ege/DOCUME~1/MATLAB/R2020b/ARDUIN~1/ARDUIN~1/FASTER~2\libcore.a(SERCOM.o)
                0x0000786e                SERCOM::writeDataUART(unsigned char)
 .text._ZN6SERCOM36enableDataRegisterEmptyInterruptUARTEv
                0x0000787c        0x8 C:/Users/Ege/DOCUME~1/MATLAB/R2020b/ARDUIN~1/ARDUIN~1/FASTER~2\libcore.a(SERCOM.o)
                0x0000787c                SERCOM::enableDataRegisterEmptyInterruptUART()
 .text._ZN6SERCOM37disableDataRegisterEmptyInterruptUARTEv
                0x00007884        0x8 C:/Users/Ege/DOCUME~1/MATLAB/R2020b/ARDUIN~1/ARDUIN~1/FASTER~2\libcore.a(SERCOM.o)
                0x00007884                SERCOM::disableDataRegisterEmptyInterruptUART()
 .text._ZN6SERCOM12initSPIClockE18SercomSpiClockModem
                0x0000788c       0x30 C:/Users/Ege/DOCUME~1/MATLAB/R2020b/ARDUIN~1/ARDUIN~1/FASTER~2\libcore.a(SERCOM.o)
                0x0000788c                SERCOM::initSPIClock(SercomSpiClockMode, unsigned long)
 .text._ZN6SERCOM8resetSPIEv
                0x000078bc       0x1c C:/Users/Ege/DOCUME~1/MATLAB/R2020b/ARDUIN~1/ARDUIN~1/FASTER~2\libcore.a(SERCOM.o)
                0x000078bc                SERCOM::resetSPI()
 .text._ZN6SERCOM9enableSPIEv
                0x000078d8       0x14 C:/Users/Ege/DOCUME~1/MATLAB/R2020b/ARDUIN~1/ARDUIN~1/FASTER~2\libcore.a(SERCOM.o)
                0x000078d8                SERCOM::enableSPI()
 .text._ZN6SERCOM10disableSPIEv
                0x000078ec       0x12 C:/Users/Ege/DOCUME~1/MATLAB/R2020b/ARDUIN~1/ARDUIN~1/FASTER~2\libcore.a(SERCOM.o)
                0x000078ec                SERCOM::disableSPI()
 .text._ZN6SERCOM15transferDataSPIEh
                0x000078fe       0x1a C:/Users/Ege/DOCUME~1/MATLAB/R2020b/ARDUIN~1/ARDUIN~1/FASTER~2\libcore.a(SERCOM.o)
                0x000078fe                SERCOM::transferDataSPI(unsigned char)
 .text._ZN6SERCOM13initClockNVICEv
                0x00007918       0xac C:/Users/Ege/DOCUME~1/MATLAB/R2020b/ARDUIN~1/ARDUIN~1/FASTER~2\libcore.a(SERCOM.o)
                0x00007918                SERCOM::initClockNVIC()
 .text._ZN6SERCOM8initUARTE14SercomUartMode20SercomUartSampleRatem
                0x000079c4       0x6c C:/Users/Ege/DOCUME~1/MATLAB/R2020b/ARDUIN~1/ARDUIN~1/FASTER~2\libcore.a(SERCOM.o)
                0x000079c4                SERCOM::initUART(SercomUartMode, SercomUartSampleRate, unsigned long)
 .text._ZN6SERCOM7initSPIE14SercomSpiTXPad11SercomRXPad17SercomSpiCharSize15SercomDataOrder
                0x00007a30       0x48 C:/Users/Ege/DOCUME~1/MATLAB/R2020b/ARDUIN~1/ARDUIN~1/FASTER~2\libcore.a(SERCOM.o)
                0x00007a30                SERCOM::initSPI(SercomSpiTXPad, SercomRXPad, SercomSpiCharSize, SercomDataOrder)
 .text._ZN4UartcvbEv
                0x00007a78        0x4 C:/Users/Ege/DOCUME~1/MATLAB/R2020b/ARDUIN~1/ARDUIN~1/FASTER~2\libcore.a(Uart.o)
                0x00007a78                Uart::operator bool()
 .text._ZN4Uart5beginEm
                0x00007a7c       0x10 C:/Users/Ege/DOCUME~1/MATLAB/R2020b/ARDUIN~1/ARDUIN~1/FASTER~2\libcore.a(Uart.o)
                0x00007a7c                Uart::begin(unsigned long)
 .text._ZN4Uart4peekEv
                0x00007a8c       0x1a C:/Users/Ege/DOCUME~1/MATLAB/R2020b/ARDUIN~1/ARDUIN~1/FASTER~2\libcore.a(Uart.o)
                0x00007a8c                Uart::peek()
 .text._ZN4Uart3endEv
                0x00007aa6       0x20 C:/Users/Ege/DOCUME~1/MATLAB/R2020b/ARDUIN~1/ARDUIN~1/FASTER~2\libcore.a(Uart.o)
                0x00007aa6                Uart::end()
 *fill*         0x00007ac6        0x2 
 .text._ZN4UartC2EP6SERCOMhh11SercomRXPad15SercomUartTXPadhh
                0x00007ac8       0xa4 C:/Users/Ege/DOCUME~1/MATLAB/R2020b/ARDUIN~1/ARDUIN~1/FASTER~2\libcore.a(Uart.o)
                0x00007ac8                Uart::Uart(SERCOM*, unsigned char, unsigned char, SercomRXPad, SercomUartTXPad, unsigned char, unsigned char)
                0x00007ac8                Uart::Uart(SERCOM*, unsigned char, unsigned char, SercomRXPad, SercomUartTXPad, unsigned char, unsigned char)
 .text._ZN4UartC2EP6SERCOMhh11SercomRXPad15SercomUartTXPad
                0x00007b6c       0x24 C:/Users/Ege/DOCUME~1/MATLAB/R2020b/ARDUIN~1/ARDUIN~1/FASTER~2\libcore.a(Uart.o)
                0x00007b6c                Uart::Uart(SERCOM*, unsigned char, unsigned char, SercomRXPad, SercomUartTXPad)
                0x00007b6c                Uart::Uart(SERCOM*, unsigned char, unsigned char, SercomRXPad, SercomUartTXPad)
 .text._ZN4Uart16extractNbStopBitEt
                0x00007b90        0xe C:/Users/Ege/DOCUME~1/MATLAB/R2020b/ARDUIN~1/ARDUIN~1/FASTER~2\libcore.a(Uart.o)
                0x00007b90                Uart::extractNbStopBit(unsigned short)
 .text._ZN4Uart15extractCharSizeEt
                0x00007b9e       0x2c C:/Users/Ege/DOCUME~1/MATLAB/R2020b/ARDUIN~1/ARDUIN~1/FASTER~2\libcore.a(Uart.o)
                0x00007b9e                Uart::extractCharSize(unsigned short)
 .text._ZN4Uart13extractParityEt
                0x00007bca       0x18 C:/Users/Ege/DOCUME~1/MATLAB/R2020b/ARDUIN~1/ARDUIN~1/FASTER~2\libcore.a(Uart.o)
                0x00007bca                Uart::extractParity(unsigned short)
 *fill*         0x00007be2        0x2 
 .text._ZN4Uart5beginEmt
                0x00007be4       0xf8 C:/Users/Ege/DOCUME~1/MATLAB/R2020b/ARDUIN~1/ARDUIN~1/FASTER~2\libcore.a(Uart.o)
                0x00007be4                Uart::begin(unsigned long, unsigned short)
 .text._ZN11RingBufferNILi256EE9availableEv
                0x00007cdc       0x12 C:/Users/Ege/DOCUME~1/MATLAB/R2020b/ARDUIN~1/ARDUIN~1/FASTER~2\libcore.a(Uart.o)
                0x00007cdc                RingBufferN<256>::available()
 .text._ZN4Uart5flushEv
                0x00007cee       0x1a C:/Users/Ege/DOCUME~1/MATLAB/R2020b/ARDUIN~1/ARDUIN~1/FASTER~2\libcore.a(Uart.o)
                0x00007cee                Uart::flush()
 .text._ZN4Uart9availableEv
                0x00007d08        0xa C:/Users/Ege/DOCUME~1/MATLAB/R2020b/ARDUIN~1/ARDUIN~1/FASTER~2\libcore.a(Uart.o)
                0x00007d08                Uart::available()
 .text._ZN11RingBufferNILi256EE17availableForStoreEv
                0x00007d12       0x1e C:/Users/Ege/DOCUME~1/MATLAB/R2020b/ARDUIN~1/ARDUIN~1/FASTER~2\libcore.a(Uart.o)
                0x00007d12                RingBufferN<256>::availableForStore()
 .text._ZN4Uart17availableForWriteEv
                0x00007d30        0xc C:/Users/Ege/DOCUME~1/MATLAB/R2020b/ARDUIN~1/ARDUIN~1/FASTER~2\libcore.a(Uart.o)
                0x00007d30                Uart::availableForWrite()
 .text._ZN4Uart10IrqHandlerEv
                0x00007d3c       0xc8 C:/Users/Ege/DOCUME~1/MATLAB/R2020b/ARDUIN~1/ARDUIN~1/FASTER~2\libcore.a(Uart.o)
                0x00007d3c                Uart::IrqHandler()
 .text._ZN4Uart5writeEh
                0x00007e04       0xb4 C:/Users/Ege/DOCUME~1/MATLAB/R2020b/ARDUIN~1/ARDUIN~1/FASTER~2\libcore.a(Uart.o)
                0x00007e04                Uart::write(unsigned char)
 .text._ZN4Uart4readEv
                0x00007eb8       0x4c C:/Users/Ege/DOCUME~1/MATLAB/R2020b/ARDUIN~1/ARDUIN~1/FASTER~2\libcore.a(Uart.o)
                0x00007eb8                Uart::read()
 .text._ZN7Serial_13getDescriptorER8USBSetup
                0x00007f04        0x4 C:/Users/Ege/DOCUME~1/MATLAB/R2020b/ARDUIN~1/ARDUIN~1/FASTER~2\libcore.a(CDC.o)
                0x00007f04                Serial_::getDescriptor(USBSetup&)
 .text._ZThn16_N7Serial_13getDescriptorER8USBSetup
                0x00007f08       0x10 C:/Users/Ege/DOCUME~1/MATLAB/R2020b/ARDUIN~1/ARDUIN~1/FASTER~2\libcore.a(CDC.o)
                0x00007f08                non-virtual thunk to Serial_::getDescriptor(USBSetup&)
 .text._ZL5utox8mPc
                0x00007f18       0x1c C:/Users/Ege/DOCUME~1/MATLAB/R2020b/ARDUIN~1/ARDUIN~1/FASTER~2\libcore.a(CDC.o)
 .text._ZN7Serial_12getShortNameEPc
                0x00007f34       0x44 C:/Users/Ege/DOCUME~1/MATLAB/R2020b/ARDUIN~1/ARDUIN~1/FASTER~2\libcore.a(CDC.o)
                0x00007f34                Serial_::getShortName(char*)
 .text._ZThn16_N7Serial_12getShortNameEPc
                0x00007f78       0x10 C:/Users/Ege/DOCUME~1/MATLAB/R2020b/ARDUIN~1/ARDUIN~1/FASTER~2\libcore.a(CDC.o)
                0x00007f78                non-virtual thunk to Serial_::getShortName(char*)
 .text._ZN7Serial_14handleEndpointEi
                0x00007f88        0x2 C:/Users/Ege/DOCUME~1/MATLAB/R2020b/ARDUIN~1/ARDUIN~1/FASTER~2\libcore.a(CDC.o)
                0x00007f88                Serial_::handleEndpoint(int)
 *fill*         0x00007f8a        0x2 
 .text._ZThn16_N7Serial_14handleEndpointEi
                0x00007f8c       0x10 C:/Users/Ege/DOCUME~1/MATLAB/R2020b/ARDUIN~1/ARDUIN~1/FASTER~2\libcore.a(CDC.o)
                0x00007f8c                non-virtual thunk to Serial_::handleEndpoint(int)
 .text._ZN7Serial_17availableForWriteEv
                0x00007f9c        0x4 C:/Users/Ege/DOCUME~1/MATLAB/R2020b/ARDUIN~1/ARDUIN~1/FASTER~2\libcore.a(CDC.o)
                0x00007f9c                Serial_::availableForWrite()
 .text._ZN7Serial_5writeEh
                0x00007fa0       0x14 C:/Users/Ege/DOCUME~1/MATLAB/R2020b/ARDUIN~1/ARDUIN~1/FASTER~2\libcore.a(CDC.o)
                0x00007fa0                Serial_::write(unsigned char)
 .text._ZN7Serial_12getInterfaceEPh
                0x00007fb4      0x104 C:/Users/Ege/DOCUME~1/MATLAB/R2020b/ARDUIN~1/ARDUIN~1/FASTER~2\libcore.a(CDC.o)
                0x00007fb4                Serial_::getInterface(unsigned char*)
 .text._ZThn16_N7Serial_12getInterfaceEPh
                0x000080b8       0x10 C:/Users/Ege/DOCUME~1/MATLAB/R2020b/ARDUIN~1/ARDUIN~1/FASTER~2\libcore.a(CDC.o)
                0x000080b8                non-virtual thunk to Serial_::getInterface(unsigned char*)
 .text._ZN7Serial_5setupER8USBSetup
                0x000080c8       0x98 C:/Users/Ege/DOCUME~1/MATLAB/R2020b/ARDUIN~1/ARDUIN~1/FASTER~2\libcore.a(CDC.o)
                0x000080c8                Serial_::setup(USBSetup&)
 .text._ZThn16_N7Serial_5setupER8USBSetup
                0x00008160       0x10 C:/Users/Ege/DOCUME~1/MATLAB/R2020b/ARDUIN~1/ARDUIN~1/FASTER~2\libcore.a(CDC.o)
                0x00008160                non-virtual thunk to Serial_::setup(USBSetup&)
 .text._ZN7Serial_9availableEv
                0x00008170       0x20 C:/Users/Ege/DOCUME~1/MATLAB/R2020b/ARDUIN~1/ARDUIN~1/FASTER~2\libcore.a(CDC.o)
                0x00008170                Serial_::available()
 .text._ZN7Serial_5flushEv
                0x00008190       0x10 C:/Users/Ege/DOCUME~1/MATLAB/R2020b/ARDUIN~1/ARDUIN~1/FASTER~2\libcore.a(CDC.o)
                0x00008190                Serial_::flush()
 .text._ZN7Serial_5clearEv
                0x000081a0       0x10 C:/Users/Ege/DOCUME~1/MATLAB/R2020b/ARDUIN~1/ARDUIN~1/FASTER~2\libcore.a(CDC.o)
                0x000081a0                Serial_::clear()
 .text._ZN7Serial_5writeEPKhj
                0x000081b0       0x1e C:/Users/Ege/DOCUME~1/MATLAB/R2020b/ARDUIN~1/ARDUIN~1/FASTER~2\libcore.a(CDC.o)
                0x000081b0                Serial_::write(unsigned char const*, unsigned int)
 *fill*         0x000081ce        0x2 
 .text._ZN7Serial_4peekEv
                0x000081d0       0x1c C:/Users/Ege/DOCUME~1/MATLAB/R2020b/ARDUIN~1/ARDUIN~1/FASTER~2\libcore.a(CDC.o)
                0x000081d0                Serial_::peek()
 .text._ZN7Serial_4readEv
                0x000081ec       0x24 C:/Users/Ege/DOCUME~1/MATLAB/R2020b/ARDUIN~1/ARDUIN~1/FASTER~2\libcore.a(CDC.o)
                0x000081ec                Serial_::read()
 .text._ZN7Serial_C2ER14USBDeviceClass
                0x00008210       0x4c C:/Users/Ege/DOCUME~1/MATLAB/R2020b/ARDUIN~1/ARDUIN~1/FASTER~2\libcore.a(CDC.o)
                0x00008210                Serial_::Serial_(USBDeviceClass&)
                0x00008210                Serial_::Serial_(USBDeviceClass&)
 .text._ZN7Serial_15enableInterruptEv
                0x0000825c       0x30 C:/Users/Ege/DOCUME~1/MATLAB/R2020b/ARDUIN~1/ARDUIN~1/FASTER~2\libcore.a(CDC.o)
                0x0000825c                Serial_::enableInterrupt()
 .text._ZN7Serial_5beginEm
                0x0000828c        0x2 C:/Users/Ege/DOCUME~1/MATLAB/R2020b/ARDUIN~1/ARDUIN~1/FASTER~2\libcore.a(CDC.o)
                0x0000828c                Serial_::begin(unsigned long)
 *fill*         0x0000828e        0x2 
 .text._ZN7Serial_cvbEv
                0x00008290       0x28 C:/Users/Ege/DOCUME~1/MATLAB/R2020b/ARDUIN~1/ARDUIN~1/FASTER~2\libcore.a(CDC.o)
                0x00008290                Serial_::operator bool()
 .text.startup._GLOBAL__sub_I__ZN7Serial_12getInterfaceEPh
                0x000082b8       0x14 C:/Users/Ege/DOCUME~1/MATLAB/R2020b/ARDUIN~1/ARDUIN~1/FASTER~2\libcore.a(CDC.o)
 .text._ZN13PluggableUSB_12getInterfaceEPh
                0x000082cc       0x2a C:/Users/Ege/DOCUME~1/MATLAB/R2020b/ARDUIN~1/ARDUIN~1/FASTER~2\libcore.a(PluggableUSB.o)
                0x000082cc                PluggableUSB_::getInterface(unsigned char*)
 .text._ZN13PluggableUSB_13getDescriptorER8USBSetup
                0x000082f6       0x20 C:/Users/Ege/DOCUME~1/MATLAB/R2020b/ARDUIN~1/ARDUIN~1/FASTER~2\libcore.a(PluggableUSB.o)
                0x000082f6                PluggableUSB_::getDescriptor(USBSetup&)
 .text._ZN13PluggableUSB_12getShortNameEPc
                0x00008316       0x26 C:/Users/Ege/DOCUME~1/MATLAB/R2020b/ARDUIN~1/ARDUIN~1/FASTER~2\libcore.a(PluggableUSB.o)
                0x00008316                PluggableUSB_::getShortName(char*)
 .text._ZN13PluggableUSB_5setupER8USBSetup
                0x0000833c       0x24 C:/Users/Ege/DOCUME~1/MATLAB/R2020b/ARDUIN~1/ARDUIN~1/FASTER~2\libcore.a(PluggableUSB.o)
                0x0000833c                PluggableUSB_::setup(USBSetup&)
 .text._ZN13PluggableUSB_14handleEndpointEi
                0x00008360       0x1a C:/Users/Ege/DOCUME~1/MATLAB/R2020b/ARDUIN~1/ARDUIN~1/FASTER~2\libcore.a(PluggableUSB.o)
                0x00008360                PluggableUSB_::handleEndpoint(int)
 *fill*         0x0000837a        0x2 
 .text._ZN13PluggableUSB_4plugEP18PluggableUSBModule
                0x0000837c       0x60 C:/Users/Ege/DOCUME~1/MATLAB/R2020b/ARDUIN~1/ARDUIN~1/FASTER~2\libcore.a(PluggableUSB.o)
                0x0000837c                PluggableUSB_::plug(PluggableUSBModule*)
 .text._Z12PluggableUSBv
                0x000083dc       0x20 C:/Users/Ege/DOCUME~1/MATLAB/R2020b/ARDUIN~1/ARDUIN~1/FASTER~2\libcore.a(PluggableUSB.o)
                0x000083dc                PluggableUSB()
 .text._ZN26DoubleBufferedEPOutHandlerD2Ev
                0x000083fc        0xc C:/Users/Ege/DOCUME~1/MATLAB/R2020b/ARDUIN~1/ARDUIN~1/FASTER~2\libcore.a(USBCore.o)
                0x000083fc                DoubleBufferedEPOutHandler::~DoubleBufferedEPOutHandler()
                0x000083fc                DoubleBufferedEPOutHandler::~DoubleBufferedEPOutHandler()
 .text._ZN26DoubleBufferedEPOutHandlerD0Ev
                0x00008408       0x14 C:/Users/Ege/DOCUME~1/MATLAB/R2020b/ARDUIN~1/ARDUIN~1/FASTER~2\libcore.a(USBCore.o)
                0x00008408                DoubleBufferedEPOutHandler::~DoubleBufferedEPOutHandler()
 .text._ZN14USBDeviceClass6initEPEmm.part.7
                0x0000841c       0xbc C:/Users/Ege/DOCUME~1/MATLAB/R2020b/ARDUIN~1/ARDUIN~1/FASTER~2\libcore.a(USBCore.o)
 .text._ZN7__GuardC2Ev
                0x000084d8        0xe C:/Users/Ege/DOCUME~1/MATLAB/R2020b/ARDUIN~1/ARDUIN~1/FASTER~2\libcore.a(USBCore.o)
                0x000084d8                __Guard::__Guard()
                0x000084d8                __Guard::__Guard()
 .text._ZN7__GuardD2Ev
                0x000084e6        0xe C:/Users/Ege/DOCUME~1/MATLAB/R2020b/ARDUIN~1/ARDUIN~1/FASTER~2\libcore.a(USBCore.o)
                0x000084e6                __Guard::~__Guard()
                0x000084e6                __Guard::~__Guard()
 .text._ZNK26DoubleBufferedEPOutHandler10_availableEv
                0x000084f4       0x72 C:/Users/Ege/DOCUME~1/MATLAB/R2020b/ARDUIN~1/ARDUIN~1/FASTER~2\libcore.a(USBCore.o)
                0x000084f4                DoubleBufferedEPOutHandler::_available() const
 *fill*         0x00008566        0x2 
 .text._ZN26DoubleBufferedEPOutHandler7releaseEv
                0x00008568       0x38 C:/Users/Ege/DOCUME~1/MATLAB/R2020b/ARDUIN~1/ARDUIN~1/FASTER~2\libcore.a(USBCore.o)
                0x00008568                DoubleBufferedEPOutHandler::release()
 .text._ZN26DoubleBufferedEPOutHandler14handleEndpointEv
                0x000085a0       0xe4 C:/Users/Ege/DOCUME~1/MATLAB/R2020b/ARDUIN~1/ARDUIN~1/FASTER~2\libcore.a(USBCore.o)
                0x000085a0                DoubleBufferedEPOutHandler::handleEndpoint()
 .text._ZN26DoubleBufferedEPOutHandler5_recvEv
                0x00008684      0x18e C:/Users/Ege/DOCUME~1/MATLAB/R2020b/ARDUIN~1/ARDUIN~1/FASTER~2\libcore.a(USBCore.o)
                0x00008684                DoubleBufferedEPOutHandler::_recv()
 .text._ZN26DoubleBufferedEPOutHandler9availableEv
                0x00008812       0x18 C:/Users/Ege/DOCUME~1/MATLAB/R2020b/ARDUIN~1/ARDUIN~1/FASTER~2\libcore.a(USBCore.o)
                0x00008812                DoubleBufferedEPOutHandler::available()
 .text._ZN26DoubleBufferedEPOutHandler4peekEv
                0x0000882a       0x22 C:/Users/Ege/DOCUME~1/MATLAB/R2020b/ARDUIN~1/ARDUIN~1/FASTER~2\libcore.a(USBCore.o)
                0x0000882a                DoubleBufferedEPOutHandler::peek()
 .text._ZN26DoubleBufferedEPOutHandler4recvEPvm
                0x0000884c       0x66 C:/Users/Ege/DOCUME~1/MATLAB/R2020b/ARDUIN~1/ARDUIN~1/FASTER~2\libcore.a(USBCore.o)
                0x0000884c                DoubleBufferedEPOutHandler::recv(void*, unsigned long)
 .text._ZN14USBDeviceClass14SendInterfacesEPm
                0x000088b2       0x20 C:/Users/Ege/DOCUME~1/MATLAB/R2020b/ARDUIN~1/ARDUIN~1/FASTER~2\libcore.a(USBCore.o)
                0x000088b2                USBDeviceClass::SendInterfaces(unsigned long*)
 *fill*         0x000088d2        0x2 
 .text._ZN14USBDeviceClass4initEv
                0x000088d4      0x130 C:/Users/Ege/DOCUME~1/MATLAB/R2020b/ARDUIN~1/ARDUIN~1/FASTER~2\libcore.a(USBCore.o)
                0x000088d4                USBDeviceClass::init()
 .text._ZN14USBDeviceClass6attachEv
                0x00008a04       0x34 C:/Users/Ege/DOCUME~1/MATLAB/R2020b/ARDUIN~1/ARDUIN~1/FASTER~2\libcore.a(USBCore.o)
                0x00008a04                USBDeviceClass::attach()
 .text._ZN14USBDeviceClass10setAddressEm
                0x00008a38       0x48 C:/Users/Ege/DOCUME~1/MATLAB/R2020b/ARDUIN~1/ARDUIN~1/FASTER~2\libcore.a(USBCore.o)
                0x00008a38                USBDeviceClass::setAddress(unsigned long)
 .text._ZN14USBDeviceClass25handleClassInterfaceSetupER8USBSetup
                0x00008a80       0x24 C:/Users/Ege/DOCUME~1/MATLAB/R2020b/ARDUIN~1/ARDUIN~1/FASTER~2\libcore.a(USBCore.o)
                0x00008a80                USBDeviceClass::handleClassInterfaceSetup(USBSetup&)
 .text._ZN14USBDeviceClass6initEPEmm
                0x00008aa4      0x124 C:/Users/Ege/DOCUME~1/MATLAB/R2020b/ARDUIN~1/ARDUIN~1/FASTER~2\libcore.a(USBCore.o)
                0x00008aa4                USBDeviceClass::initEP(unsigned long, unsigned long)
 .text._ZN14USBDeviceClass13initEndpointsEv
                0x00008bc8       0x24 C:/Users/Ege/DOCUME~1/MATLAB/R2020b/ARDUIN~1/ARDUIN~1/FASTER~2\libcore.a(USBCore.o)
                0x00008bc8                USBDeviceClass::initEndpoints()
 .text._ZN14USBDeviceClass5clearEm
                0x00008bec       0x38 C:/Users/Ege/DOCUME~1/MATLAB/R2020b/ARDUIN~1/ARDUIN~1/FASTER~2\libcore.a(USBCore.o)
                0x00008bec                USBDeviceClass::clear(unsigned long)
 .text._ZN14USBDeviceClass9availableEm
                0x00008c24       0x2c C:/Users/Ege/DOCUME~1/MATLAB/R2020b/ARDUIN~1/ARDUIN~1/FASTER~2\libcore.a(USBCore.o)
                0x00008c24                USBDeviceClass::available(unsigned long)
 .text._ZN14USBDeviceClass5flushEm
                0x00008c50       0x2c C:/Users/Ege/DOCUME~1/MATLAB/R2020b/ARDUIN~1/ARDUIN~1/FASTER~2\libcore.a(USBCore.o)
                0x00008c50                USBDeviceClass::flush(unsigned long)
 .text._ZN14USBDeviceClass4recvEmPvm
                0x00008c7c       0xc4 C:/Users/Ege/DOCUME~1/MATLAB/R2020b/ARDUIN~1/ARDUIN~1/FASTER~2\libcore.a(USBCore.o)
                0x00008c7c                USBDeviceClass::recv(unsigned long, void*, unsigned long)
 .text._ZN14USBDeviceClass4recvEm
                0x00008d40       0x1c C:/Users/Ege/DOCUME~1/MATLAB/R2020b/ARDUIN~1/ARDUIN~1/FASTER~2\libcore.a(USBCore.o)
                0x00008d40                USBDeviceClass::recv(unsigned long)
 .text._ZN14USBDeviceClass14armRecvCtrlOUTEm
                0x00008d5c       0x60 C:/Users/Ege/DOCUME~1/MATLAB/R2020b/ARDUIN~1/ARDUIN~1/FASTER~2\libcore.a(USBCore.o)
                0x00008d5c                USBDeviceClass::armRecvCtrlOUT(unsigned long)
 .text._ZN14USBDeviceClass11recvControlEPvm
                0x00008dbc       0x28 C:/Users/Ege/DOCUME~1/MATLAB/R2020b/ARDUIN~1/ARDUIN~1/FASTER~2\libcore.a(USBCore.o)
                0x00008dbc                USBDeviceClass::recvControl(void*, unsigned long)
 .text._ZN14USBDeviceClass4sendEmPKvm
                0x00008de4      0x11c C:/Users/Ege/DOCUME~1/MATLAB/R2020b/ARDUIN~1/ARDUIN~1/FASTER~2\libcore.a(USBCore.o)
                0x00008de4                USBDeviceClass::send(unsigned long, void const*, unsigned long)
 .text._ZN14USBDeviceClass7armSendEmPKvm
                0x00008f00       0x48 C:/Users/Ege/DOCUME~1/MATLAB/R2020b/ARDUIN~1/ARDUIN~1/FASTER~2\libcore.a(USBCore.o)
                0x00008f00                USBDeviceClass::armSend(unsigned long, void const*, unsigned long)
 .text._ZN14USBDeviceClass11sendControlEPKvm
                0x00008f48       0x58 C:/Users/Ege/DOCUME~1/MATLAB/R2020b/ARDUIN~1/ARDUIN~1/FASTER~2\libcore.a(USBCore.o)
                0x00008f48                USBDeviceClass::sendControl(void const*, unsigned long)
 .text._ZN14USBDeviceClass20sendStringDescriptorEPKhm
                0x00008fa0       0x68 C:/Users/Ege/DOCUME~1/MATLAB/R2020b/ARDUIN~1/ARDUIN~1/FASTER~2\libcore.a(USBCore.o)
                0x00008fa0                USBDeviceClass::sendStringDescriptor(unsigned char const*, unsigned long)
 .text._ZN14USBDeviceClass12packMessagesEb.part.6
                0x00009008       0x20 C:/Users/Ege/DOCUME~1/MATLAB/R2020b/ARDUIN~1/ARDUIN~1/FASTER~2\libcore.a(USBCore.o)
 .text._ZN14USBDeviceClass17sendConfigurationEm
                0x00009028       0x90 C:/Users/Ege/DOCUME~1/MATLAB/R2020b/ARDUIN~1/ARDUIN~1/FASTER~2\libcore.a(USBCore.o)
                0x00009028                USBDeviceClass::sendConfiguration(unsigned long)
 .text._ZN14USBDeviceClass14sendDescriptorER8USBSetup
                0x000090b8       0xec C:/Users/Ege/DOCUME~1/MATLAB/R2020b/ARDUIN~1/ARDUIN~1/FASTER~2\libcore.a(USBCore.o)
                0x000090b8                USBDeviceClass::sendDescriptor(USBSetup&)
 .text._ZN14USBDeviceClass7sendZlpEm
                0x000091a4       0x18 C:/Users/Ege/DOCUME~1/MATLAB/R2020b/ARDUIN~1/ARDUIN~1/FASTER~2\libcore.a(USBCore.o)
                0x000091a4                USBDeviceClass::sendZlp(unsigned long)
 .text._ZN14USBDeviceClass19handleStandardSetupER8USBSetup
                0x000091bc       0xfc C:/Users/Ege/DOCUME~1/MATLAB/R2020b/ARDUIN~1/ARDUIN~1/FASTER~2\libcore.a(USBCore.o)
                0x000091bc                USBDeviceClass::handleStandardSetup(USBSetup&)
 .text._ZN14USBDeviceClass10ISRHandlerEv
                0x000092b8      0x10c C:/Users/Ege/DOCUME~1/MATLAB/R2020b/ARDUIN~1/ARDUIN~1/FASTER~2\libcore.a(USBCore.o)
                0x000092b8                USBDeviceClass::ISRHandler()
 .text.UDD_Handler
                0x000093c4       0x10 C:/Users/Ege/DOCUME~1/MATLAB/R2020b/ARDUIN~1/ARDUIN~1/FASTER~2\libcore.a(USBCore.o)
                0x000093c4                UDD_Handler
 .text.startup._GLOBAL__sub_I_usbd
                0x000093d4       0x10 C:/Users/Ege/DOCUME~1/MATLAB/R2020b/ARDUIN~1/ARDUIN~1/FASTER~2\libcore.a(USBCore.o)
 .text._Znwj    0x000093e4        0x8 C:/Users/Ege/DOCUME~1/MATLAB/R2020b/ARDUIN~1/ARDUIN~1/FASTER~2\libcore.a(new.o)
                0x000093e4                operator new(unsigned int)
 .text._ZdlPv   0x000093ec        0x8 C:/Users/Ege/DOCUME~1/MATLAB/R2020b/ARDUIN~1/ARDUIN~1/FASTER~2\libcore.a(new.o)
                0x000093ec                operator delete(void*)
 .text          0x000093f4       0x14 c:/programdata/matlab/supportpackages/r2020b/3p.instrset/arduinoide.instrset/tools/arm-none-eabi-gcc/4.8.3-2014q1/bin/../lib/gcc/arm-none-eabi/4.8.3/armv6-m\libgcc.a(_thumb1_case_uqi.o)
                0x000093f4                __gnu_thumb1_case_uqi
 .text          0x00009408       0x9c c:/programdata/matlab/supportpackages/r2020b/3p.instrset/arduinoide.instrset/tools/arm-none-eabi-gcc/4.8.3-2014q1/bin/../lib/gcc/arm-none-eabi/4.8.3/armv6-m\libgcc.a(_udivsi3.o)
                0x00009408                __aeabi_uidiv
                0x00009408                __udivsi3
                0x00009490                __aeabi_uidivmod
 .text          0x000094a4        0x4 c:/programdata/matlab/supportpackages/r2020b/3p.instrset/arduinoide.instrset/tools/arm-none-eabi-gcc/4.8.3-2014q1/bin/../lib/gcc/arm-none-eabi/4.8.3/armv6-m\libgcc.a(_dvmd_tls.o)
                0x000094a4                __aeabi_idiv0
                0x000094a4                __aeabi_ldiv0
 .text          0x000094a8       0x7c c:/programdata/matlab/supportpackages/r2020b/3p.instrset/arduinoide.instrset/tools/arm-none-eabi-gcc/4.8.3-2014q1/bin/../lib/gcc/arm-none-eabi/4.8.3/armv6-m\libgcc.a(_arm_cmpdf2.o)
                0x000094a8                __aeabi_cdrcmple
                0x000094b8                __aeabi_cdcmple
                0x000094b8                __aeabi_cdcmpeq
                0x000094c8                __aeabi_dcmpeq
                0x000094d4                __aeabi_dcmplt
                0x000094e8                __aeabi_dcmple
                0x000094fc                __aeabi_dcmpgt
                0x00009510                __aeabi_dcmpge
 *fill*         0x00009524        0x4 
 .text          0x00009528       0x40 c:/programdata/matlab/supportpackages/r2020b/3p.instrset/arduinoide.instrset/tools/arm-none-eabi-gcc/4.8.3-2014q1/bin/../lib/gcc/arm-none-eabi/4.8.3/armv6-m\libgcc.a(_fixunsdfsi.o)
                0x00009528                __aeabi_d2uiz
                0x00009528                __fixunsdfsi
 .text          0x00009568      0x638 c:/programdata/matlab/supportpackages/r2020b/3p.instrset/arduinoide.instrset/tools/arm-none-eabi-gcc/4.8.3-2014q1/bin/../lib/gcc/arm-none-eabi/4.8.3/armv6-m\libgcc.a(adddf3.o)
                0x00009568                __aeabi_dadd
 .text          0x00009ba0      0x648 c:/programdata/matlab/supportpackages/r2020b/3p.instrset/arduinoide.instrset/tools/arm-none-eabi-gcc/4.8.3-2014q1/bin/../lib/gcc/arm-none-eabi/4.8.3/armv6-m\libgcc.a(divdf3.o)
                0x00009ba0                __aeabi_ddiv
 .text          0x0000a1e8       0x94 c:/programdata/matlab/supportpackages/r2020b/3p.instrset/arduinoide.instrset/tools/arm-none-eabi-gcc/4.8.3-2014q1/bin/../lib/gcc/arm-none-eabi/4.8.3/armv6-m\libgcc.a(eqdf2.o)
                0x0000a1e8                __nedf2
                0x0000a1e8                __eqdf2
 .text          0x0000a27c       0xfc c:/programdata/matlab/supportpackages/r2020b/3p.instrset/arduinoide.instrset/tools/arm-none-eabi-gcc/4.8.3-2014q1/bin/../lib/gcc/arm-none-eabi/4.8.3/armv6-m\libgcc.a(gedf2.o)
                0x0000a27c                __gedf2
                0x0000a27c                __gtdf2
 .text          0x0000a378       0xfc c:/programdata/matlab/supportpackages/r2020b/3p.instrset/arduinoide.instrset/tools/arm-none-eabi-gcc/4.8.3-2014q1/bin/../lib/gcc/arm-none-eabi/4.8.3/armv6-m\libgcc.a(ledf2.o)
                0x0000a378                __ledf2
                0x0000a378                __ltdf2
 .text          0x0000a474      0x520 c:/programdata/matlab/supportpackages/r2020b/3p.instrset/arduinoide.instrset/tools/arm-none-eabi-gcc/4.8.3-2014q1/bin/../lib/gcc/arm-none-eabi/4.8.3/armv6-m\libgcc.a(muldf3.o)
                0x0000a474                __aeabi_dmul
 .text          0x0000a994      0x654 c:/programdata/matlab/supportpackages/r2020b/3p.instrset/arduinoide.instrset/tools/arm-none-eabi-gcc/4.8.3-2014q1/bin/../lib/gcc/arm-none-eabi/4.8.3/armv6-m\libgcc.a(subdf3.o)
                0x0000a994                __aeabi_dsub
 .text          0x0000afe8       0x68 c:/programdata/matlab/supportpackages/r2020b/3p.instrset/arduinoide.instrset/tools/arm-none-eabi-gcc/4.8.3-2014q1/bin/../lib/gcc/arm-none-eabi/4.8.3/armv6-m\libgcc.a(fixdfsi.o)
                0x0000afe8                __aeabi_d2iz
 .text          0x0000b050       0x68 c:/programdata/matlab/supportpackages/r2020b/3p.instrset/arduinoide.instrset/tools/arm-none-eabi-gcc/4.8.3-2014q1/bin/../lib/gcc/arm-none-eabi/4.8.3/armv6-m\libgcc.a(floatunsidf.o)
                0x0000b050                __aeabi_ui2d
 .text          0x0000b0b8       0x3c c:/programdata/matlab/supportpackages/r2020b/3p.instrset/arduinoide.instrset/tools/arm-none-eabi-gcc/4.8.3-2014q1/bin/../lib/gcc/arm-none-eabi/4.8.3/armv6-m\libgcc.a(_clzsi2.o)
                0x0000b0b8                __clzsi2
 .text.__aeabi_atexit