Archive member included because of file (symbol)

C:/Users/Ege/DOCUME~1/MATLAB/R2020b/ARDUIN~1/ARDUIN~1/FASTER~1\libipwifi.a(WiFi.o)
                              MW_ArduinoHWInit.o (WiFiClass::begin(char const*, char const*))
C:/Users/Ege/DOCUME~1/MATLAB/R2020b/ARDUIN~1/ARDUIN~1/FASTER~1\libipwifi.a(WiFiClient.o)
                              MW_WiFiTCP.o (WiFiClient::WiFiClient())
C:/Users/Ege/DOCUME~1/MATLAB/R2020b/ARDUIN~1/ARDUIN~1/FASTER~1\libipwifi.a(WiFiServer.o)
                              MW_WiFiTCP.o (WiFiServer::WiFiServer(unsigned short))
C:/Users/Ege/DOCUME~1/MATLAB/R2020b/ARDUIN~1/ARDUIN~1/FASTER~1\libipwifi.a(server_drv.o)
                              C:/Users/Ege/DOCUME~1/MATLAB/R2020b/ARDUIN~1/ARDUIN~1/FASTER~1\libipwifi.a(WiFiServer.o) (ServerDrv::startServer(unsigned short, unsigned char, unsigned char))
C:/Users/Ege/DOCUME~1/MATLAB/R2020b/ARDUIN~1/ARDUIN~1/FASTER~1\libipwifi.a(spi_drv.o)
                              C:/Users/Ege/DOCUME~1/MATLAB/R2020b/ARDUIN~1/ARDUIN~1/FASTER~1\libipwifi.a(server_drv.o) (SpiDrv::initialized)
C:/Users/Ege/DOCUME~1/MATLAB/R2020b/ARDUIN~1/ARDUIN~1/FASTER~1\libipwifi.a(wifi_drv.o)
                              C:/Users/Ege/DOCUME~1/MATLAB/R2020b/ARDUIN~1/ARDUIN~1/FASTER~1\libipwifi.a(WiFiClient.o) (WiFiDrv::getRemoteData(unsigned char, unsigned char*, unsigned char*))
C:/Users/Ege/DOCUME~1/MATLAB/R2020b/ARDUIN~1/ARDUIN~1/FASTER~1\libipwifi.a(WiFiSocketBuffer.o)
                              C:/Users/Ege/DOCUME~1/MATLAB/R2020b/ARDUIN~1/ARDUIN~1/FASTER~1\libipwifi.a(WiFiClient.o) (WiFiSocketBufferClass::close(int))
C:/Users/Ege/DOCUME~1/MATLAB/R2020b/ARDUIN~1/ARDUIN~1/FASTER~1\libipwifi.a(variant.o)
                              C:/Users/Ege/DOCUME~1/MATLAB/R2020b/ARDUIN~1/ARDUIN~1/FASTER~1\libipwifi.a(spi_drv.o) (PINCOUNT_fn)
C:/Users/Ege/DOCUME~1/MATLAB/R2020b/ARDUIN~1/ARDUIN~1/FASTER~1\libcomm.a(SPI.o)
                              C:/Users/Ege/DOCUME~1/MATLAB/R2020b/ARDUIN~1/ARDUIN~1/FASTER~1\libipwifi.a(spi_drv.o) (SPIClass::begin())
C:/Users/Ege/DOCUME~1/MATLAB/R2020b/ARDUIN~1/ARDUIN~1/FASTER~1\libcore.a(cortex_handlers.o)
                              (Reset_Handler)
C:/Users/Ege/DOCUME~1/MATLAB/R2020b/ARDUIN~1/ARDUIN~1/FASTER~1\libcore.a(hooks.o)
                              C:/Users/Ege/DOCUME~1/MATLAB/R2020b/ARDUIN~1/ARDUIN~1/FASTER~1\libcore.a(cortex_handlers.o) (sysTickHook)
C:/Users/Ege/DOCUME~1/MATLAB/R2020b/ARDUIN~1/ARDUIN~1/FASTER~1\libcore.a(delay.o)
                              MW_WiFiTCP.o (millis)
C:/Users/Ege/DOCUME~1/MATLAB/R2020b/ARDUIN~1/ARDUIN~1/FASTER~1\libcore.a(startup.o)
                              C:/Users/Ege/DOCUME~1/MATLAB/R2020b/ARDUIN~1/ARDUIN~1/FASTER~1\libcore.a(cortex_handlers.o) (SystemInit)
C:/Users/Ege/DOCUME~1/MATLAB/R2020b/ARDUIN~1/ARDUIN~1/FASTER~1\libcore.a(wiring.o)
                              C:/Users/Ege/DOCUME~1/MATLAB/R2020b/ARDUIN~1/ARDUIN~1/FASTER~1\libcore.a(startup.o) (SystemCoreClock)
C:/Users/Ege/DOCUME~1/MATLAB/R2020b/ARDUIN~1/ARDUIN~1/FASTER~1\libcore.a(wiring_analog.o)
                              C:/Users/Ege/DOCUME~1/MATLAB/R2020b/ARDUIN~1/ARDUIN~1/FASTER~1\libcore.a(wiring.o) (analogReference)
C:/Users/Ege/DOCUME~1/MATLAB/R2020b/ARDUIN~1/ARDUIN~1/FASTER~1\libcore.a(wiring_digital.o)
                              io_wrappers.o (pinMode)
C:/Users/Ege/DOCUME~1/MATLAB/R2020b/ARDUIN~1/ARDUIN~1/FASTER~1\libcore.a(wiring_private.o)
                              C:/Users/Ege/DOCUME~1/MATLAB/R2020b/ARDUIN~1/ARDUIN~1/FASTER~1\libcomm.a(SPI.o) (pinPeripheral)
C:/Users/Ege/DOCUME~1/MATLAB/R2020b/ARDUIN~1/ARDUIN~1/FASTER~1\libcore.a(abi.o)
                              MW_ArduinoHWInit.o (__cxa_pure_virtual)
C:/Users/Ege/DOCUME~1/MATLAB/R2020b/ARDUIN~1/ARDUIN~1/FASTER~1\libcore.a(IPAddress.o)
                              MW_ArduinoHWInit.o (vtable for IPAddress)
C:/Users/Ege/DOCUME~1/MATLAB/R2020b/ARDUIN~1/ARDUIN~1/FASTER~1\libcore.a(Print.o)
                              C:/Users/Ege/DOCUME~1/MATLAB/R2020b/ARDUIN~1/ARDUIN~1/FASTER~1\libipwifi.a(WiFiClient.o) (Print::write(unsigned char const*, unsigned int))
C:/Users/Ege/DOCUME~1/MATLAB/R2020b/ARDUIN~1/ARDUIN~1/FASTER~1\libcore.a(Reset.o)
                              C:/Users/Ege/DOCUME~1/MATLAB/R2020b/ARDUIN~1/ARDUIN~1/FASTER~1\libcore.a(delay.o) (tickReset)
C:/Users/Ege/DOCUME~1/MATLAB/R2020b/ARDUIN~1/ARDUIN~1/FASTER~1\libcore.a(SERCOM.o)
                              C:/Users/Ege/DOCUME~1/MATLAB/R2020b/ARDUIN~1/ARDUIN~1/FASTER~1\libipwifi.a(variant.o) (SERCOM::SERCOM(Sercom*))
C:/Users/Ege/DOCUME~1/MATLAB/R2020b/ARDUIN~1/ARDUIN~1/FASTER~1\libcore.a(Uart.o)
                              C:/Users/Ege/DOCUME~1/MATLAB/R2020b/ARDUIN~1/ARDUIN~1/FASTER~1\libipwifi.a(variant.o) (Uart::Uart(SERCOM*, unsigned char, unsigned char, SercomRXPad, SercomUartTXPad, unsigned char, unsigned char))
C:/Users/Ege/DOCUME~1/MATLAB/R2020b/ARDUIN~1/ARDUIN~1/FASTER~1\libcore.a(CDC.o)
                              io_wrappers.o (Serial_::begin(unsigned long))
[...]
Memory Configuration

Name             Origin             Length             Attributes
FLASH            0x00002000         0x0003e000         xr
RAM              0x20000000         0x00008000         xrw
*default*        0x00000000         0xffffffff

Linker script and memory map

LOAD c:/programdata/matlab/supportpackages/r2020b/3p.instrset/arduinoide.instrset/tools/arm-none-eabi-gcc/4.8.3-2014q1/bin/../lib/gcc/arm-none-eabi/4.8.3/armv6-m/crti.o
LOAD c:/programdata/matlab/supportpackages/r2020b/3p.instrset/arduinoide.instrset/tools/arm-none-eabi-gcc/4.8.3-2014q1/bin/../lib/gcc/arm-none-eabi/4.8.3/armv6-m/crtbegin.o
LOAD c:/programdata/matlab/supportpackages/r2020b/3p.instrset/arduinoide.instrset/tools/arm-none-eabi-gcc/4.8.3-2014q1/bin/../lib/gcc/arm-none-eabi/4.8.3/../../../../arm-none-eabi/lib/armv6-m/crt0.o
START GROUP
LOAD C:/ProgramData/MATLAB/SupportPackages/R2020b/3P.instrset/arduinoide.instrset/portable/packages/arduino/tools/CMSIS/4.5.0/CMSIS/Lib/GCC\libarm_cortexM0l_math.a
LOAD MW_WiFiTCP.o
LOAD commtest.o
LOAD updown.o
LOAD ext_work.o
LOAD rtiostream_utils.o
LOAD MW_ArduinoHWInit.o
LOAD io_wrappers.o
LOAD arduinoARM_M0plusScheduler.o
LOAD m0m1m0plus_multitasking.o
LOAD rtiostream_interface.o
LOAD ext_svr_daemon.o
LOAD rtiostream_serial_daemon.o
LOAD daemon_checksum.o
LOAD ert_main.o
LOAD C:/Users/Ege/DOCUME~1/MATLAB/R2020b/ARDUIN~1/ARDUIN~1/FASTER~1/MW_RebuildSrc_WiFi.o
LOAD C:/Users/Ege/DOCUME~1/MATLAB/R2020b/ARDUIN~1/ARDUIN~1/FASTER~1/MW_RebuildSrc_Comm.o
LOAD C:/Users/Ege/DOCUME~1/MATLAB/R2020b/ARDUIN~1/ARDUIN~1/FASTER~1/MW_RebuildSrc_Core.o
END GROUP
LOAD c:/programdata/matlab/supportpackages/r2020b/3p.instrset/arduinoide.instrset/tools/arm-none-eabi-gcc/4.8.3-2014q1/bin/../lib/gcc/arm-none-eabi/4.8.3/../../../../arm-none-eabi/lib/armv6-m\libm.a
LOAD C:/Users/Ege/DOCUME~1/MATLAB/R2020b/ARDUIN~1/ARDUIN~1/FASTER~1\libipwifi.a
LOAD C:/Users/Ege/DOCUME~1/MATLAB/R2020b/ARDUIN~1/ARDUIN~1/FASTER~1\libcomm.a
LOAD C:/Users/Ege/DOCUME~1/MATLAB/R2020b/ARDUIN~1/ARDUIN~1/FASTER~1\libcore.a
START GROUP
LOAD c:/programdata/matlab/supportpackages/r2020b/3p.instrset/arduinoide.instrset/tools/arm-none-eabi-gcc/4.8.3-2014q1/bin/../lib/gcc/arm-none-eabi/4.8.3/armv6-m\libgcc.a
LOAD c:/programdata/matlab/supportpackages/r2020b/3p.instrset/arduinoide.instrset/tools/arm-none-eabi-gcc/4.8.3-2014q1/bin/../lib/gcc/arm-none-eabi/4.8.3/../../../../arm-none-eabi/lib/armv6-m\libg_s.a
LOAD c:/programdata/matlab/supportpackages/r2020b/3p.instrset/arduinoide.instrset/tools/arm-none-eabi-gcc/4.8.3-2014q1/bin/../lib/gcc/arm-none-eabi/4.8.3/../../../../arm-none-eabi/lib/armv6-m\libc_s.a
END GROUP
START GROUP
LOAD c:/programdata/matlab/supportpackages/r2020b/3p.instrset/arduinoide.instrset/tools/arm-none-eabi-gcc/4.8.3-2014q1/bin/../lib/gcc/arm-none-eabi/4.8.3/armv6-m\libgcc.a
LOAD c:/programdata/matlab/supportpackages/r2020b/3p.instrset/arduinoide.instrset/tools/arm-none-eabi-gcc/4.8.3-2014q1/bin/../lib/gcc/arm-none-eabi/4.8.3/../../../../arm-none-eabi/lib/armv6-m\libc_s.a
LOAD c:/programdata/matlab/supportpackages/r2020b/3p.instrset/arduinoide.instrset/tools/arm-none-eabi-gcc/4.8.3-2014q1/bin/../lib/gcc/arm-none-eabi/4.8.3/../../../../arm-none-eabi/lib/armv6-m\libnosys.a
END GROUP
START GROUP
LOAD c:/programdata/matlab/supportpackages/r2020b/3p.instrset/arduinoide.instrset/tools/arm-none-eabi-gcc/4.8.3-2014q1/bin/../lib/gcc/arm-none-eabi/4.8.3/armv6-m\libgcc.a
LOAD c:/programdata/matlab/supportpackages/r2020b/3p.instrset/arduinoide.instrset/tools/arm-none-eabi-gcc/4.8.3-2014q1/bin/../lib/gcc/arm-none-eabi/4.8.3/../../../../arm-none-eabi/lib/armv6-m\libc_s.a
LOAD c:/programdata/matlab/supportpackages/r2020b/3p.instrset/arduinoide.instrset/tools/arm-none-eabi-gcc/4.8.3-2014q1/bin/../lib/gcc/arm-none-eabi/4.8.3/../../../../arm-none-eabi/lib/armv6-m\libnosys.a
END GROUP
LOAD c:/programdata/matlab/supportpackages/r2020b/3p.instrset/arduinoide.instrset/tools/arm-none-eabi-gcc/4.8.3-2014q1/bin/../lib/gcc/arm-none-eabi/4.8.3/armv6-m/crtend.o
LOAD c:/programdata/matlab/supportpackages/r2020b/3p.instrset/arduinoide.instrset/tools/arm-none-eabi-gcc/4.8.3-2014q1/bin/../lib/gcc/arm-none-eabi/4.8.3/armv6-m/crtn.o

.text           0x00002000     0xf548
                0x00002000                __text_start__ = .
 *(.isr_vector)
 .isr_vector    0x00002000       0xb4 C:/Users/Ege/DOCUME~1/MATLAB/R2020b/ARDUIN~1/ARDUIN~1/FASTER~1\libcore.a(cortex_handlers.o)
                0x00002000                exception_table
 *(.text*)
 .text          0x000020b4       0x60 c:/programdata/matlab/supportpackages/r2020b/3p.instrset/arduinoide.instrset/tools/arm-none-eabi-gcc/4.8.3-2014q1/bin/../lib/gcc/arm-none-eabi/4.8.3/armv6-m/crtbegin.o
 .text._ZN11SPISettingsC2Ev
                0x00002114       0x98 MW_WiFiTCP.o
                0x00002114                SPISettings::SPISettings()
                0x00002114                SPISettings::SPISettings()
 .text.MW_WifiAndWifiTCPServerBegin
                0x000021ac       0x68 MW_WiFiTCP.o
                0x000021ac                MW_WifiAndWifiTCPServerBegin
 .text._ZN5PrintaSEOS_
                0x00002214       0x1c MW_WiFiTCP.o
                0x00002214                Print::operator=(Print&&)
 .text._ZN6StreamaSEOS_
                0x00002230       0x30 MW_WiFiTCP.o
                0x00002230                Stream::operator=(Stream&&)
 .text._ZN6ClientaSEOS_
                0x00002260       0x20 MW_WiFiTCP.o
                0x00002260                Client::operator=(Client&&)
 .text._ZN10WiFiClientaSEOS_
                0x00002280       0x30 MW_WiFiTCP.o
                0x00002280                WiFiClient::operator=(WiFiClient&&)
 .text.MW_WifiTCPFinalread
                0x000022b0      0x324 MW_WiFiTCP.o
                0x000022b0                MW_WifiTCPFinalread
 .text.checkDataBlockingMode
                0x000025d4      0x1f0 MW_WiFiTCP.o
                0x000025d4                checkDataBlockingMode
 .text.checkClientConnectionBlockingMode
                0x000027c4      0x26c MW_WiFiTCP.o
                0x000027c4                checkClientConnectionBlockingMode
 .text._Z41__static_initialization_and_destruction_0ii
                0x00002a30       0x74 MW_WiFiTCP.o
 .text._GLOBAL__sub_I_server
                0x00002aa4       0x18 MW_WiFiTCP.o
 *fill*         0x00002abc        0x4 
 .text.commtest_SystemCore_setup
                0x00002ac0       0x70 commtest.o
 .text.commtest_step
                0x00002b30      0x140 commtest.o
                0x00002b30                commtest_step
 .text.commtest_initialize
                0x00002c70       0xf0 commtest.o
                0x00002c70                commtest_initialize
 .text.commtest_terminate
                0x00002d60        0x8 commtest.o
                0x00002d60                commtest_terminate
 .text.SetParam
                0x00002d68      0x10c updown.o
                0x00002d68                SetParam
 .text.InitUploadSection
                0x00002e74       0xb4 updown.o
 .text.InitSysUploadTable
                0x00002f28      0x194 updown.o
 .text.UploadBufInit
                0x000030bc       0x80 updown.o
 *fill*         0x0000313c        0x4 
 .text.UploadDestroyTrigger
                0x00003140       0xd8 updown.o
 .text.UploadLogInfoReset
                0x00003218       0x70 updown.o
                0x00003218                UploadLogInfoReset
 .text.UploadLogInfoTerm
                0x00003288      0x10c updown.o
                0x00003288                UploadLogInfoTerm
 .text.UploadPrepareForFinalFlush
                0x00003394       0x48 updown.o
                0x00003394                UploadPrepareForFinalFlush
 .text.UploadLogInfoInit
                0x000033dc      0x1a8 updown.o
                0x000033dc                UploadLogInfoInit
 .text.UploadInitTrigger
                0x00003584      0x1f8 updown.o
                0x00003584                UploadInitTrigger
 .text.UploadArmTrigger
                0x0000377c       0x98 updown.o
                0x0000377c                UploadArmTrigger
 .text.UploadEndLoggingSession
                0x00003814       0x38 updown.o
                0x00003814                UploadEndLoggingSession
 .text.UploadCancelLogging
                0x0000384c       0x54 updown.o
                0x0000384c                UploadCancelLogging
 .text.UploadBufDataSent
                0x000038a0       0x60 updown.o
                0x000038a0                UploadBufDataSent
 .text.UploadBufAssignMem
                0x00003900      0x130 updown.o
 .text.UploadCheckTriggerSignals
                0x00003a30      0x1c0 updown.o
 .text.UploadBufAddTimePoint
                0x00003bf0      0x5c8 updown.o
                0x00003bf0                UploadBufAddTimePoint
 .text.UploadCheckTrigger
                0x000041b8       0x94 updown.o
                0x000041b8                UploadCheckTrigger
 .text.UploadCheckEndTrigger
                0x0000424c       0x58 updown.o
                0x0000424c                UploadCheckEndTrigger
 .text.SetExtBufListFields
                0x000042a4      0x104 updown.o
 .text.SetExtBufListFieldsForEmptyList
                0x000043a8       0x40 updown.o
 .text.UploadBufGetData
                0x000043e8       0xd0 updown.o
                0x000043e8                UploadBufGetData
 .text.rtExtModeWaitForStartPkt
                0x000044b8       0x6c ext_work.o
                0x000044b8                rtExtModeWaitForStartPkt
 .text.rtExtModeOneStep
                0x00004524       0x38 ext_work.o
                0x00004524                rtExtModeOneStep
 .text.rtExtModeUpload
                0x0000455c       0x24 ext_work.o
                0x0000455c                rtExtModeUpload
 .text.rtExtModeCheckEndTrigger
                0x00004580        0xc ext_work.o
                0x00004580                rtExtModeCheckEndTrigger
 .text.rtExtModeUploadCheckTrigger
                0x0000458c       0x18 ext_work.o
                0x0000458c                rtExtModeUploadCheckTrigger
 .text.rtExtModeCheckInit
                0x000045a4       0x14 ext_work.o
                0x000045a4                rtExtModeCheckInit
 .text.rtExtModeShutdown
                0x000045b8       0x18 ext_work.o
                0x000045b8                rtExtModeShutdown
 .text.rtERTExtModeSetTFinal
                0x000045d0       0x68 ext_work.o
                0x000045d0                rtERTExtModeSetTFinal
 .text.rtSetTFinalForExtMode
                0x00004638       0x18 ext_work.o
                0x00004638                rtSetTFinalForExtMode
 .text.rtParseArgsForExtMode
                0x00004650       0x18 ext_work.o
                0x00004650                rtParseArgsForExtMode
 .text.rtERTExtModeStartMsg
                0x00004668        0x8 ext_work.o
                0x00004668                rtERTExtModeStartMsg
 .text.rtIOStreamBlockingSend
                0x00004670       0x64 rtiostream_utils.o
                0x00004670                rtIOStreamBlockingSend
 .text._ZN9PrintableC2ERKS_
                0x000046d4       0x20 MW_ArduinoHWInit.o
                0x000046d4                Printable::Printable(Printable const&)
                0x000046d4                Printable::Printable(Printable const&)
 .text._ZN9IPAddressC2ERKS_
                0x000046f4       0x34 MW_ArduinoHWInit.o
                0x000046f4                IPAddress::IPAddress(IPAddress const&)
                0x000046f4                IPAddress::IPAddress(IPAddress const&)
 .text.MW_Arduino_Init
                0x00004728      0x138 MW_ArduinoHWInit.o
                0x00004728                MW_Arduino_Init
 .text.MW_Arduino_Terminate
                0x00004860        0xc MW_ArduinoHWInit.o
                0x00004860                MW_Arduino_Terminate
 .text._Z41__static_initialization_and_destruction_0ii
                0x0000486c       0x5c MW_ArduinoHWInit.o
 .text._GLOBAL__sub_I_wifiLocalIpAddress
                0x000048c8       0x18 MW_ArduinoHWInit.o
 .text.Serial_begin
                0x000048e0       0x40 io_wrappers.o
                0x000048e0                Serial_begin
 .text.MW_usbattach
                0x00004920       0x20 io_wrappers.o
                0x00004920                MW_usbattach
 .text.resetExternalChip
                0x00004940        0x8 arduinoARM_M0plusScheduler.o
                0x00004940                resetExternalChip
 .text.configureArduinoARM_M0plusTimer
                0x00004948        0x8 arduinoARM_M0plusScheduler.o
                0x00004948                configureArduinoARM_M0plusTimer
 .text.disable_rt_OneStep
                0x00004950       0x18 arduinoARM_M0plusScheduler.o
                0x00004950                disable_rt_OneStep
 .text.MW_Arduino_Loop
                0x00004968       0x50 arduinoARM_M0plusScheduler.o
                0x00004968                MW_Arduino_Loop
 .text.SVC_Handler
                0x000049b8       0x2c m0m1m0plus_multitasking.o
                0x000049b8                SVC_Handler
 .text.ExtProcessArgs
                0x000049e4      0x110 rtiostream_interface.o
                0x000049e4                ExtProcessArgs
 .text.ExtUserDataCreate
                0x00004af4       0x10 rtiostream_interface.o
                0x00004af4                ExtUserDataCreate
 .text.ExtInit  0x00004b04       0x20 rtiostream_interface.o
                0x00004b04                ExtInit
 .text.ExtSetHostPkt
                0x00004b24       0x58 rtiostream_interface.o
                0x00004b24                ExtSetHostPkt
 .text.ExtGetHostPkt
                0x00004b7c       0x50 rtiostream_interface.o
                0x00004b7c                ExtGetHostPkt
 .text.ExtWaitForStartPktFromHost
                0x00004bcc       0x14 rtiostream_interface.o
                0x00004bcc                ExtWaitForStartPktFromHost
 .text.ExtUserDataDestroy
                0x00004be0       0x10 rtiostream_interface.o
                0x00004be0                ExtUserDataDestroy
 .text.ExtModeSleep
                0x00004bf0       0x14 rtiostream_interface.o
                0x00004bf0                ExtModeSleep
 .text.ExtOpenConnection
                0x00004c04       0x28 rtiostream_interface.o
                0x00004c04                ExtOpenConnection
 .text.ExtForceDisconnect
                0x00004c2c       0x10 rtiostream_interface.o
                0x00004c2c                ExtForceDisconnect
 .text.ExtCloseConnection
                0x00004c3c       0x10 rtiostream_interface.o
                0x00004c3c                ExtCloseConnection
 .text.ExtShutDown
                0x00004c4c       0x18 rtiostream_interface.o
                0x00004c4c                ExtShutDown
 .text.GrowRecvBufIfNeeded
                0x00004c64       0x60 ext_svr_daemon.o
 .text.GetPktHdr
                0x00004cc4       0x88 ext_svr_daemon.o
 .text.GetPktHdrUsingChecksum
                0x00004d4c      0x130 ext_svr_daemon.o
 .text.DisconnectFromHost
                0x00004e7c       0x78 ext_svr_daemon.o
 .text.ForceDisconnectFromHost
                0x00004ef4       0x58 ext_svr_daemon.o
 .text.ProcessConnectPkt
                0x00004f4c      0x1d4 ext_svr_daemon.o
 .text.SendPktHdrToHost
                0x00005120       0x70 ext_svr_daemon.o
 .text.SendPktDataToHost
                0x00005190       0x58 ext_svr_daemon.o
 .text.SendPktToHost
                0x000051e8       0xb4 ext_svr_daemon.o
                0x000051e8                SendPktToHost
 .text.ClearPktUsingAck
                0x0000529c      0x1f4 ext_svr_daemon.o
 .text.GetPktUsingAck
                0x00005490      0x264 ext_svr_daemon.o
 .text.SendResponseStatus
                0x000056f4       0x58 ext_svr_daemon.o
 .text.ProcessSetParamPkt
                0x0000574c       0x80 ext_svr_daemon.o
 .text.ProcessGetParamsPkt
                0x000057cc      0x17c ext_svr_daemon.o
 .text.ProcessSelectTriggerSignalPkt
                0x00005948       0xe8 ext_svr_daemon.o
 .text.ProcessCancelLoggingArmTriggerPkt
                0x00005a30       0xa4 ext_svr_daemon.o
 .text.ExtParseArgsAndInitUD
                0x00005ad4       0x6c ext_svr_daemon.o
                0x00005ad4                ExtParseArgsAndInitUD
 .text.ExtWaitForStartPkt
                0x00005b40       0x1c ext_svr_daemon.o
                0x00005b40                ExtWaitForStartPkt
 .text.UploadServerWork
                0x00005b5c      0x570 ext_svr_daemon.o
                0x00005b5c                UploadServerWork
 .text.rt_UploadServerWork
                0x000060cc       0x2c ext_svr_daemon.o
                0x000060cc                rt_UploadServerWork
 .text.rt_ExtModeInit
                0x000060f8       0x5c ext_svr_daemon.o
                0x000060f8                rt_ExtModeInit
 .text.rt_ExtModeSleep
                0x00006154       0x28 ext_svr_daemon.o
                0x00006154                rt_ExtModeSleep
 .text.rt_PktServerWork
                0x0000617c      0x2c0 ext_svr_daemon.o
                0x0000617c                rt_PktServerWork
 .text.ExtModeShutdown
                0x0000643c       0x4c ext_svr_daemon.o
 .text.rt_ExtModeShutdown
                0x00006488       0x94 ext_svr_daemon.o
                0x00006488                rt_ExtModeShutdown
 .text.rt_UploadCheckTrigger
                0x0000651c       0x2c ext_svr_daemon.o
                0x0000651c                rt_UploadCheckTrigger
 .text.rt_UploadCheckEndTrigger
                0x00006548       0x28 ext_svr_daemon.o
                0x00006548                rt_UploadCheckEndTrigger
 .text.rt_UploadBufAddTimePoint
                0x00006570       0x38 ext_svr_daemon.o
                0x00006570                rt_UploadBufAddTimePoint
 .text.rtIOStreamOpen
                0x000065a8       0x4c rtiostream_serial_daemon.o
                0x000065a8                rtIOStreamOpen
 .text.rtIOStreamSend
                0x000065f4       0x38 rtiostream_serial_daemon.o
                0x000065f4                rtIOStreamSend
 .text.rtIOStreamRecv
                0x0000662c       0xb8 rtiostream_serial_daemon.o
                0x0000662c                rtIOStreamRecv
 .text.rtIOStreamClose
                0x000066e4       0x44 rtiostream_serial_daemon.o
                0x000066e4                rtIOStreamClose
 .text.verify_crc8_j1850
                0x00006728       0x48 daemon_checksum.o
                0x00006728                verify_crc8_j1850
 .text.calculate_crc8_j1850
                0x00006770       0x2c daemon_checksum.o
                0x00006770                calculate_crc8_j1850
 .text.calculate_crc8_j1850_withInit
                0x0000679c       0x80 daemon_checksum.o
                0x0000679c                calculate_crc8_j1850_withInit
 .text.rt_OneStep
                0x0000681c       0x48 ert_main.o
                0x0000681c                rt_OneStep
 .text.main     0x00006864      0x140 ert_main.o
                0x00006864                main
 .text._ZNK9IPAddresscvmEv
                0x000069a4       0x14 C:/Users/Ege/DOCUME~1/MATLAB/R2020b/ARDUIN~1/ARDUIN~1/FASTER~1\libipwifi.a(WiFi.o)
                0x000069a4                IPAddress::operator unsigned long() const
 .text._ZN9WiFiClassC2Ev
                0x000069b8       0x1c C:/Users/Ege/DOCUME~1/MATLAB/R2020b/ARDUIN~1/ARDUIN~1/FASTER~1\libipwifi.a(WiFi.o)
                0x000069b8                WiFiClass::WiFiClass()
                0x000069b8                WiFiClass::WiFiClass()
 .text._ZN9WiFiClass5beginEPKcS1_
                0x000069d4       0xb4 C:/Users/Ege/DOCUME~1/MATLAB/R2020b/ARDUIN~1/ARDUIN~1/FASTER~1\libipwifi.a(WiFi.o)
                0x000069d4                WiFiClass::begin(char const*, char const*)
 .text._ZN9WiFiClass6configE9IPAddress
                0x00006a88       0x28 C:/Users/Ege/DOCUME~1/MATLAB/R2020b/ARDUIN~1/ARDUIN~1/FASTER~1\libipwifi.a(WiFi.o)
                0x00006a88                WiFiClass::config(IPAddress)
 .text._ZN9WiFiClass7localIPEv
                0x00006ab0       0x24 C:/Users/Ege/DOCUME~1/MATLAB/R2020b/ARDUIN~1/ARDUIN~1/FASTER~1\libipwifi.a(WiFi.o)
                0x00006ab0                WiFiClass::localIP()
 .text._ZN9WiFiClass10hostByNameEPKcR9IPAddress
                0x00006ad4       0x24 C:/Users/Ege/DOCUME~1/MATLAB/R2020b/ARDUIN~1/ARDUIN~1/FASTER~1\libipwifi.a(WiFi.o)
                0x00006ad4                WiFiClass::hostByName(char const*, IPAddress&)
 .text._Z41__static_initialization_and_destruction_0ii
                0x00006af8       0x44 C:/Users/Ege/DOCUME~1/MATLAB/R2020b/ARDUIN~1/ARDUIN~1/FASTER~1\libipwifi.a(WiFi.o)
 .text._GLOBAL__sub_I__ZN9WiFiClassC2Ev
                0x00006b3c       0x18 C:/Users/Ege/DOCUME~1/MATLAB/R2020b/ARDUIN~1/ARDUIN~1/FASTER~1\libipwifi.a(WiFi.o)
 .text._ZN5Print13setWriteErrorEi
                0x00006b54       0x18 C:/Users/Ege/DOCUME~1/MATLAB/R2020b/ARDUIN~1/ARDUIN~1/FASTER~1\libipwifi.a(WiFiClient.o)
                0x00006b54                Print::setWriteError(int)
 .text._ZN5PrintC2Ev
                0x00006b6c       0x24 C:/Users/Ege/DOCUME~1/MATLAB/R2020b/ARDUIN~1/ARDUIN~1/FASTER~1\libipwifi.a(WiFiClient.o)
                0x00006b6c                Print::Print()
                0x00006b6c                Print::Print()
 .text._ZN5Print17availableForWriteEv
                0x00006b90       0x14 C:/Users/Ege/DOCUME~1/MATLAB/R2020b/ARDUIN~1/ARDUIN~1/FASTER~1\libipwifi.a(WiFiClient.o)
                0x00006b90                Print::availableForWrite()
 .text._ZN5Print5flushEv
                0x00006ba4       0x10 C:/Users/Ege/DOCUME~1/MATLAB/R2020b/ARDUIN~1/ARDUIN~1/FASTER~1\libipwifi.a(WiFiClient.o)
                0x00006ba4                Print::flush()
 .text._ZN6StreamC2Ev
                0x00006bb4       0x2c C:/Users/Ege/DOCUME~1/MATLAB/R2020b/ARDUIN~1/ARDUIN~1/FASTER~1\libipwifi.a(WiFiClient.o)
                0x00006bb4                Stream::Stream()
                0x00006bb4                Stream::Stream()
 .text._ZN6ClientC2Ev
                0x00006be0       0x24 C:/Users/Ege/DOCUME~1/MATLAB/R2020b/ARDUIN~1/ARDUIN~1/FASTER~1\libipwifi.a(WiFiClient.o)
                0x00006be0                Client::Client()
                0x00006be0                Client::Client()
 .text._ZN10WiFiClientC2Ev
                0x00006c04       0x2c C:/Users/Ege/DOCUME~1/MATLAB/R2020b/ARDUIN~1/ARDUIN~1/FASTER~1\libipwifi.a(WiFiClient.o)
                0x00006c04                WiFiClient::WiFiClient()
                0x00006c04                WiFiClient::WiFiClient()
 .text._ZN10WiFiClientC2Eh
                0x00006c30       0x34 C:/Users/Ege/DOCUME~1/MATLAB/R2020b/ARDUIN~1/ARDUIN~1/FASTER~1\libipwifi.a(WiFiClient.o)
                0x00006c30                WiFiClient::WiFiClient(unsigned char)
                0x00006c30                WiFiClient::WiFiClient(unsigned char)
 .text._ZN10WiFiClient7connectEPKct
                0x00006c64       0x74 C:/Users/Ege/DOCUME~1/MATLAB/R2020b/ARDUIN~1/ARDUIN~1/FASTER~1\libipwifi.a(WiFiClient.o)
                0x00006c64                WiFiClient::connect(char const*, unsigned short)
 .text._ZN10WiFiClient7connectE9IPAddresst
                0x00006cd8       0xd8 C:/Users/Ege/DOCUME~1/MATLAB/R2020b/ARDUIN~1/ARDUIN~1/FASTER~1\libipwifi.a(WiFiClient.o)
                0x00006cd8                WiFiClient::connect(IPAddress, unsigned short)
 .text._ZN10WiFiClient10connectSSLE9IPAddresst
                0x00006db0       0xd8 C:/Users/Ege/DOCUME~1/MATLAB/R2020b/ARDUIN~1/ARDUIN~1/FASTER~1\libipwifi.a(WiFiClient.o)
                0x00006db0                WiFiClient::connectSSL(IPAddress, unsigned short)
 .text._ZN10WiFiClient10connectSSLEPKct
                0x00006e88       0xe0 C:/Users/Ege/DOCUME~1/MATLAB/R2020b/ARDUIN~1/ARDUIN~1/FASTER~1\libipwifi.a(WiFiClient.o)
                0x00006e88                WiFiClient::connectSSL(char const*, unsigned short)
 .text._ZN10WiFiClient5writeEh
                0x00006f68       0x2c C:/Users/Ege/DOCUME~1/MATLAB/R2020b/ARDUIN~1/ARDUIN~1/FASTER~1\libipwifi.a(WiFiClient.o)
                0x00006f68                WiFiClient::write(unsigned char)
 .text._ZN10WiFiClient5writeEPKhj
                0x00006f94       0x90 C:/Users/Ege/DOCUME~1/MATLAB/R2020b/ARDUIN~1/ARDUIN~1/FASTER~1\libipwifi.a(WiFiClient.o)
                0x00006f94                WiFiClient::write(unsigned char const*, unsigned int)
 .text._ZN10WiFiClient9availableEv
                0x00007024       0x30 C:/Users/Ege/DOCUME~1/MATLAB/R2020b/ARDUIN~1/ARDUIN~1/FASTER~1\libipwifi.a(WiFiClient.o)
                0x00007024                WiFiClient::available()
 .text._ZN10WiFiClient4readEv
                0x00007054       0x54 C:/Users/Ege/DOCUME~1/MATLAB/R2020b/ARDUIN~1/ARDUIN~1/FASTER~1\libipwifi.a(WiFiClient.o)
                0x00007054                WiFiClient::read()
 .text._ZN10WiFiClient4readEPhj
                0x000070a8       0x2c C:/Users/Ege/DOCUME~1/MATLAB/R2020b/ARDUIN~1/ARDUIN~1/FASTER~1\libipwifi.a(WiFiClient.o)
                0x000070a8                WiFiClient::read(unsigned char*, unsigned int)
 .text._ZN10WiFiClient4peekEv
                0x000070d4       0x24 C:/Users/Ege/DOCUME~1/MATLAB/R2020b/ARDUIN~1/ARDUIN~1/FASTER~1\libipwifi.a(WiFiClient.o)
                0x000070d4                WiFiClient::peek()
 .text._ZN10WiFiClient5flushEv
                0x000070f8       0x10 C:/Users/Ege/DOCUME~1/MATLAB/R2020b/ARDUIN~1/ARDUIN~1/FASTER~1\libipwifi.a(WiFiClient.o)
                0x000070f8                WiFiClient::flush()
 .text._ZN10WiFiClient4stopEv
                0x00007108       0x6c C:/Users/Ege/DOCUME~1/MATLAB/R2020b/ARDUIN~1/ARDUIN~1/FASTER~1\libipwifi.a(WiFiClient.o)
                0x00007108                WiFiClient::stop()
 .text._ZN10WiFiClient9connectedEv
                0x00007174       0xd0 C:/Users/Ege/DOCUME~1/MATLAB/R2020b/ARDUIN~1/ARDUIN~1/FASTER~1\libipwifi.a(WiFiClient.o)
                0x00007174                WiFiClient::connected()
 .text._ZN10WiFiClient6statusEv
                0x00007244       0x28 C:/Users/Ege/DOCUME~1/MATLAB/R2020b/ARDUIN~1/ARDUIN~1/FASTER~1\libipwifi.a(WiFiClient.o)
                0x00007244                WiFiClient::status()
 .text._ZN10WiFiClientcvbEv
                0x0000726c       0x1c C:/Users/Ege/DOCUME~1/MATLAB/R2020b/ARDUIN~1/ARDUIN~1/FASTER~1\libipwifi.a(WiFiClient.o)
                0x0000726c                WiFiClient::operator bool()
 .text._ZN10WiFiClient8remoteIPEv
                0x00007288       0x48 C:/Users/Ege/DOCUME~1/MATLAB/R2020b/ARDUIN~1/ARDUIN~1/FASTER~1\libipwifi.a(WiFiClient.o)
                0x00007288                WiFiClient::remoteIP()
 .text._ZN10WiFiClient10remotePortEv
                0x000072d0       0x58 C:/Users/Ege/DOCUME~1/MATLAB/R2020b/ARDUIN~1/ARDUIN~1/FASTER~1\libipwifi.a(WiFiClient.o)
                0x000072d0                WiFiClient::remotePort()
 .text._Z41__static_initialization_and_destruction_0ii
                0x00007328       0x38 C:/Users/Ege/DOCUME~1/MATLAB/R2020b/ARDUIN~1/ARDUIN~1/FASTER~1\libipwifi.a(WiFiClient.o)
 .text._GLOBAL__sub_I__ZN10WiFiClient8_srcportE
                0x00007360       0x18 C:/Users/Ege/DOCUME~1/MATLAB/R2020b/ARDUIN~1/ARDUIN~1/FASTER~1\libipwifi.a(WiFiClient.o)
 .text._ZN6ServerC2Ev
                0x00007378       0x24 C:/Users/Ege/DOCUME~1/MATLAB/R2020b/ARDUIN~1/ARDUIN~1/FASTER~1\libipwifi.a(WiFiServer.o)
                0x00007378                Server::Server()
                0x00007378                Server::Server()
 .text._ZN10WiFiServerC2Et
                0x0000739c       0x40 C:/Users/Ege/DOCUME~1/MATLAB/R2020b/ARDUIN~1/ARDUIN~1/FASTER~1\libipwifi.a(WiFiServer.o)
                0x0000739c                WiFiServer::WiFiServer(unsigned short)
                0x0000739c                WiFiServer::WiFiServer(unsigned short)
 .text._ZN10WiFiServer5beginEv
                0x000073dc       0x34 C:/Users/Ege/DOCUME~1/MATLAB/R2020b/ARDUIN~1/ARDUIN~1/FASTER~1\libipwifi.a(WiFiServer.o)
                0x000073dc                WiFiServer::begin()
 .text._ZN5PrintC2EOS_
                0x00007410       0x28 C:/Users/Ege/DOCUME~1/MATLAB/R2020b/ARDUIN~1/ARDUIN~1/FASTER~1\libipwifi.a(WiFiServer.o)
                0x00007410                Print::Print(Print&&)
                0x00007410                Print::Print(Print&&)
 .text._ZN6StreamC2EOS_
                0x00007438       0x3c C:/Users/Ege/DOCUME~1/MATLAB/R2020b/ARDUIN~1/ARDUIN~1/FASTER~1\libipwifi.a(WiFiServer.o)
                0x00007438                Stream::Stream(Stream&&)
                0x00007438                Stream::Stream(Stream&&)
 .text._ZN6ClientC2EOS_
                0x00007474       0x2c C:/Users/Ege/DOCUME~1/MATLAB/R2020b/ARDUIN~1/ARDUIN~1/FASTER~1\libipwifi.a(WiFiServer.o)
                0x00007474                Client::Client(Client&&)
                0x00007474                Client::Client(Client&&)
 .text._ZN10WiFiClientC2EOS_
                0x000074a0       0x3c C:/Users/Ege/DOCUME~1/MATLAB/R2020b/ARDUIN~1/ARDUIN~1/FASTER~1\libipwifi.a(WiFiServer.o)
                0x000074a0                WiFiClient::WiFiClient(WiFiClient&&)
                0x000074a0                WiFiClient::WiFiClient(WiFiClient&&)
 .text._ZN10WiFiServer9availableEPh
                0x000074dc       0xcc C:/Users/Ege/DOCUME~1/MATLAB/R2020b/ARDUIN~1/ARDUIN~1/FASTER~1\libipwifi.a(WiFiServer.o)
                0x000074dc                WiFiServer::available(unsigned char*)
 .text._ZN10WiFiServer5writeEh
                0x000075a8       0x2c C:/Users/Ege/DOCUME~1/MATLAB/R2020b/ARDUIN~1/ARDUIN~1/FASTER~1\libipwifi.a(WiFiServer.o)
                0x000075a8                WiFiServer::write(unsigned char)
 .text._ZN10WiFiServer5writeEPKhj
                0x000075d4       0x7c C:/Users/Ege/DOCUME~1/MATLAB/R2020b/ARDUIN~1/ARDUIN~1/FASTER~1\libipwifi.a(WiFiServer.o)
                0x000075d4                WiFiServer::write(unsigned char const*, unsigned int)
 .text._Z41__static_initialization_and_destruction_0ii
                0x00007650       0x38 C:/Users/Ege/DOCUME~1/MATLAB/R2020b/ARDUIN~1/ARDUIN~1/FASTER~1\libipwifi.a(WiFiServer.o)
 .text._GLOBAL__sub_I__ZN10WiFiServerC2Et
                0x00007688       0x18 C:/Users/Ege/DOCUME~1/MATLAB/R2020b/ARDUIN~1/ARDUIN~1/FASTER~1\libipwifi.a(WiFiServer.o)
 .text._ZN9ServerDrv11startServerEthh
                0x000076a0       0x98 C:/Users/Ege/DOCUME~1/MATLAB/R2020b/ARDUIN~1/ARDUIN~1/FASTER~1\libipwifi.a(server_drv.o)
                0x000076a0                ServerDrv::startServer(unsigned short, unsigned char, unsigned char)
 .text._ZN9ServerDrv11startClientEmthh
                0x00007738       0xa8 C:/Users/Ege/DOCUME~1/MATLAB/R2020b/ARDUIN~1/ARDUIN~1/FASTER~1\libipwifi.a(server_drv.o)
                0x00007738                ServerDrv::startClient(unsigned long, unsigned short, unsigned char, unsigned char)
 .text._ZN9ServerDrv11startClientEPKchmthh
                0x000077e0       0xdc C:/Users/Ege/DOCUME~1/MATLAB/R2020b/ARDUIN~1/ARDUIN~1/FASTER~1\libipwifi.a(server_drv.o)
                0x000077e0                ServerDrv::startClient(char const*, unsigned char, unsigned long, unsigned short, unsigned char, unsigned char)
 .text._ZN9ServerDrv10stopClientEh
                0x000078bc       0x7c C:/Users/Ege/DOCUME~1/MATLAB/R2020b/ARDUIN~1/ARDUIN~1/FASTER~1\libipwifi.a(server_drv.o)
                0x000078bc                ServerDrv::stopClient(unsigned char)
 .text._ZN9ServerDrv14getClientStateEh
                0x00007938       0x84 C:/Users/Ege/DOCUME~1/MATLAB/R2020b/ARDUIN~1/ARDUIN~1/FASTER~1\libipwifi.a(server_drv.o)
                0x00007938                ServerDrv::getClientState(unsigned char)
 .text._ZN9ServerDrv11availServerEh
                0x000079bc       0x9c C:/Users/Ege/DOCUME~1/MATLAB/R2020b/ARDUIN~1/ARDUIN~1/FASTER~1\libipwifi.a(server_drv.o)
                0x000079bc                ServerDrv::availServer(unsigned char)
 .text._ZN9ServerDrv10getDataBufEhPhPt
                0x00007a58       0x8c C:/Users/Ege/DOCUME~1/MATLAB/R2020b/ARDUIN~1/ARDUIN~1/FASTER~1\libipwifi.a(server_drv.o)
                0x00007a58                ServerDrv::getDataBuf(unsigned char, unsigned char*, unsigned short*)
 .text._ZN9ServerDrv8sendDataEhPKht
                0x00007ae4       0xb0 C:/Users/Ege/DOCUME~1/MATLAB/R2020b/ARDUIN~1/ARDUIN~1/FASTER~1\libipwifi.a(server_drv.o)
                0x00007ae4                ServerDrv::sendData(unsigned char, unsigned char const*, unsigned short)
 .text._ZN9ServerDrv13checkDataSentEh
                0x00007b94       0xd8 C:/Users/Ege/DOCUME~1/MATLAB/R2020b/ARDUIN~1/ARDUIN~1/FASTER~1\libipwifi.a(server_drv.o)
                0x00007b94                ServerDrv::checkDataSent(unsigned char)
 .text._ZN9ServerDrv9getSocketEv
                0x00007c6c       0x60 C:/Users/Ege/DOCUME~1/MATLAB/R2020b/ARDUIN~1/ARDUIN~1/FASTER~1\libipwifi.a(server_drv.o)
                0x00007c6c                ServerDrv::getSocket()
 .text._ZN11SPISettingsC2Em8BitOrderh
                0x00007ccc       0x30 C:/Users/Ege/DOCUME~1/MATLAB/R2020b/ARDUIN~1/ARDUIN~1/FASTER~1\libipwifi.a(spi_drv.o)
                0x00007ccc                SPISettings::SPISettings(unsigned long, BitOrder, unsigned char)
                0x00007ccc                SPISettings::SPISettings(unsigned long, BitOrder, unsigned char)
 .text._ZN11SPISettings16init_MightInlineEm8BitOrderh
                0x00007cfc       0xa0 C:/Users/Ege/DOCUME~1/MATLAB/R2020b/ARDUIN~1/ARDUIN~1/FASTER~1\libipwifi.a(spi_drv.o)
                0x00007cfc                SPISettings::init_MightInline(unsigned long, BitOrder, unsigned char)
 .text._ZN6SpiDrv5beginEv
                0x00007d9c      0x104 C:/Users/Ege/DOCUME~1/MATLAB/R2020b/ARDUIN~1/ARDUIN~1/FASTER~1\libipwifi.a(spi_drv.o)
                0x00007d9c                SpiDrv::begin()
 .text._ZN6SpiDrv14spiSlaveSelectEv
                0x00007ea0       0x78 C:/Users/Ege/DOCUME~1/MATLAB/R2020b/ARDUIN~1/ARDUIN~1/FASTER~1\libipwifi.a(spi_drv.o)
                0x00007ea0                SpiDrv::spiSlaveSelect()
 .text._ZN6SpiDrv16spiSlaveDeselectEv
                0x00007f18       0x24 C:/Users/Ege/DOCUME~1/MATLAB/R2020b/ARDUIN~1/ARDUIN~1/FASTER~1\libipwifi.a(spi_drv.o)
                0x00007f18                SpiDrv::spiSlaveDeselect()
 .text._ZN6SpiDrv11spiTransferEc
                0x00007f3c       0x38 C:/Users/Ege/DOCUME~1/MATLAB/R2020b/ARDUIN~1/ARDUIN~1/FASTER~1\libipwifi.a(spi_drv.o)
                0x00007f3c                SpiDrv::spiTransfer(char)
 .text._ZN6SpiDrv11waitSpiCharEh
                0x00007f74       0x74 C:/Users/Ege/DOCUME~1/MATLAB/R2020b/ARDUIN~1/ARDUIN~1/FASTER~1\libipwifi.a(spi_drv.o)
                0x00007f74                SpiDrv::waitSpiChar(unsigned char)
 .text._ZN6SpiDrv16readAndCheckCharEcPc
                0x00007fe8       0x30 C:/Users/Ege/DOCUME~1/MATLAB/R2020b/ARDUIN~1/ARDUIN~1/FASTER~1\libipwifi.a(spi_drv.o)
                0x00007fe8                SpiDrv::readAndCheckChar(char, char*)
 .text._ZN6SpiDrv8readCharEv
                0x00008018       0x20 C:/Users/Ege/DOCUME~1/MATLAB/R2020b/ARDUIN~1/ARDUIN~1/FASTER~1\libipwifi.a(spi_drv.o)
                0x00008018                SpiDrv::readChar()
 .text._ZN6SpiDrv17waitForSlaveReadyEv
                0x00008038       0x24 C:/Users/Ege/DOCUME~1/MATLAB/R2020b/ARDUIN~1/ARDUIN~1/FASTER~1\libipwifi.a(spi_drv.o)
                0x00008038                SpiDrv::waitForSlaveReady()
 .text._ZN6SpiDrv8getParamEPh
                0x0000805c       0x1c C:/Users/Ege/DOCUME~1/MATLAB/R2020b/ARDUIN~1/ARDUIN~1/FASTER~1\libipwifi.a(spi_drv.o)
                0x0000805c                SpiDrv::getParam(unsigned char*)
 .text._ZN6SpiDrv15waitResponseCmdEhhPhS0_
                0x00008078       0xcc C:/Users/Ege/DOCUME~1/MATLAB/R2020b/ARDUIN~1/ARDUIN~1/FASTER~1\libipwifi.a(spi_drv.o)
                0x00008078                SpiDrv::waitResponseCmd(unsigned char, unsigned char, unsigned char*, unsigned char*)
 .text._ZN6SpiDrv18waitResponseData16EhPhPt
                0x00008144       0xd0 C:/Users/Ege/DOCUME~1/MATLAB/R2020b/ARDUIN~1/ARDUIN~1/FASTER~1\libipwifi.a(spi_drv.o)
                0x00008144                SpiDrv::waitResponseData16(unsigned char, unsigned char*, unsigned short*)
 .text._ZN6SpiDrv17waitResponseData8EhPhS0_
                0x00008214       0xbc C:/Users/Ege/DOCUME~1/MATLAB/R2020b/ARDUIN~1/ARDUIN~1/FASTER~1\libipwifi.a(spi_drv.o)
                0x00008214                SpiDrv::waitResponseData8(unsigned char, unsigned char*, unsigned char*)
 .text._ZN6SpiDrv18waitResponseParamsEhhP6tParam
                0x000082d0      0x128 C:/Users/Ege/DOCUME~1/MATLAB/R2020b/ARDUIN~1/ARDUIN~1/FASTER~1\libipwifi.a(spi_drv.o)
                0x000082d0                SpiDrv::waitResponseParams(unsigned char, unsigned char, tParam*)
 .text._ZN6SpiDrv9sendParamEPhhh
                0x000083f8       0x58 C:/Users/Ege/DOCUME~1/MATLAB/R2020b/ARDUIN~1/ARDUIN~1/FASTER~1\libipwifi.a(spi_drv.o)
                0x000083f8                SpiDrv::sendParam(unsigned char*, unsigned char, unsigned char)
 .text._ZN6SpiDrv13sendParamLen8Eh
                0x00008450       0x1c C:/Users/Ege/DOCUME~1/MATLAB/R2020b/ARDUIN~1/ARDUIN~1/FASTER~1\libipwifi.a(spi_drv.o)
                0x00008450                SpiDrv::sendParamLen8(unsigned char)
 .text._ZN6SpiDrv14sendParamLen16Et
                0x0000846c       0x30 C:/Users/Ege/DOCUME~1/MATLAB/R2020b/ARDUIN~1/ARDUIN~1/FASTER~1\libipwifi.a(spi_drv.o)
                0x0000846c                SpiDrv::sendParamLen16(unsigned short)
 .text._ZN6SpiDrv13readParamLen8EPh
                0x0000849c       0x34 C:/Users/Ege/DOCUME~1/MATLAB/R2020b/ARDUIN~1/ARDUIN~1/FASTER~1\libipwifi.a(spi_drv.o)
                0x0000849c                SpiDrv::readParamLen8(unsigned char*)
 .text._ZN6SpiDrv14readParamLen16EPt
                0x000084d0       0x48 C:/Users/Ege/DOCUME~1/MATLAB/R2020b/ARDUIN~1/ARDUIN~1/FASTER~1\libipwifi.a(spi_drv.o)
                0x000084d0                SpiDrv::readParamLen16(unsigned short*)
 .text._ZN6SpiDrv10sendBufferEPhth
                0x00008518       0x70 C:/Users/Ege/DOCUME~1/MATLAB/R2020b/ARDUIN~1/ARDUIN~1/FASTER~1\libipwifi.a(spi_drv.o)
                0x00008518                SpiDrv::sendBuffer(unsigned char*, unsigned short, unsigned char)
 .text._ZN6SpiDrv9sendParamEth
                0x00008588       0x48 C:/Users/Ege/DOCUME~1/MATLAB/R2020b/ARDUIN~1/ARDUIN~1/FASTER~1\libipwifi.a(spi_drv.o)
                0x00008588                SpiDrv::sendParam(unsigned short, unsigned char)
 .text._ZN6SpiDrv7sendCmdEhh
                0x000085d0       0x48 C:/Users/Ege/DOCUME~1/MATLAB/R2020b/ARDUIN~1/ARDUIN~1/FASTER~1\libipwifi.a(spi_drv.o)
                0x000085d0                SpiDrv::sendCmd(unsigned char, unsigned char)
 .text._ZN6SpiDrv9availableEv
                0x00008618       0x18 C:/Users/Ege/DOCUME~1/MATLAB/R2020b/ARDUIN~1/ARDUIN~1/FASTER~1\libipwifi.a(spi_drv.o)
                0x00008618                SpiDrv::available()
 .text._Z41__static_initialization_and_destruction_0ii
                0x00008630       0x30 C:/Users/Ege/DOCUME~1/MATLAB/R2020b/ARDUIN~1/ARDUIN~1/FASTER~1\libipwifi.a(spi_drv.o)
 .text._GLOBAL__sub_I__ZN6SpiDrv11initializedE
                0x00008660       0x18 C:/Users/Ege/DOCUME~1/MATLAB/R2020b/ARDUIN~1/ARDUIN~1/FASTER~1\libipwifi.a(spi_drv.o)
 .text._ZN7WiFiDrv14getNetworkDataEPhS0_S0_
                0x00008678       0xfc C:/Users/Ege/DOCUME~1/MATLAB/R2020b/ARDUIN~1/ARDUIN~1/FASTER~1\libipwifi.a(wifi_drv.o)
                0x00008678                WiFiDrv::getNetworkData(unsigned char*, unsigned char*, unsigned char*)
 .text._ZN7WiFiDrv13getRemoteDataEhPhS0_
                0x00008774       0xc8 C:/Users/Ege/DOCUME~1/MATLAB/R2020b/ARDUIN~1/ARDUIN~1/FASTER~1\libipwifi.a(wifi_drv.o)
                0x00008774                WiFiDrv::getRemoteData(unsigned char, unsigned char*, unsigned char*)
 .text._ZN7WiFiDrv17wifiSetPassphraseEPKchS1_h
                0x0000883c       0xe0 C:/Users/Ege/DOCUME~1/MATLAB/R2020b/ARDUIN~1/ARDUIN~1/FASTER~1\libipwifi.a(wifi_drv.o)
                0x0000883c                WiFiDrv::wifiSetPassphrase(char const*, unsigned char, char const*, unsigned char)
 .text._ZN7WiFiDrv6configEhmmm
                0x0000891c       0xc4 C:/Users/Ege/DOCUME~1/MATLAB/R2020b/ARDUIN~1/ARDUIN~1/FASTER~1\libipwifi.a(wifi_drv.o)
                0x0000891c                WiFiDrv::config(unsigned char, unsigned long, unsigned long, unsigned long)
 .text._ZN7WiFiDrv19getConnectionStatusEv
                0x000089e0       0x60 C:/Users/Ege/DOCUME~1/MATLAB/R2020b/ARDUIN~1/ARDUIN~1/FASTER~1\libipwifi.a(wifi_drv.o)
                0x000089e0                WiFiDrv::getConnectionStatus()
 .text._ZN7WiFiDrv12getIpAddressER9IPAddress
                0x00008a40       0x38 C:/Users/Ege/DOCUME~1/MATLAB/R2020b/ARDUIN~1/ARDUIN~1/FASTER~1\libipwifi.a(wifi_drv.o)
                0x00008a40                WiFiDrv::getIpAddress(IPAddress&)
 .text._ZN7WiFiDrv13reqHostByNameEPKc
                0x00008a78       0xcc C:/Users/Ege/DOCUME~1/MATLAB/R2020b/ARDUIN~1/ARDUIN~1/FASTER~1\libipwifi.a(wifi_drv.o)
                0x00008a78                WiFiDrv::reqHostByName(char const*)
 .text._ZN7WiFiDrv13getHostByNameER9IPAddress
                0x00008b44       0xb4 C:/Users/Ege/DOCUME~1/MATLAB/R2020b/ARDUIN~1/ARDUIN~1/FASTER~1\libipwifi.a(wifi_drv.o)
                0x00008b44                WiFiDrv::getHostByName(IPAddress&)
 .text._ZN7WiFiDrv13getHostByNameEPKcR9IPAddress
                0x00008bf8       0x34 C:/Users/Ege/DOCUME~1/MATLAB/R2020b/ARDUIN~1/ARDUIN~1/FASTER~1\libipwifi.a(wifi_drv.o)
                0x00008bf8                WiFiDrv::getHostByName(char const*, IPAddress&)
 .text._Z41__static_initialization_and_destruction_0ii
                0x00008c2c       0x38 C:/Users/Ege/DOCUME~1/MATLAB/R2020b/ARDUIN~1/ARDUIN~1/FASTER~1\libipwifi.a(wifi_drv.o)
 .text._GLOBAL__sub_I__ZN7WiFiDrv12_networkSsidE
                0x00008c64       0x18 C:/Users/Ege/DOCUME~1/MATLAB/R2020b/ARDUIN~1/ARDUIN~1/FASTER~1\libipwifi.a(wifi_drv.o)
 .text._ZN21WiFiSocketBufferClassC2Ev
                0x00008c7c       0x20 C:/Users/Ege/DOCUME~1/MATLAB/R2020b/ARDUIN~1/ARDUIN~1/FASTER~1\libipwifi.a(WiFiSocketBuffer.o)
                0x00008c7c                WiFiSocketBufferClass::WiFiSocketBufferClass()
                0x00008c7c                WiFiSocketBufferClass::WiFiSocketBufferClass()
 .text._ZN21WiFiSocketBufferClassD2Ev
                0x00008c9c       0x34 C:/Users/Ege/DOCUME~1/MATLAB/R2020b/ARDUIN~1/ARDUIN~1/FASTER~1\libipwifi.a(WiFiSocketBuffer.o)
                0x00008c9c                WiFiSocketBufferClass::~WiFiSocketBufferClass()
                0x00008c9c                WiFiSocketBufferClass::~WiFiSocketBufferClass()
 .text._ZN21WiFiSocketBufferClass5closeEi
                0x00008cd0       0x7c C:/Users/Ege/DOCUME~1/MATLAB/R2020b/ARDUIN~1/ARDUIN~1/FASTER~1\libipwifi.a(WiFiSocketBuffer.o)
                0x00008cd0                WiFiSocketBufferClass::close(int)
 .text._ZN21WiFiSocketBufferClass9availableEi
                0x00008d4c      0x104 C:/Users/Ege/DOCUME~1/MATLAB/R2020b/ARDUIN~1/ARDUIN~1/FASTER~1\libipwifi.a(WiFiSocketBuffer.o)
                0x00008d4c                WiFiSocketBufferClass::available(int)
 .text._ZN21WiFiSocketBufferClass4peekEi
                0x00008e50       0x44 C:/Users/Ege/DOCUME~1/MATLAB/R2020b/ARDUIN~1/ARDUIN~1/FASTER~1\libipwifi.a(WiFiSocketBuffer.o)
                0x00008e50                WiFiSocketBufferClass::peek(int)
 .text._ZN21WiFiSocketBufferClass4readEiPhj
                0x00008e94       0xac C:/Users/Ege/DOCUME~1/MATLAB/R2020b/ARDUIN~1/ARDUIN~1/FASTER~1\libipwifi.a(WiFiSocketBuffer.o)
                0x00008e94                WiFiSocketBufferClass::read(int, unsigned char*, unsigned int)
 .text._Z41__static_initialization_and_destruction_0ii
                0x00008f40       0x48 C:/Users/Ege/DOCUME~1/MATLAB/R2020b/ARDUIN~1/ARDUIN~1/FASTER~1\libipwifi.a(WiFiSocketBuffer.o)
 .text._GLOBAL__sub_I__ZN21WiFiSocketBufferClassC2Ev
                0x00008f88       0x18 C:/Users/Ege/DOCUME~1/MATLAB/R2020b/ARDUIN~1/ARDUIN~1/FASTER~1\libipwifi.a(WiFiSocketBuffer.o)
 .text.PINCOUNT_fn
                0x00008fa0        0xc C:/Users/Ege/DOCUME~1/MATLAB/R2020b/ARDUIN~1/ARDUIN~1/FASTER~1\libipwifi.a(variant.o)
                0x00008fa0                PINCOUNT_fn
 .text.SERCOM5_Handler
                0x00008fac       0x14 C:/Users/Ege/DOCUME~1/MATLAB/R2020b/ARDUIN~1/ARDUIN~1/FASTER~1\libipwifi.a(variant.o)
                0x00008fac                SERCOM5_Handler
 .text.SERCOM3_Handler
                0x00008fc0       0x14 C:/Users/Ege/DOCUME~1/MATLAB/R2020b/ARDUIN~1/ARDUIN~1/FASTER~1\libipwifi.a(variant.o)
                0x00008fc0                SERCOM3_Handler
 .text.SERCOM2_Handler
                0x00008fd4       0x14 C:/Users/Ege/DOCUME~1/MATLAB/R2020b/ARDUIN~1/ARDUIN~1/FASTER~1\libipwifi.a(variant.o)
                0x00008fd4                SERCOM2_Handler
 .text._Z41__static_initialization_and_destruction_0ii
                0x00008fe8       0xf8 C:/Users/Ege/DOCUME~1/MATLAB/R2020b/ARDUIN~1/ARDUIN~1/FASTER~1\libipwifi.a(variant.o)
 .text._GLOBAL__sub_I_g_APinDescription
                0x000090e0       0x18 C:/Users/Ege/DOCUME~1/MATLAB/R2020b/ARDUIN~1/ARDUIN~1/FASTER~1\libipwifi.a(variant.o)
 .text._ZNK11SPISettingseqERKS_
                0x000090f8       0x3c C:/Users/Ege/DOCUME~1/MATLAB/R2020b/ARDUIN~1/ARDUIN~1/FASTER~1\libcomm.a(SPI.o)
                0x000090f8                SPISettings::operator==(SPISettings const&) const
 .text._ZNK11SPISettingsneERKS_
                0x00009134       0x28 C:/Users/Ege/DOCUME~1/MATLAB/R2020b/ARDUIN~1/ARDUIN~1/FASTER~1\libcomm.a(SPI.o)
                0x00009134                SPISettings::operator!=(SPISettings const&) const
 .text._ZN8SPIClassC2EP6SERCOMhhh14SercomSpiTXPad11SercomRXPad
                0x0000915c       0x8c C:/Users/Ege/DOCUME~1/MATLAB/R2020b/ARDUIN~1/ARDUIN~1/FASTER~1\libcomm.a(SPI.o)
                0x0000915c                SPIClass::SPIClass(SERCOM*, unsigned char, unsigned char, unsigned char, SercomSpiTXPad, SercomRXPad)
                0x0000915c                SPIClass::SPIClass(SERCOM*, unsigned char, unsigned char, unsigned char, SercomSpiTXPad, SercomRXPad)
 .text._ZN8SPIClass5beginEv
                0x000091e8       0xa0 C:/Users/Ege/DOCUME~1/MATLAB/R2020b/ARDUIN~1/ARDUIN~1/FASTER~1\libcomm.a(SPI.o)
                0x000091e8                SPIClass::begin()
 .text._ZN8SPIClass4initEv
                0x00009288       0x30 C:/Users/Ege/DOCUME~1/MATLAB/R2020b/ARDUIN~1/ARDUIN~1/FASTER~1\libcomm.a(SPI.o)
                0x00009288                SPIClass::init()
 .text._ZN8SPIClass6configE11SPISettings
                0x000092b8       0x88 C:/Users/Ege/DOCUME~1/MATLAB/R2020b/ARDUIN~1/ARDUIN~1/FASTER~1\libcomm.a(SPI.o)
                0x000092b8                SPIClass::config(SPISettings)
 .text._ZN8SPIClass16beginTransactionE11SPISettings
                0x00009340       0x6c C:/Users/Ege/DOCUME~1/MATLAB/R2020b/ARDUIN~1/ARDUIN~1/FASTER~1\libcomm.a(SPI.o)
                0x00009340                SPIClass::beginTransaction(SPISettings)
 .text._ZN8SPIClass14endTransactionEv
                0x000093ac       0x4c C:/Users/Ege/DOCUME~1/MATLAB/R2020b/ARDUIN~1/ARDUIN~1/FASTER~1\libcomm.a(SPI.o)
                0x000093ac                SPIClass::endTransaction()
 .text._ZN8SPIClass8transferEh
                0x000093f8       0x28 C:/Users/Ege/DOCUME~1/MATLAB/R2020b/ARDUIN~1/ARDUIN~1/FASTER~1\libcomm.a(SPI.o)
                0x000093f8                SPIClass::transfer(unsigned char)
 .text._Z41__static_initialization_and_destruction_0ii
                0x00009420       0x78 C:/Users/Ege/DOCUME~1/MATLAB/R2020b/ARDUIN~1/ARDUIN~1/FASTER~1\libcomm.a(SPI.o)
 .text._GLOBAL__sub_I__ZN8SPIClassC2EP6SERCOMhhh14SercomSpiTXPad11SercomRXPad
                0x00009498       0x18 C:/Users/Ege/DOCUME~1/MATLAB/R2020b/ARDUIN~1/ARDUIN~1/FASTER~1\libcomm.a(SPI.o)
 .text.Dummy_Handler
                0x000094b0        0x8 C:/Users/Ege/DOCUME~1/MATLAB/R2020b/ARDUIN~1/ARDUIN~1/FASTER~1\libcore.a(cortex_handlers.o)
                0x000094b0                DMAC_Handler
                0x000094b0                HardFault_Handler
                0x000094b0                AC_Handler
                0x000094b0                PendSV_Handler
                0x000094b0                NMI_Handler
                0x000094b0                TC7_Handler
                0x000094b0                SERCOM1_Handler
                0x000094b0                ADC_Handler
                0x000094b0                TCC1_Handler
                0x000094b0                TCC0_Handler
                0x000094b0                RTC_Handler
                0x000094b0                EIC_Handler
                0x000094b0                TC6_Handler
                0x000094b0                WDT_Handler
                0x000094b0                TC4_Handler
                0x000094b0                TC3_Handler
                0x000094b0                Dummy_Handler
                0x000094b0                PM_Handler
                0x000094b0                TCC2_Handler
                0x000094b0                EVSYS_Handler
                0x000094b0                SERCOM4_Handler
                0x000094b0                I2S_Handler
                0x000094b0                NVMCTRL_Handler
                0x000094b0                SERCOM0_Handler
                0x000094b0                DAC_Handler
                0x000094b0                PTC_Handler
                0x000094b0                SYSCTRL_Handler
 .text.Reset_Handler
                0x000094b8       0x84 C:/Users/Ege/DOCUME~1/MATLAB/R2020b/ARDUIN~1/ARDUIN~1/FASTER~1\libcore.a(cortex_handlers.o)
                0x000094b8                Reset_Handler
 .text.SysTick_Handler
                0x0000953c       0x18 C:/Users/Ege/DOCUME~1/MATLAB/R2020b/ARDUIN~1/ARDUIN~1/FASTER~1\libcore.a(cortex_handlers.o)
                0x0000953c                SysTick_Handler
 .text.USB_Handler
                0x00009554       0x1c C:/Users/Ege/DOCUME~1/MATLAB/R2020b/ARDUIN~1/ARDUIN~1/FASTER~1\libcore.a(cortex_handlers.o)
                0x00009554                USB_Handler
 .text.USB_SetHandler
                0x00009570       0x18 C:/Users/Ege/DOCUME~1/MATLAB/R2020b/ARDUIN~1/ARDUIN~1/FASTER~1\libcore.a(cortex_handlers.o)
                0x00009570                USB_SetHandler
 .text.__empty  0x00009588        0x8 C:/Users/Ege/DOCUME~1/MATLAB/R2020b/ARDUIN~1/ARDUIN~1/FASTER~1\libcore.a(hooks.o)
                0x00009588                yield
 .text.__false  0x00009590        0xc C:/Users/Ege/DOCUME~1/MATLAB/R2020b/ARDUIN~1/ARDUIN~1/FASTER~1\libcore.a(hooks.o)
                0x00009590                sysTickHook
 .text.millis   0x0000959c       0x14 C:/Users/Ege/DOCUME~1/MATLAB/R2020b/ARDUIN~1/ARDUIN~1/FASTER~1\libcore.a(delay.o)
                0x0000959c                millis
 .text.micros   0x000095b0       0x9c C:/Users/Ege/DOCUME~1/MATLAB/R2020b/ARDUIN~1/ARDUIN~1/FASTER~1\libcore.a(delay.o)
                0x000095b0                micros
 .text.delay    0x0000964c       0x58 C:/Users/Ege/DOCUME~1/MATLAB/R2020b/ARDUIN~1/ARDUIN~1/FASTER~1\libcore.a(delay.o)
                0x0000964c                delay
 .text.SysTick_DefaultHandler
                0x000096a4       0x1c C:/Users/Ege/DOCUME~1/MATLAB/R2020b/ARDUIN~1/ARDUIN~1/FASTER~1\libcore.a(delay.o)
                0x000096a4                SysTick_DefaultHandler
 .text.SystemInit
                0x000096c0      0x288 C:/Users/Ege/DOCUME~1/MATLAB/R2020b/ARDUIN~1/ARDUIN~1/FASTER~1\libcore.a(startup.o)
                0x000096c0                SystemInit
 .text.NVIC_SetPriority
                0x00009948       0xe0 C:/Users/Ege/DOCUME~1/MATLAB/R2020b/ARDUIN~1/ARDUIN~1/FASTER~1\libcore.a(wiring.o)
 .text.SysTick_Config
                0x00009a28       0x48 C:/Users/Ege/DOCUME~1/MATLAB/R2020b/ARDUIN~1/ARDUIN~1/FASTER~1\libcore.a(wiring.o)
 .text.init     0x00009a70      0x11c C:/Users/Ege/DOCUME~1/MATLAB/R2020b/ARDUIN~1/ARDUIN~1/FASTER~1\libcore.a(wiring.o)
                0x00009a70                init
 .text.analogReference
                0x00009b8c       0xc0 C:/Users/Ege/DOCUME~1/MATLAB/R2020b/ARDUIN~1/ARDUIN~1/FASTER~1\libcore.a(wiring_analog.o)
                0x00009b8c                analogReference
 .text.pinMode  0x00009c4c      0x244 C:/Users/Ege/DOCUME~1/MATLAB/R2020b/ARDUIN~1/ARDUIN~1/FASTER~1\libcore.a(wiring_digital.o)
                0x00009c4c                pinMode
 .text.digitalWrite
                0x00009e90       0xe0 C:/Users/Ege/DOCUME~1/MATLAB/R2020b/ARDUIN~1/ARDUIN~1/FASTER~1\libcore.a(wiring_digital.o)
                0x00009e90                digitalWrite
 .text.digitalRead
                0x00009f70       0x70 C:/Users/Ege/DOCUME~1/MATLAB/R2020b/ARDUIN~1/ARDUIN~1/FASTER~1\libcore.a(wiring_digital.o)
                0x00009f70                digitalRead
 .text.pinPeripheral
                0x00009fe0      0x280 C:/Users/Ege/DOCUME~1/MATLAB/R2020b/ARDUIN~1/ARDUIN~1/FASTER~1\libcore.a(wiring_private.o)
                0x00009fe0                pinPeripheral
 .text.__cxa_pure_virtual
                0x0000a260        0x8 C:/Users/Ege/DOCUME~1/MATLAB/R2020b/ARDUIN~1/ARDUIN~1/FASTER~1\libcore.a(abi.o)
                0x0000a260                __cxa_pure_virtual
 .text._ZN9PrintableC2Ev
                0x0000a268       0x1c C:/Users/Ege/DOCUME~1/MATLAB/R2020b/ARDUIN~1/ARDUIN~1/FASTER~1\libcore.a(IPAddress.o)
                0x0000a268                Printable::Printable()
                0x0000a268                Printable::Printable()
 .text._ZN9IPAddressC2Ev
                0x0000a284       0x2c C:/Users/Ege/DOCUME~1/MATLAB/R2020b/ARDUIN~1/ARDUIN~1/FASTER~1\libcore.a(IPAddress.o)
                0x0000a284                IPAddress::IPAddress()
                0x0000a284                IPAddress::IPAddress()
 .text._ZN9IPAddressC2Ehhhh
                0x0000a2b0       0x58 C:/Users/Ege/DOCUME~1/MATLAB/R2020b/ARDUIN~1/ARDUIN~1/FASTER~1\libcore.a(IPAddress.o)
                0x0000a2b0                IPAddress::IPAddress(unsigned char, unsigned char, unsigned char, unsigned char)
                0x0000a2b0                IPAddress::IPAddress(unsigned char, unsigned char, unsigned char, unsigned char)
 .text._ZN9IPAddressC2EPKh
                0x0000a308       0x38 C:/Users/Ege/DOCUME~1/MATLAB/R2020b/ARDUIN~1/ARDUIN~1/FASTER~1\libcore.a(IPAddress.o)
                0x0000a308                IPAddress::IPAddress(unsigned char const*)
                0x0000a308                IPAddress::IPAddress(unsigned char const*)
 .text._ZN9IPAddressaSEPKh
                0x0000a340       0x24 C:/Users/Ege/DOCUME~1/MATLAB/R2020b/ARDUIN~1/ARDUIN~1/FASTER~1\libcore.a(IPAddress.o)
                0x0000a340                IPAddress::operator=(unsigned char const*)
 .text._ZNK9IPAddress7printToER5Print
                0x0000a364       0x70 C:/Users/Ege/DOCUME~1/MATLAB/R2020b/ARDUIN~1/ARDUIN~1/FASTER~1\libcore.a(IPAddress.o)
                0x0000a364                IPAddress::printTo(Print&) const
 .text._Z41__static_initialization_and_destruction_0ii
                0x0000a3d4       0x38 C:/Users/Ege/DOCUME~1/MATLAB/R2020b/ARDUIN~1/ARDUIN~1/FASTER~1\libcore.a(IPAddress.o)
 .text._GLOBAL__sub_I__ZN9IPAddressC2Ev
                0x0000a40c       0x18 C:/Users/Ege/DOCUME~1/MATLAB/R2020b/ARDUIN~1/ARDUIN~1/FASTER~1\libcore.a(IPAddress.o)
 .text._ZN5Print5writeEPKc
                0x0000a424       0x3c C:/Users/Ege/DOCUME~1/MATLAB/R2020b/ARDUIN~1/ARDUIN~1/FASTER~1\libcore.a(Print.o)
                0x0000a424                Print::write(char const*)
 .text._ZN5Print5writeEPKhj
                0x0000a460       0x58 C:/Users/Ege/DOCUME~1/MATLAB/R2020b/ARDUIN~1/ARDUIN~1/FASTER~1\libcore.a(Print.o)
                0x0000a460                Print::write(unsigned char const*, unsigned int)
 .text._ZN5Print5printEPKc
                0x0000a4b8       0x20 C:/Users/Ege/DOCUME~1/MATLAB/R2020b/ARDUIN~1/ARDUIN~1/FASTER~1\libcore.a(Print.o)
                0x0000a4b8                Print::print(char const*)
 .text._ZN5Print5printEc
                0x0000a4d8       0x2c C:/Users/Ege/DOCUME~1/MATLAB/R2020b/ARDUIN~1/ARDUIN~1/FASTER~1\libcore.a(Print.o)
                0x0000a4d8                Print::print(char)
 .text._ZN5Print5printEhi
                0x0000a504       0x30 C:/Users/Ege/DOCUME~1/MATLAB/R2020b/ARDUIN~1/ARDUIN~1/FASTER~1\libcore.a(Print.o)
                0x0000a504                Print::print(unsigned char, int)
 .text._ZN5Print5printEmi
                0x0000a534       0x44 C:/Users/Ege/DOCUME~1/MATLAB/R2020b/ARDUIN~1/ARDUIN~1/FASTER~1\libcore.a(Print.o)
                0x0000a534                Print::print(unsigned long, int)
 .text._ZN5Print5printERK9Printable
                0x0000a578       0x24 C:/Users/Ege/DOCUME~1/MATLAB/R2020b/ARDUIN~1/ARDUIN~1/FASTER~1\libcore.a(Print.o)
                0x0000a578                Print::print(Printable const&)
 .text._ZN5Print7printlnEv
                0x0000a59c       0x24 C:/Users/Ege/DOCUME~1/MATLAB/R2020b/ARDUIN~1/ARDUIN~1/FASTER~1\libcore.a(Print.o)
                0x0000a59c                Print::println()
 .text._ZN5Print7printlnEPKc
                0x0000a5c0       0x34 C:/Users/Ege/DOCUME~1/MATLAB/R2020b/ARDUIN~1/ARDUIN~1/FASTER~1\libcore.a(Print.o)
                0x0000a5c0                Print::println(char const*)
 .text._ZN5Print11printNumberEmh
                0x0000a5f4       0xa4 C:/Users/Ege/DOCUME~1/MATLAB/R2020b/ARDUIN~1/ARDUIN~1/FASTER~1\libcore.a(Print.o)
                0x0000a5f4                Print::printNumber(unsigned long, unsigned char)
 .text.NVIC_SystemReset
                0x0000a698       0x20 C:/Users/Ege/DOCUME~1/MATLAB/R2020b/ARDUIN~1/ARDUIN~1/FASTER~1\libcore.a(Reset.o)
 .text.nvmReady
                0x0000a6b8       0x20 C:/Users/Ege/DOCUME~1/MATLAB/R2020b/ARDUIN~1/ARDUIN~1/FASTER~1\libcore.a(Reset.o)
 .text.initiateReset
                0x0000a6d8       0x1c C:/Users/Ege/DOCUME~1/MATLAB/R2020b/ARDUIN~1/ARDUIN~1/FASTER~1\libcore.a(Reset.o)
                0x0000a6d8                initiateReset
 .text.cancelReset
                0x0000a6f4       0x14 C:/Users/Ege/DOCUME~1/MATLAB/R2020b/ARDUIN~1/ARDUIN~1/FASTER~1\libcore.a(Reset.o)
                0x0000a6f4                cancelReset
 .text.tickReset
                0x0000a708       0x30 C:/Users/Ege/DOCUME~1/MATLAB/R2020b/ARDUIN~1/ARDUIN~1/FASTER~1\libcore.a(Reset.o)
                0x0000a708                tickReset
 .text.NVIC_EnableIRQ
                0x0000a738       0x2c C:/Users/Ege/DOCUME~1/MATLAB/R2020b/ARDUIN~1/ARDUIN~1/FASTER~1\libcore.a(SERCOM.o)
 .text.NVIC_SetPriority
                0x0000a764       0xe0 C:/Users/Ege/DOCUME~1/MATLAB/R2020b/ARDUIN~1/ARDUIN~1/FASTER~1\libcore.a(SERCOM.o)
 .text._ZN6SERCOMC2EP6Sercom
                0x0000a844       0x1c C:/Users/Ege/DOCUME~1/MATLAB/R2020b/ARDUIN~1/ARDUIN~1/FASTER~1\libcore.a(SERCOM.o)
                0x0000a844                SERCOM::SERCOM(Sercom*)
                0x0000a844                SERCOM::SERCOM(Sercom*)
 .text._ZN6SERCOM8initUARTE14SercomUartMode20SercomUartSampleRatem
                0x0000a860       0xd8 C:/Users/Ege/DOCUME~1/MATLAB/R2020b/ARDUIN~1/ARDUIN~1/FASTER~1\libcore.a(SERCOM.o)
                0x0000a860                SERCOM::initUART(SercomUartMode, SercomUartSampleRate, unsigned long)
 .text._ZN6SERCOM9initFrameE18SercomUartCharSize15SercomDataOrder16SercomParityMode19SercomNumberStopBit
                0x0000a938       0x80 C:/Users/Ege/DOCUME~1/MATLAB/R2020b/ARDUIN~1/ARDUIN~1/FASTER~1\libcore.a(SERCOM.o)
                0x0000a938                SERCOM::initFrame(SercomUartCharSize, SercomDataOrder, SercomParityMode, SercomNumberStopBit)
 .text._ZN6SERCOM8initPadsE15SercomUartTXPad11SercomRXPad
                0x0000a9b8       0x54 C:/Users/Ege/DOCUME~1/MATLAB/R2020b/ARDUIN~1/ARDUIN~1/FASTER~1\libcore.a(SERCOM.o)
                0x0000a9b8                SERCOM::initPads(SercomUartTXPad, SercomRXPad)
 .text._ZN6SERCOM9resetUARTEv
                0x0000aa0c       0x4c C:/Users/Ege/DOCUME~1/MATLAB/R2020b/ARDUIN~1/ARDUIN~1/FASTER~1\libcore.a(SERCOM.o)
                0x0000aa0c                SERCOM::resetUART()
 .text._ZN6SERCOM10enableUARTEv
                0x0000aa58       0x30 C:/Users/Ege/DOCUME~1/MATLAB/R2020b/ARDUIN~1/ARDUIN~1/FASTER~1\libcore.a(SERCOM.o)
                0x0000aa58                SERCOM::enableUART()
 .text._ZN6SERCOM9flushUARTEv
                0x0000aa88       0x3c C:/Users/Ege/DOCUME~1/MATLAB/R2020b/ARDUIN~1/ARDUIN~1/FASTER~1\libcore.a(SERCOM.o)
                0x0000aa88                SERCOM::flushUART()
 .text._ZN6SERCOM15clearStatusUARTEv
                0x0000aac4       0x18 C:/Users/Ege/DOCUME~1/MATLAB/R2020b/ARDUIN~1/ARDUIN~1/FASTER~1\libcore.a(SERCOM.o)
                0x0000aac4                SERCOM::clearStatusUART()
 .text._ZN6SERCOM17availableDataUARTEv
                0x0000aadc       0x24 C:/Users/Ege/DOCUME~1/MATLAB/R2020b/ARDUIN~1/ARDUIN~1/FASTER~1\libcore.a(SERCOM.o)
                0x0000aadc                SERCOM::availableDataUART()
 .text._ZN6SERCOM11isUARTErrorEv
                0x0000ab00       0x1c C:/Users/Ege/DOCUME~1/MATLAB/R2020b/ARDUIN~1/ARDUIN~1/FASTER~1\libcore.a(SERCOM.o)
                0x0000ab00                SERCOM::isUARTError()
 .text._ZN6SERCOM20acknowledgeUARTErrorEv
                0x0000ab1c       0x1c C:/Users/Ege/DOCUME~1/MATLAB/R2020b/ARDUIN~1/ARDUIN~1/FASTER~1\libcore.a(SERCOM.o)
                0x0000ab1c                SERCOM::acknowledgeUARTError()
 .text._ZN6SERCOM16isFrameErrorUARTEv
                0x0000ab38       0x24 C:/Users/Ege/DOCUME~1/MATLAB/R2020b/ARDUIN~1/ARDUIN~1/FASTER~1\libcore.a(SERCOM.o)
                0x0000ab38                SERCOM::isFrameErrorUART()
 .text._ZN6SERCOM19clearFrameErrorUARTEv
                0x0000ab5c       0x1c C:/Users/Ege/DOCUME~1/MATLAB/R2020b/ARDUIN~1/ARDUIN~1/FASTER~1\libcore.a(SERCOM.o)
                0x0000ab5c                SERCOM::clearFrameErrorUART()
 .text._ZN6SERCOM23isDataRegisterEmptyUARTEv
                0x0000ab78       0x1c C:/Users/Ege/DOCUME~1/MATLAB/R2020b/ARDUIN~1/ARDUIN~1/FASTER~1\libcore.a(SERCOM.o)
                0x0000ab78                SERCOM::isDataRegisterEmptyUART()
 .text._ZN6SERCOM12readDataUARTEv
                0x0000ab94       0x20 C:/Users/Ege/DOCUME~1/MATLAB/R2020b/ARDUIN~1/ARDUIN~1/FASTER~1\libcore.a(SERCOM.o)
                0x0000ab94                SERCOM::readDataUART()
 .text._ZN6SERCOM13writeDataUARTEh
                0x0000abb4       0x3c C:/Users/Ege/DOCUME~1/MATLAB/R2020b/ARDUIN~1/ARDUIN~1/FASTER~1\libcore.a(SERCOM.o)
                0x0000abb4                SERCOM::writeDataUART(unsigned char)
 .text._ZN6SERCOM36enableDataRegisterEmptyInterruptUARTEv
                0x0000abf0       0x18 C:/Users/Ege/DOCUME~1/MATLAB/R2020b/ARDUIN~1/ARDUIN~1/FASTER~1\libcore.a(SERCOM.o)
                0x0000abf0                SERCOM::enableDataRegisterEmptyInterruptUART()
 .text._ZN6SERCOM37disableDataRegisterEmptyInterruptUARTEv
                0x0000ac08       0x18 C:/Users/Ege/DOCUME~1/MATLAB/R2020b/ARDUIN~1/ARDUIN~1/FASTER~1\libcore.a(SERCOM.o)
                0x0000ac08                SERCOM::disableDataRegisterEmptyInterruptUART()
 .text._ZN6SERCOM7initSPIE14SercomSpiTXPad11SercomRXPad17SercomSpiCharSize15SercomDataOrder
                0x0000ac20       0x78 C:/Users/Ege/DOCUME~1/MATLAB/R2020b/ARDUIN~1/ARDUIN~1/FASTER~1\libcore.a(SERCOM.o)
                0x0000ac20                SERCOM::initSPI(SercomSpiTXPad, SercomRXPad, SercomSpiCharSize, SercomDataOrder)
 .text._ZN6SERCOM12initSPIClockE18SercomSpiClockModem
                0x0000ac98       0x70 C:/Users/Ege/DOCUME~1/MATLAB/R2020b/ARDUIN~1/ARDUIN~1/FASTER~1\libcore.a(SERCOM.o)
                0x0000ac98                SERCOM::initSPIClock(SercomSpiClockMode, unsigned long)
 .text._ZN6SERCOM8resetSPIEv
                0x0000ad08       0x4c C:/Users/Ege/DOCUME~1/MATLAB/R2020b/ARDUIN~1/ARDUIN~1/FASTER~1\libcore.a(SERCOM.o)
                0x0000ad08                SERCOM::resetSPI()
 .text._ZN6SERCOM9enableSPIEv
                0x0000ad54       0x30 C:/Users/Ege/DOCUME~1/MATLAB/R2020b/ARDUIN~1/ARDUIN~1/FASTER~1\libcore.a(SERCOM.o)
                0x0000ad54                SERCOM::enableSPI()
 .text._ZN6SERCOM10disableSPIEv
                0x0000ad84       0x30 C:/Users/Ege/DOCUME~1/MATLAB/R2020b/ARDUIN~1/ARDUIN~1/FASTER~1\libcore.a(SERCOM.o)
                0x0000ad84                SERCOM::disableSPI()
 .text._ZN6SERCOM15transferDataSPIEh
                0x0000adb4       0x60 C:/Users/Ege/DOCUME~1/MATLAB/R2020b/ARDUIN~1/ARDUIN~1/FASTER~1\libcore.a(SERCOM.o)
                0x0000adb4                SERCOM::transferDataSPI(unsigned char)
 .text._ZN6SERCOM28calculateBaudrateSynchronousEm
                0x0000ae14       0x2c C:/Users/Ege/DOCUME~1/MATLAB/R2020b/ARDUIN~1/ARDUIN~1/FASTER~1\libcore.a(SERCOM.o)
                0x0000ae14                SERCOM::calculateBaudrateSynchronous(unsigned long)
 .text._ZN6SERCOM13initClockNVICEv
                0x0000ae40      0x138 C:/Users/Ege/DOCUME~1/MATLAB/R2020b/ARDUIN~1/ARDUIN~1/FASTER~1\libcore.a(SERCOM.o)
                0x0000ae40                SERCOM::initClockNVIC()
 .text.NVIC_GetPriority
                0x0000af78       0x78 C:/Users/Ege/DOCUME~1/MATLAB/R2020b/ARDUIN~1/ARDUIN~1/FASTER~1\libcore.a(Uart.o)
 .text._ZN4UartcvbEv
                0x0000aff0       0x14 C:/Users/Ege/DOCUME~1/MATLAB/R2020b/ARDUIN~1/ARDUIN~1/FASTER~1\libcore.a(Uart.o)
                0x0000aff0                Uart::operator bool()
 .text._ZN4UartC2EP6SERCOMhh11SercomRXPad15SercomUartTXPad
                0x0000b004       0x48 C:/Users/Ege/DOCUME~1/MATLAB/R2020b/ARDUIN~1/ARDUIN~1/FASTER~1\libcore.a(Uart.o)
                0x0000b004                Uart::Uart(SERCOM*, unsigned char, unsigned char, SercomRXPad, SercomUartTXPad)
                0x0000b004                Uart::Uart(SERCOM*, unsigned char, unsigned char, SercomRXPad, SercomUartTXPad)
 .text._ZN14HardwareSerialC2Ev
                0x0000b04c       0x24 C:/Users/Ege/DOCUME~1/MATLAB/R2020b/ARDUIN~1/ARDUIN~1/FASTER~1\libcore.a(Uart.o)
                0x0000b04c                HardwareSerial::HardwareSerial()
                0x0000b04c                HardwareSerial::HardwareSerial()
 .text._ZN4UartC2EP6SERCOMhh11SercomRXPad15SercomUartTXPadhh
                0x0000b070       0xa4 C:/Users/Ege/DOCUME~1/MATLAB/R2020b/ARDUIN~1/ARDUIN~1/FASTER~1\libcore.a(Uart.o)
                0x0000b070                Uart::Uart(SERCOM*, unsigned char, unsigned char, SercomRXPad, SercomUartTXPad, unsigned char, unsigned char)
                0x0000b070                Uart::Uart(SERCOM*, unsigned char, unsigned char, SercomRXPad, SercomUartTXPad, unsigned char, unsigned char)
 .text._ZN4Uart5beginEm
                0x0000b114       0x24 C:/Users/Ege/DOCUME~1/MATLAB/R2020b/ARDUIN~1/ARDUIN~1/FASTER~1\libcore.a(Uart.o)
                0x0000b114                Uart::begin(unsigned long)
 .text._ZN4Uart5beginEmt
                0x0000b138      0x1e0 C:/Users/Ege/DOCUME~1/MATLAB/R2020b/ARDUIN~1/ARDUIN~1/FASTER~1\libcore.a(Uart.o)
                0x0000b138                Uart::begin(unsigned long, unsigned short)
 .text._ZN4Uart3endEv
                0x0000b318       0x30 C:/Users/Ege/DOCUME~1/MATLAB/R2020b/ARDUIN~1/ARDUIN~1/FASTER~1\libcore.a(Uart.o)
                0x0000b318                Uart::end()
 .text._ZN4Uart5flushEv
                0x0000b348       0x34 C:/Users/Ege/DOCUME~1/MATLAB/R2020b/ARDUIN~1/ARDUIN~1/FASTER~1\libcore.a(Uart.o)
                0x0000b348                Uart::flush()
 .text._ZN4Uart10IrqHandlerEv
                0x0000b37c      0x118 C:/Users/Ege/DOCUME~1/MATLAB/R2020b/ARDUIN~1/ARDUIN~1/FASTER~1\libcore.a(Uart.o)
                0x0000b37c                Uart::IrqHandler()
 .text._ZN4Uart9availableEv
                0x0000b494       0x1c C:/Users/Ege/DOCUME~1/MATLAB/R2020b/ARDUIN~1/ARDUIN~1/FASTER~1\libcore.a(Uart.o)
                0x0000b494                Uart::available()
 .text._ZN4Uart17availableForWriteEv
                0x0000b4b0       0x20 C:/Users/Ege/DOCUME~1/MATLAB/R2020b/ARDUIN~1/ARDUIN~1/FASTER~1\libcore.a(Uart.o)
                0x0000b4b0                Uart::availableForWrite()
 .text._ZN4Uart4peekEv
                0x0000b4d0       0x1c C:/Users/Ege/DOCUME~1/MATLAB/R2020b/ARDUIN~1/ARDUIN~1/FASTER~1\libcore.a(Uart.o)
                0x0000b4d0                Uart::peek()
 .text._ZN4Uart4readEv
                0x0000b4ec       0x58 C:/Users/Ege/DOCUME~1/MATLAB/R2020b/ARDUIN~1/ARDUIN~1/FASTER~1\libcore.a(Uart.o)
                0x0000b4ec                Uart::read()
 .text._ZN4Uart5writeEh
                0x0000b544       0xfc C:/Users/Ege/DOCUME~1/MATLAB/R2020b/ARDUIN~1/ARDUIN~1/FASTER~1\libcore.a(Uart.o)
                0x0000b544                Uart::write(unsigned char)
 .text._ZN4Uart16extractNbStopBitEt
                0x0000b640       0x28 C:/Users/Ege/DOCUME~1/MATLAB/R2020b/ARDUIN~1/ARDUIN~1/FASTER~1\libcore.a(Uart.o)
                0x0000b640                Uart::extractNbStopBit(unsigned short)
 .text._ZN4Uart15extractCharSizeEt
                0x0000b668       0x48 C:/Users/Ege/DOCUME~1/MATLAB/R2020b/ARDUIN~1/ARDUIN~1/FASTER~1\libcore.a(Uart.o)
                0x0000b668                Uart::extractCharSize(unsigned short)
 .text._ZN4Uart13extractParityEt
                0x0000b6b0       0x30 C:/Users/Ege/DOCUME~1/MATLAB/R2020b/ARDUIN~1/ARDUIN~1/FASTER~1\libcore.a(Uart.o)
                0x0000b6b0                Uart::extractParity(unsigned short)
 .text._ZN11RingBufferNILi256EEC2Ev
                0x0000b6e0       0x2c C:/Users/Ege/DOCUME~1/MATLAB/R2020b/ARDUIN~1/ARDUIN~1/FASTER~1\libcore.a(Uart.o)
                0x0000b6e0                RingBufferN<256>::RingBufferN()
                0x0000b6e0                RingBufferN<256>::RingBufferN()
 .text._ZN11RingBufferNILi256EE5clearEv
                0x0000b70c       0x24 C:/Users/Ege/DOCUME~1/MATLAB/R2020b/ARDUIN~1/ARDUIN~1/FASTER~1\libcore.a(Uart.o)
                0x0000b70c                RingBufferN<256>::clear()
 .text._ZN11RingBufferNILi256EE9availableEv
                0x0000b730       0x34 C:/Users/Ege/DOCUME~1/MATLAB/R2020b/ARDUIN~1/ARDUIN~1/FASTER~1\libcore.a(Uart.o)
                0x0000b730                RingBufferN<256>::available()
 .text._ZN11RingBufferNILi256EE10store_charEh
                0x0000b764       0x5c C:/Users/Ege/DOCUME~1/MATLAB/R2020b/ARDUIN~1/ARDUIN~1/FASTER~1\libcore.a(Uart.o)
                0x0000b764                RingBufferN<256>::store_char(unsigned char)
 .text._ZN11RingBufferNILi256EE17availableForStoreEv
                0x0000b7c0       0x60 C:/Users/Ege/DOCUME~1/MATLAB/R2020b/ARDUIN~1/ARDUIN~1/FASTER~1\libcore.a(Uart.o)
                0x0000b7c0                RingBufferN<256>::availableForStore()
 .text._ZN11RingBufferNILi256EE9read_charEv
                0x0000b820       0x68 C:/Users/Ege/DOCUME~1/MATLAB/R2020b/ARDUIN~1/ARDUIN~1/FASTER~1\libcore.a(Uart.o)
                0x0000b820                RingBufferN<256>::read_char()
 .text._ZN11RingBufferNILi256EE4peekEv
                0x0000b888       0x40 C:/Users/Ege/DOCUME~1/MATLAB/R2020b/ARDUIN~1/ARDUIN~1/FASTER~1\libcore.a(Uart.o)
                0x0000b888                RingBufferN<256>::peek()
 .text._ZN11RingBufferNILi256EE6isFullEv
                0x0000b8c8       0x34 C:/Users/Ege/DOCUME~1/MATLAB/R2020b/ARDUIN~1/ARDUIN~1/FASTER~1\libcore.a(Uart.o)
                0x0000b8c8                RingBufferN<256>::isFull()
 .text._ZN11RingBufferNILi256EE9nextIndexEi
                0x0000b8fc       0x1c C:/Users/Ege/DOCUME~1/MATLAB/R2020b/ARDUIN~1/ARDUIN~1/FASTER~1\libcore.a(Uart.o)
                0x0000b8fc                RingBufferN<256>::nextIndex(int)
 .text._ZN18PluggableUSBModuleC2EhhPm
                0x0000b918       0x4c C:/Users/Ege/DOCUME~1/MATLAB/R2020b/ARDUIN~1/ARDUIN~1/FASTER~1\libcore.a(CDC.o)
                0x0000b918                PluggableUSBModule::PluggableUSBModule(unsigned char, unsigned char, unsigned long*)
                0x0000b918                PluggableUSBModule::PluggableUSBModule(unsigned char, unsigned char, unsigned long*)
 .text._ZN18PluggableUSBModule14handleEndpointEi
                0x0000b964       0x10 C:/Users/Ege/DOCUME~1/MATLAB/R2020b/ARDUIN~1/ARDUIN~1/FASTER~1\libcore.a(CDC.o)
                0x0000b964                PluggableUSBModule::handleEndpoint(int)
 .text._ZN18PluggableUSBModule12getShortNameEPc
                0x0000b974       0x20 C:/Users/Ege/DOCUME~1/MATLAB/R2020b/ARDUIN~1/ARDUIN~1/FASTER~1\libcore.a(CDC.o)
                0x0000b974                PluggableUSBModule::getShortName(char*)
 .text._ZN20USBDevice_SAMD21G18x29epBank0EnableTransferCompleteEh
                0x0000b994       0x30 C:/Users/Ege/DOCUME~1/MATLAB/R2020b/ARDUIN~1/ARDUIN~1/FASTER~1\libcore.a(CDC.o)
                0x0000b994                USBDevice_SAMD21G18x::epBank0EnableTransferComplete(unsigned char)
 .text._ZN20USBDevice_SAMD21G18x29epBank1EnableTransferCompleteEh
                0x0000b9c4       0x30 C:/Users/Ege/DOCUME~1/MATLAB/R2020b/ARDUIN~1/ARDUIN~1/FASTER~1\libcore.a(CDC.o)
                0x0000b9c4                USBDevice_SAMD21G18x::epBank1EnableTransferComplete(unsigned char)
 .text._ZN7Serial_12getInterfaceEPh
                0x0000b9f4      0x254 C:/Users/Ege/DOCUME~1/MATLAB/R2020b/ARDUIN~1/ARDUIN~1/FASTER~1\libcore.a(CDC.o)
                0x0000b9f4                Serial_::getInterface(unsigned char*)
 .text._ZThn16_N7Serial_12getInterfaceEPh
                0x0000bc48       0x10 C:/Users/Ege/DOCUME~1/MATLAB/R2020b/ARDUIN~1/ARDUIN~1/FASTER~1\libcore.a(CDC.o)
                0x0000bc48                non-virtual thunk to Serial_::getInterface(unsigned char*)
 .text._ZN7Serial_13getDescriptorER8USBSetup
                0x0000bc58       0x14 C:/Users/Ege/DOCUME~1/MATLAB/R2020b/ARDUIN~1/ARDUIN~1/FASTER~1\libcore.a(CDC.o)
                0x0000bc58                Serial_::getDescriptor(USBSetup&)
 .text._ZThn16_N7Serial_13getDescriptorER8USBSetup
                0x0000bc6c       0x10 C:/Users/Ege/DOCUME~1/MATLAB/R2020b/ARDUIN~1/ARDUIN~1/FASTER~1\libcore.a(CDC.o)
                0x0000bc6c                non-virtual thunk to Serial_::getDescriptor(USBSetup&)
 .text._ZL5utox8mPc
                0x0000bc7c       0x54 C:/Users/Ege/DOCUME~1/MATLAB/R2020b/ARDUIN~1/ARDUIN~1/FASTER~1\libcore.a(CDC.o)
 .text._ZN7Serial_12getShortNameEPc
                0x0000bcd0       0x64 C:/Users/Ege/DOCUME~1/MATLAB/R2020b/ARDUIN~1/ARDUIN~1/FASTER~1\libcore.a(CDC.o)
                0x0000bcd0                Serial_::getShortName(char*)
 .text._ZThn16_N7Serial_12getShortNameEPc
                0x0000bd34       0x10 C:/Users/Ege/DOCUME~1/MATLAB/R2020b/ARDUIN~1/ARDUIN~1/FASTER~1\libcore.a(CDC.o)
                0x0000bd34                non-virtual thunk to Serial_::getShortName(char*)
 .text._ZN7Serial_14handleEndpointEi
                0x0000bd44       0x10 C:/Users/Ege/DOCUME~1/MATLAB/R2020b/ARDUIN~1/ARDUIN~1/FASTER~1\libcore.a(CDC.o)
                0x0000bd44                Serial_::handleEndpoint(int)
 .text._ZThn16_N7Serial_14handleEndpointEi
                0x0000bd54       0x10 C:/Users/Ege/DOCUME~1/MATLAB/R2020b/ARDUIN~1/ARDUIN~1/FASTER~1\libcore.a(CDC.o)
                0x0000bd54                non-virtual thunk to Serial_::handleEndpoint(int)
 .text._ZN7Serial_5setupER8USBSetup
                0x0000bd64      0x128 C:/Users/Ege/DOCUME~1/MATLAB/R2020b/ARDUIN~1/ARDUIN~1/FASTER~1\libcore.a(CDC.o)
                0x0000bd64                Serial_::setup(USBSetup&)
 .text._ZThn16_N7Serial_5setupER8USBSetup
                0x0000be8c       0x10 C:/Users/Ege/DOCUME~1/MATLAB/R2020b/ARDUIN~1/ARDUIN~1/FASTER~1\libcore.a(CDC.o)
                0x0000be8c                non-virtual thunk to Serial_::setup(USBSetup&)
 .text._ZN7Serial_C2ER14USBDeviceClass
                0x0000be9c       0x78 C:/Users/Ege/DOCUME~1/MATLAB/R2020b/ARDUIN~1/ARDUIN~1/FASTER~1\libcore.a(CDC.o)
                0x0000be9c                Serial_::Serial_(USBDeviceClass&)
                0x0000be9c                Serial_::Serial_(USBDeviceClass&)
 .text._ZN7Serial_15enableInterruptEv
                0x0000bf14       0x34 C:/Users/Ege/DOCUME~1/MATLAB/R2020b/ARDUIN~1/ARDUIN~1/FASTER~1\libcore.a(CDC.o)
                0x0000bf14                Serial_::enableInterrupt()
 .text._ZN7Serial_5beginEm
                0x0000bf48       0x10 C:/Users/Ege/DOCUME~1/MATLAB/R2020b/ARDUIN~1/ARDUIN~1/FASTER~1\libcore.a(CDC.o)
                0x0000bf48                Serial_::begin(unsigned long)
 .text._ZN7Serial_9availableEv
                0x0000bf58       0x38 C:/Users/Ege/DOCUME~1/MATLAB/R2020b/ARDUIN~1/ARDUIN~1/FASTER~1\libcore.a(CDC.o)
                0x0000bf58                Serial_::available()
 .text._ZN7Serial_17availableForWriteEv
                0x0000bf90       0x14 C:/Users/Ege/DOCUME~1/MATLAB/R2020b/ARDUIN~1/ARDUIN~1/FASTER~1\libcore.a(CDC.o)
                0x0000bf90                Serial_::availableForWrite()
 .text._ZN7Serial_4peekEv
                0x0000bfa4       0x3c C:/Users/Ege/DOCUME~1/MATLAB/R2020b/ARDUIN~1/ARDUIN~1/FASTER~1\libcore.a(CDC.o)
                0x0000bfa4                Serial_::peek()
 .text._ZN7Serial_4readEv
                0x0000bfe0       0x44 C:/Users/Ege/DOCUME~1/MATLAB/R2020b/ARDUIN~1/ARDUIN~1/FASTER~1\libcore.a(CDC.o)
                0x0000bfe0                Serial_::read()
 .text._ZN7Serial_5flushEv
                0x0000c024       0x20 C:/Users/Ege/DOCUME~1/MATLAB/R2020b/ARDUIN~1/ARDUIN~1/FASTER~1\libcore.a(CDC.o)
                0x0000c024                Serial_::flush()
 .text._ZN7Serial_5clearEv
                0x0000c044       0x20 C:/Users/Ege/DOCUME~1/MATLAB/R2020b/ARDUIN~1/ARDUIN~1/FASTER~1\libcore.a(CDC.o)
                0x0000c044                Serial_::clear()
 .text._ZN7Serial_5writeEPKhj
                0x0000c064       0x44 C:/Users/Ege/DOCUME~1/MATLAB/R2020b/ARDUIN~1/ARDUIN~1/FASTER~1\libcore.a(CDC.o)
                0x0000c064                Serial_::write(unsigned char const*, unsigned int)
 .text._ZN7Serial_5writeEh
                0x0000c0a8       0x2c C:/Users/Ege/DOCUME~1/MATLAB/R2020b/ARDUIN~1/ARDUIN~1/FASTER~1\libcore.a(CDC.o)
                0x0000c0a8                Serial_::write(unsigned char)
 .text._ZN7Serial_cvbEv
                0x0000c0d4       0x5c C:/Users/Ege/DOCUME~1/MATLAB/R2020b/ARDUIN~1/ARDUIN~1/FASTER~1\libcore.a(CDC.o)
                0x0000c0d4                Serial_::operator bool()
 .text._Z41__static_initialization_and_destruction_0ii
                0x0000c130       0x38 C:/Users/Ege/DOCUME~1/MATLAB/R2020b/ARDUIN~1/ARDUIN~1/FASTER~1\libcore.a(CDC.o)
 .text._GLOBAL__sub_I__ZN7Serial_12getInterfaceEPh
                0x0000c168       0x18 C:/Users/Ege/DOCUME~1/MATLAB/R2020b/ARDUIN~1/ARDUIN~1/FASTER~1\libcore.a(CDC.o)
 .text._ZN13PluggableUSB_12getInterfaceEPh
                0x0000c180       0x58 C:/Users/Ege/DOCUME~1/MATLAB/R2020b/ARDUIN~1/ARDUIN~1/FASTER~1\libcore.a(PluggableUSB.o)
                0x0000c180                PluggableUSB_::getInterface(unsigned char*)
 .text._ZN13PluggableUSB_13getDescriptorER8USBSetup
                0x0000c1d8       0x48 C:/Users/Ege/DOCUME~1/MATLAB/R2020b/ARDUIN~1/ARDUIN~1/FASTER~1\libcore.a(PluggableUSB.o)
                0x0000c1d8                PluggableUSB_::getDescriptor(USBSetup&)
 .text._ZN13PluggableUSB_12getShortNameEPc
                0x0000c220       0x74 C:/Users/Ege/DOCUME~1/MATLAB/R2020b/ARDUIN~1/ARDUIN~1/FASTER~1\libcore.a(PluggableUSB.o)
                0x0000c220                PluggableUSB_::getShortName(char*)
 .text._ZN13PluggableUSB_5setupER8USBSetup
                0x0000c294       0x44 C:/Users/Ege/DOCUME~1/MATLAB/R2020b/ARDUIN~1/ARDUIN~1/FASTER~1\libcore.a(PluggableUSB.o)
                0x0000c294                PluggableUSB_::setup(USBSetup&)
 .text._ZN13PluggableUSB_14handleEndpointEi
                0x0000c2d8       0x38 C:/Users/Ege/DOCUME~1/MATLAB/R2020b/ARDUIN~1/ARDUIN~1/FASTER~1\libcore.a(PluggableUSB.o)
                0x0000c2d8                PluggableUSB_::handleEndpoint(int)
 .text._ZN13PluggableUSB_4plugEP18PluggableUSBModule
                0x0000c310       0xc8 C:/Users/Ege/DOCUME~1/MATLAB/R2020b/ARDUIN~1/ARDUIN~1/FASTER~1\libcore.a(PluggableUSB.o)
                0x0000c310                PluggableUSB_::plug(PluggableUSBModule*)
 .text._Z12PluggableUSBv
                0x0000c3d8       0x2c C:/Users/Ege/DOCUME~1/MATLAB/R2020b/ARDUIN~1/ARDUIN~1/FASTER~1\libcore.a(PluggableUSB.o)
                0x0000c3d8                PluggableUSB()
 .text._ZN13PluggableUSB_C2Ev
                0x0000c404       0x24 C:/Users/Ege/DOCUME~1/MATLAB/R2020b/ARDUIN~1/ARDUIN~1/FASTER~1\libcore.a(PluggableUSB.o)
                0x0000c404                PluggableUSB_::PluggableUSB_()
                0x0000c404                PluggableUSB_::PluggableUSB_()
 .text.NVIC_EnableIRQ
                0x0000c428       0x2c C:/Users/Ege/DOCUME~1/MATLAB/R2020b/ARDUIN~1/ARDUIN~1/FASTER~1\libcore.a(USBCore.o)
 .text.NVIC_SetPriority
                0x0000c454       0xe0 C:/Users/Ege/DOCUME~1/MATLAB/R2020b/ARDUIN~1/ARDUIN~1/FASTER~1\libcore.a(USBCore.o)
 .text._ZN14USBDeviceClassC2Ev
                0x0000c534       0x14 C:/Users/Ege/DOCUME~1/MATLAB/R2020b/ARDUIN~1/ARDUIN~1/FASTER~1\libcore.a(USBCore.o)
                0x0000c534                USBDeviceClass::USBDeviceClass()
                0x0000c534                USBDeviceClass::USBDeviceClass()
 .text._ZN20USBDevice_SAMD21G18xC2Ev
                0x0000c548       0x1c C:/Users/Ege/DOCUME~1/MATLAB/R2020b/ARDUIN~1/ARDUIN~1/FASTER~1\libcore.a(USBCore.o)
                0x0000c548                USBDevice_SAMD21G18x::USBDevice_SAMD21G18x()
                0x0000c548                USBDevice_SAMD21G18x::USBDevice_SAMD21G18x()
 .text._ZN20USBDevice_SAMD21G18x6enableEv
                0x0000c564       0x1c C:/Users/Ege/DOCUME~1/MATLAB/R2020b/ARDUIN~1/ARDUIN~1/FASTER~1\libcore.a(USBCore.o)
                0x0000c564                USBDevice_SAMD21G18x::enable()
 .text._ZN20USBDevice_SAMD21G18x16setUSBDeviceModeEv
                0x0000c580       0x1c C:/Users/Ege/DOCUME~1/MATLAB/R2020b/ARDUIN~1/ARDUIN~1/FASTER~1\libcore.a(USBCore.o)
                0x0000c580                USBDevice_SAMD21G18x::setUSBDeviceMode()
 .text._ZN20USBDevice_SAMD21G18x12runInStandbyEv
                0x0000c59c       0x1c C:/Users/Ege/DOCUME~1/MATLAB/R2020b/ARDUIN~1/ARDUIN~1/FASTER~1\libcore.a(USBCore.o)
                0x0000c59c                USBDevice_SAMD21G18x::runInStandby()
 .text._ZN20USBDevice_SAMD21G18x12setFullSpeedEv
                0x0000c5b8       0x1c C:/Users/Ege/DOCUME~1/MATLAB/R2020b/ARDUIN~1/ARDUIN~1/FASTER~1\libcore.a(USBCore.o)
                0x0000c5b8                USBDevice_SAMD21G18x::setFullSpeed()
 .text._ZN20USBDevice_SAMD21G18x6attachEv
                0x0000c5d4       0x1c C:/Users/Ege/DOCUME~1/MATLAB/R2020b/ARDUIN~1/ARDUIN~1/FASTER~1\libcore.a(USBCore.o)
                0x0000c5d4                USBDevice_SAMD21G18x::attach()
 .text._ZN20USBDevice_SAMD21G18x21isEndOfResetInterruptEv
                0x0000c5f0       0x24 C:/Users/Ege/DOCUME~1/MATLAB/R2020b/ARDUIN~1/ARDUIN~1/FASTER~1\libcore.a(USBCore.o)
                0x0000c5f0                USBDevice_SAMD21G18x::isEndOfResetInterrupt()
 .text._ZN20USBDevice_SAMD21G18x22ackEndOfResetInterruptEv
                0x0000c614       0x18 C:/Users/Ege/DOCUME~1/MATLAB/R2020b/ARDUIN~1/ARDUIN~1/FASTER~1\libcore.a(USBCore.o)
                0x0000c614                USBDevice_SAMD21G18x::ackEndOfResetInterrupt()
 .text._ZN20USBDevice_SAMD21G18x25enableEndOfResetInterruptEv
                0x0000c62c       0x1c C:/Users/Ege/DOCUME~1/MATLAB/R2020b/ARDUIN~1/ARDUIN~1/FASTER~1\libcore.a(USBCore.o)
                0x0000c62c                USBDevice_SAMD21G18x::enableEndOfResetInterrupt()
 .text._ZN20USBDevice_SAMD21G18x23isStartOfFrameInterruptEv
                0x0000c648       0x24 C:/Users/Ege/DOCUME~1/MATLAB/R2020b/ARDUIN~1/ARDUIN~1/FASTER~1\libcore.a(USBCore.o)
                0x0000c648                USBDevice_SAMD21G18x::isStartOfFrameInterrupt()
 .text._ZN20USBDevice_SAMD21G18x24ackStartOfFrameInterruptEv
                0x0000c66c       0x18 C:/Users/Ege/DOCUME~1/MATLAB/R2020b/ARDUIN~1/ARDUIN~1/FASTER~1\libcore.a(USBCore.o)
                0x0000c66c                USBDevice_SAMD21G18x::ackStartOfFrameInterrupt()
 .text._ZN20USBDevice_SAMD21G18x27enableStartOfFrameInterruptEv
                0x0000c684       0x1c C:/Users/Ege/DOCUME~1/MATLAB/R2020b/ARDUIN~1/ARDUIN~1/FASTER~1\libcore.a(USBCore.o)
                0x0000c684                USBDevice_SAMD21G18x::enableStartOfFrameInterrupt()
 .text._ZN20USBDevice_SAMD21G18x14epBank0SetTypeEhh
                0x0000c6a0       0x3c C:/Users/Ege/DOCUME~1/MATLAB/R2020b/ARDUIN~1/ARDUIN~1/FASTER~1\libcore.a(USBCore.o)
                0x0000c6a0                USBDevice_SAMD21G18x::epBank0SetType(unsigned char, unsigned char)
 .text._ZN20USBDevice_SAMD21G18x14epBank1SetTypeEhh
                0x0000c6dc       0x3c C:/Users/Ege/DOCUME~1/MATLAB/R2020b/ARDUIN~1/ARDUIN~1/FASTER~1\libcore.a(USBCore.o)
                0x0000c6dc                USBDevice_SAMD21G18x::epBank1SetType(unsigned char, unsigned char)
 .text._ZN20USBDevice_SAMD21G18x22epHasPendingInterruptsEh
                0x0000c718       0x30 C:/Users/Ege/DOCUME~1/MATLAB/R2020b/ARDUIN~1/ARDUIN~1/FASTER~1\libcore.a(USBCore.o)
                0x0000c718                USBDevice_SAMD21G18x::epHasPendingInterrupts(unsigned char)
 .text._ZN20USBDevice_SAMD21G18x22epBank0IsSetupReceivedEh
                0x0000c748       0x34 C:/Users/Ege/DOCUME~1/MATLAB/R2020b/ARDUIN~1/ARDUIN~1/FASTER~1\libcore.a(USBCore.o)
                0x0000c748                USBDevice_SAMD21G18x::epBank0IsSetupReceived(unsigned char)
 .text._ZN20USBDevice_SAMD21G18x16epBank0IsStalledEh
                0x0000c77c       0x34 C:/Users/Ege/DOCUME~1/MATLAB/R2020b/ARDUIN~1/ARDUIN~1/FASTER~1\libcore.a(USBCore.o)
                0x0000c77c                USBDevice_SAMD21G18x::epBank0IsStalled(unsigned char)
 .text._ZN20USBDevice_SAMD21G18x16epBank1IsStalledEh
                0x0000c7b0       0x34 C:/Users/Ege/DOCUME~1/MATLAB/R2020b/ARDUIN~1/ARDUIN~1/FASTER~1\libcore.a(USBCore.o)
                0x0000c7b0                USBDevice_SAMD21G18x::epBank1IsStalled(unsigned char)
 .text._ZN20USBDevice_SAMD21G18x25epBank0IsTransferCompleteEh
                0x0000c7e4       0x2c C:/Users/Ege/DOCUME~1/MATLAB/R2020b/ARDUIN~1/ARDUIN~1/FASTER~1\libcore.a(USBCore.o)
                0x0000c7e4                USBDevice_SAMD21G18x::epBank0IsTransferComplete(unsigned char)
 .text._ZN20USBDevice_SAMD21G18x25epBank1IsTransferCompleteEh
                0x0000c810       0x34 C:/Users/Ege/DOCUME~1/MATLAB/R2020b/ARDUIN~1/ARDUIN~1/FASTER~1\libcore.a(USBCore.o)
                0x0000c810                USBDevice_SAMD21G18x::epBank1IsTransferComplete(unsigned char)
 .text._ZN20USBDevice_SAMD21G18x22epAckPendingInterruptsEh
                0x0000c844       0x28 C:/Users/Ege/DOCUME~1/MATLAB/R2020b/ARDUIN~1/ARDUIN~1/FASTER~1\libcore.a(USBCore.o)
                0x0000c844                USBDevice_SAMD21G18x::epAckPendingInterrupts(unsigned char)
 .text._ZN20USBDevice_SAMD21G18x26epBank0AckTransferCompleteEh
                0x0000c86c       0x28 C:/Users/Ege/DOCUME~1/MATLAB/R2020b/ARDUIN~1/ARDUIN~1/FASTER~1\libcore.a(USBCore.o)
                0x0000c86c                USBDevice_SAMD21G18x::epBank0AckTransferComplete(unsigned char)
 .text._ZN20USBDevice_SAMD21G18x26epBank1AckTransferCompleteEh
                0x0000c894       0x28 C:/Users/Ege/DOCUME~1/MATLAB/R2020b/ARDUIN~1/ARDUIN~1/FASTER~1\libcore.a(USBCore.o)
                0x0000c894                USBDevice_SAMD21G18x::epBank1AckTransferComplete(unsigned char)
 .text._ZN20USBDevice_SAMD21G18x26epBank0EnableSetupReceivedEh
                0x0000c8bc       0x30 C:/Users/Ege/DOCUME~1/MATLAB/R2020b/ARDUIN~1/ARDUIN~1/FASTER~1\libcore.a(USBCore.o)
                0x0000c8bc                USBDevice_SAMD21G18x::epBank0EnableSetupReceived(unsigned char)
 .text._ZN20USBDevice_SAMD21G18x21epBank0DisableStalledEh
                0x0000c8ec       0x30 C:/Users/Ege/DOCUME~1/MATLAB/R2020b/ARDUIN~1/ARDUIN~1/FASTER~1\libcore.a(USBCore.o)
                0x0000c8ec                USBDevice_SAMD21G18x::epBank0DisableStalled(unsigned char)
 .text._ZN20USBDevice_SAMD21G18x21epBank1DisableStalledEh
                0x0000c91c       0x30 C:/Users/Ege/DOCUME~1/MATLAB/R2020b/ARDUIN~1/ARDUIN~1/FASTER~1\libcore.a(USBCore.o)
                0x0000c91c                USBDevice_SAMD21G18x::epBank1DisableStalled(unsigned char)
 .text._ZN20USBDevice_SAMD21G18x30epBank0DisableTransferCompleteEh
                0x0000c94c       0x30 C:/Users/Ege/DOCUME~1/MATLAB/R2020b/ARDUIN~1/ARDUIN~1/FASTER~1\libcore.a(USBCore.o)
                0x0000c94c                USBDevice_SAMD21G18x::epBank0DisableTransferComplete(unsigned char)
 .text._ZN20USBDevice_SAMD21G18x14epBank0IsReadyEh
                0x0000c97c       0x34 C:/Users/Ege/DOCUME~1/MATLAB/R2020b/ARDUIN~1/ARDUIN~1/FASTER~1\libcore.a(USBCore.o)
                0x0000c97c                USBDevice_SAMD21G18x::epBank0IsReady(unsigned char)
 .text._ZN20USBDevice_SAMD21G18x14epBank1IsReadyEh
                0x0000c9b0       0x2c C:/Users/Ege/DOCUME~1/MATLAB/R2020b/ARDUIN~1/ARDUIN~1/FASTER~1\libcore.a(USBCore.o)
                0x0000c9b0                USBDevice_SAMD21G18x::epBank1IsReady(unsigned char)
 .text._ZN20USBDevice_SAMD21G18x15epBank1SetReadyEh
                0x0000c9dc       0x2c C:/Users/Ege/DOCUME~1/MATLAB/R2020b/ARDUIN~1/ARDUIN~1/FASTER~1\libcore.a(USBCore.o)
                0x0000c9dc                USBDevice_SAMD21G18x::epBank1SetReady(unsigned char)
 .text._ZN20USBDevice_SAMD21G18x17epBank0ResetReadyEh
                0x0000ca08       0x2c C:/Users/Ege/DOCUME~1/MATLAB/R2020b/ARDUIN~1/ARDUIN~1/FASTER~1\libcore.a(USBCore.o)
                0x0000ca08                USBDevice_SAMD21G18x::epBank0ResetReady(unsigned char)
 .text._ZN20USBDevice_SAMD21G18x16epBank0ByteCountEh
                0x0000ca34       0x28 C:/Users/Ege/DOCUME~1/MATLAB/R2020b/ARDUIN~1/ARDUIN~1/FASTER~1\libcore.a(USBCore.o)
                0x0000ca34                USBDevice_SAMD21G18x::epBank0ByteCount(unsigned char)
 .text._ZN20USBDevice_SAMD21G18x19epBank0SetByteCountEht
                0x0000ca5c       0x38 C:/Users/Ege/DOCUME~1/MATLAB/R2020b/ARDUIN~1/ARDUIN~1/FASTER~1\libcore.a(USBCore.o)
                0x0000ca5c                USBDevice_SAMD21G18x::epBank0SetByteCount(unsigned char, unsigned short)
 .text._ZN20USBDevice_SAMD21G18x19epBank1SetByteCountEht
                0x0000ca94       0x3c C:/Users/Ege/DOCUME~1/MATLAB/R2020b/ARDUIN~1/ARDUIN~1/FASTER~1\libcore.a(USBCore.o)
                0x0000ca94                USBDevice_SAMD21G18x::epBank1SetByteCount(unsigned char, unsigned short)
 .text._ZN20USBDevice_SAMD21G18x25epBank0SetMultiPacketSizeEht
                0x0000cad0       0x40 C:/Users/Ege/DOCUME~1/MATLAB/R2020b/ARDUIN~1/ARDUIN~1/FASTER~1\libcore.a(USBCore.o)
                0x0000cad0                USBDevice_SAMD21G18x::epBank0SetMultiPacketSize(unsigned char, unsigned short)
 .text._ZN20USBDevice_SAMD21G18x25epBank1SetMultiPacketSizeEht
                0x0000cb10       0x40 C:/Users/Ege/DOCUME~1/MATLAB/R2020b/ARDUIN~1/ARDUIN~1/FASTER~1\libcore.a(USBCore.o)
                0x0000cb10                USBDevice_SAMD21G18x::epBank1SetMultiPacketSize(unsigned char, unsigned short)
 .text._ZN20USBDevice_SAMD21G18x17epBank0SetAddressEhPv
                0x0000cb50       0x28 C:/Users/Ege/DOCUME~1/MATLAB/R2020b/ARDUIN~1/ARDUIN~1/FASTER~1\libcore.a(USBCore.o)
                0x0000cb50                USBDevice_SAMD21G18x::epBank0SetAddress(unsigned char, void*)
 .text._ZN20USBDevice_SAMD21G18x17epBank1SetAddressEhPv
                0x0000cb78       0x2c C:/Users/Ege/DOCUME~1/MATLAB/R2020b/ARDUIN~1/ARDUIN~1/FASTER~1\libcore.a(USBCore.o)
                0x0000cb78                USBDevice_SAMD21G18x::epBank1SetAddress(unsigned char, void*)
 .text._ZN20USBDevice_SAMD21G18x14epBank0SetSizeEht
                0x0000cba4       0x4c C:/Users/Ege/DOCUME~1/MATLAB/R2020b/ARDUIN~1/ARDUIN~1/FASTER~1\libcore.a(USBCore.o)
                0x0000cba4                USBDevice_SAMD21G18x::epBank0SetSize(unsigned char, unsigned short)
 .text._ZN20USBDevice_SAMD21G18x14epBank1SetSizeEht
                0x0000cbf0       0x50 C:/Users/Ege/DOCUME~1/MATLAB/R2020b/ARDUIN~1/ARDUIN~1/FASTER~1\libcore.a(USBCore.o)
                0x0000cbf0                USBDevice_SAMD21G18x::epBank1SetSize(unsigned char, unsigned short)
 .text._ZN20USBDevice_SAMD21G18x15EP_PCKSIZE_SIZEEt
                0x0000cc40       0x7c C:/Users/Ege/DOCUME~1/MATLAB/R2020b/ARDUIN~1/ARDUIN~1/FASTER~1\libcore.a(USBCore.o)
                0x0000cc40                USBDevice_SAMD21G18x::EP_PCKSIZE_SIZE(unsigned short)
 .text._ZN20USBDevice_SAMD21G18x20epBank1EnableAutoZLPEh
                0x0000ccbc       0x2c C:/Users/Ege/DOCUME~1/MATLAB/R2020b/ARDUIN~1/ARDUIN~1/FASTER~1\libcore.a(USBCore.o)
                0x0000ccbc                USBDevice_SAMD21G18x::epBank1EnableAutoZLP(unsigned char)
 .text._ZN20USBDevice_SAMD21G18x17epReleaseOutBank0Eht
                0x0000cce8       0x48 C:/Users/Ege/DOCUME~1/MATLAB/R2020b/ARDUIN~1/ARDUIN~1/FASTER~1\libcore.a(USBCore.o)
                0x0000cce8                USBDevice_SAMD21G18x::epReleaseOutBank0(unsigned char, unsigned short)
 .text._ZN20USBDevice_SAMD21G18x5resetEv
                0x0000cd30       0x48 C:/Users/Ege/DOCUME~1/MATLAB/R2020b/ARDUIN~1/ARDUIN~1/FASTER~1\libcore.a(USBCore.o)
                0x0000cd30                USBDevice_SAMD21G18x::reset()
 .text._ZN20USBDevice_SAMD21G18x9calibrateEv
                0x0000cd78       0xcc C:/Users/Ege/DOCUME~1/MATLAB/R2020b/ARDUIN~1/ARDUIN~1/FASTER~1\libcore.a(USBCore.o)
                0x0000cd78                USBDevice_SAMD21G18x::calibrate()
 .text._ZN7__GuardC2Ev
                0x0000ce44       0x28 C:/Users/Ege/DOCUME~1/MATLAB/R2020b/ARDUIN~1/ARDUIN~1/FASTER~1\libcore.a(USBCore.o)
                0x0000ce44                __Guard::__Guard()
                0x0000ce44                __Guard::__Guard()
 .text._ZN7__GuardD2Ev
                0x0000ce6c       0x20 C:/Users/Ege/DOCUME~1/MATLAB/R2020b/ARDUIN~1/ARDUIN~1/FASTER~1\libcore.a(USBCore.o)
                0x0000ce6c                __Guard::~__Guard()
                0x0000ce6c                __Guard::~__Guard()
 .text._ZN7__Guard5enterEv
                0x0000ce8c       0x1c C:/Users/Ege/DOCUME~1/MATLAB/R2020b/ARDUIN~1/ARDUIN~1/FASTER~1\libcore.a(USBCore.o)
                0x0000ce8c                __Guard::enter()
 .text._ZN9EPHandlerC2Ev
                0x0000cea8       0x1c C:/Users/Ege/DOCUME~1/MATLAB/R2020b/ARDUIN~1/ARDUIN~1/FASTER~1\libcore.a(USBCore.o)
                0x0000cea8                EPHandler::EPHandler()
                0x0000cea8                EPHandler::EPHandler()